[2025-09-15T08:57:10.316+0000] {local_task_job_runner.py:120} INFO - ::group::Pre task execution logs
[2025-09-15T08:57:10.351+0000] {taskinstance.py:2073} INFO - Dependencies all met for dep_context=non-requeueable deps ti=<TaskInstance: bike_hour_pipeline.clean_hour_data scheduled__2025-09-13T00:00:00+00:00 [queued]>
[2025-09-15T08:57:10.359+0000] {taskinstance.py:2073} INFO - Dependencies all met for dep_context=requeueable deps ti=<TaskInstance: bike_hour_pipeline.clean_hour_data scheduled__2025-09-13T00:00:00+00:00 [queued]>
[2025-09-15T08:57:10.360+0000] {taskinstance.py:2303} INFO - Starting attempt 2 of 2
[2025-09-15T08:57:10.373+0000] {taskinstance.py:2327} INFO - Executing <Task(PythonOperator): clean_hour_data> on 2025-09-13 00:00:00+00:00
[2025-09-15T08:57:10.382+0000] {logging_mixin.py:188} WARNING - /home/***/.local/lib/python3.12/site-packages/***/task/task_runner/standard_task_runner.py:61 DeprecationWarning: This process (pid=9583) is multi-threaded, use of fork() may lead to deadlocks in the child.
[2025-09-15T08:57:10.381+0000] {standard_task_runner.py:90} INFO - Running: ['***', 'tasks', 'run', 'bike_hour_pipeline', 'clean_hour_data', 'scheduled__2025-09-13T00:00:00+00:00', '--job-id', '14', '--raw', '--subdir', 'DAGS_FOLDER/bike_hour_dag.py', '--cfg-path', '/tmp/tmplpkz20ow']
[2025-09-15T08:57:10.383+0000] {standard_task_runner.py:63} INFO - Started process 9585 to run task
[2025-09-15T08:57:10.384+0000] {standard_task_runner.py:91} INFO - Job 14: Subtask clean_hour_data
[2025-09-15T08:57:10.401+0000] {logging_mixin.py:188} WARNING - /home/***/.local/lib/python3.12/site-packages/***/settings.py:195 DeprecationWarning: The sql_alchemy_conn option in [core] has been moved to the sql_alchemy_conn option in [database] - the old setting has been used, but please update your config.
[2025-09-15T08:57:10.463+0000] {task_command.py:426} INFO - Running <TaskInstance: bike_hour_pipeline.clean_hour_data scheduled__2025-09-13T00:00:00+00:00 [running]> on host a8f1cc65ca9c
[2025-09-15T08:57:10.571+0000] {taskinstance.py:2644} INFO - Exporting env vars: AIRFLOW_CTX_DAG_OWNER='datnguyen' AIRFLOW_CTX_DAG_ID='bike_hour_pipeline' AIRFLOW_CTX_TASK_ID='clean_hour_data' AIRFLOW_CTX_EXECUTION_DATE='2025-09-13T00:00:00+00:00' AIRFLOW_CTX_TRY_NUMBER='2' AIRFLOW_CTX_DAG_RUN_ID='scheduled__2025-09-13T00:00:00+00:00'
[2025-09-15T08:57:10.572+0000] {taskinstance.py:430} INFO - ::endgroup::
[2025-09-15T08:57:10.704+0000] {taskinstance.py:441} INFO - ::group::Post task execution logs
[2025-09-15T08:57:10.707+0000] {taskinstance.py:2890} ERROR - Task failed with exception
Traceback (most recent call last):
  File "/home/airflow/.local/lib/python3.12/site-packages/airflow/models/taskinstance.py", line 465, in _execute_task
    result = _execute_callable(context=context, **execute_callable_kwargs)
             ^^^^^^^^^^^^^^^^^^^^^^^^^^^^^^^^^^^^^^^^^^^^^^^^^^^^^^^^^^^^^
  File "/home/airflow/.local/lib/python3.12/site-packages/airflow/models/taskinstance.py", line 432, in _execute_callable
    return execute_callable(context=context, **execute_callable_kwargs)
           ^^^^^^^^^^^^^^^^^^^^^^^^^^^^^^^^^^^^^^^^^^^^^^^^^^^^^^^^^^^^
  File "/home/airflow/.local/lib/python3.12/site-packages/airflow/models/baseoperator.py", line 400, in wrapper
    return func(self, *args, **kwargs)
           ^^^^^^^^^^^^^^^^^^^^^^^^^^^
  File "/home/airflow/.local/lib/python3.12/site-packages/airflow/operators/python.py", line 235, in execute
    return_value = self.execute_callable()
                   ^^^^^^^^^^^^^^^^^^^^^^^
  File "/home/airflow/.local/lib/python3.12/site-packages/airflow/operators/python.py", line 252, in execute_callable
    return self.python_callable(*self.op_args, **self.op_kwargs)
           ^^^^^^^^^^^^^^^^^^^^^^^^^^^^^^^^^^^^^^^^^^^^^^^^^^^^^
  File "/opt/airflow/dags/bike_hour_dag.py", line 25, in clean_hour_data
    subprocess.run(['python', os.path.join(os.getcwd(), 'cleaning', 'hour_clean.py')], check=True)
  File "/usr/local/lib/python3.12/subprocess.py", line 571, in run
    raise CalledProcessError(retcode, process.args,
subprocess.CalledProcessError: Command '['python', '/opt/airflow/cleaning/hour_clean.py']' returned non-zero exit status 2.
[2025-09-15T08:57:10.745+0000] {taskinstance.py:1205} INFO - Marking task as FAILED. dag_id=bike_hour_pipeline, task_id=clean_hour_data, execution_date=20250913T000000, start_date=20250915T085710, end_date=20250915T085710
[2025-09-15T08:57:10.767+0000] {standard_task_runner.py:110} ERROR - Failed to execute job 14 for task clean_hour_data (Command '['python', '/opt/airflow/cleaning/hour_clean.py']' returned non-zero exit status 2.; 9585)
[2025-09-15T08:57:10.801+0000] {local_task_job_runner.py:240} INFO - Task exited with return code 1
[2025-09-15T08:57:10.825+0000] {taskinstance.py:3482} INFO - 0 downstream tasks scheduled from follow-on schedule check
[2025-09-15T08:57:10.829+0000] {local_task_job_runner.py:222} INFO - ::endgroup::
