[2025-09-15T09:56:26.019+0000] {local_task_job_runner.py:120} INFO - ::group::Pre task execution logs
[2025-09-15T09:56:26.067+0000] {taskinstance.py:2073} INFO - Dependencies all met for dep_context=non-requeueable deps ti=<TaskInstance: load_hour_to_snowflake.load_hour_data manual__2025-09-15T09:56:17.402080+00:00 [queued]>
[2025-09-15T09:56:26.075+0000] {taskinstance.py:2073} INFO - Dependencies all met for dep_context=requeueable deps ti=<TaskInstance: load_hour_to_snowflake.load_hour_data manual__2025-09-15T09:56:17.402080+00:00 [queued]>
[2025-09-15T09:56:26.076+0000] {taskinstance.py:2303} INFO - Starting attempt 1 of 1
[2025-09-15T09:56:26.089+0000] {taskinstance.py:2327} INFO - Executing <Task(SnowflakeOperator): load_hour_data> on 2025-09-15 09:56:17.402080+00:00
[2025-09-15T09:56:26.103+0000] {logging_mixin.py:188} WARNING - /home/***/.local/lib/python3.12/site-packages/***/task/task_runner/standard_task_runner.py:61 DeprecationWarning: This process (pid=2977) is multi-threaded, use of fork() may lead to deadlocks in the child.
[2025-09-15T09:56:26.104+0000] {standard_task_runner.py:63} INFO - Started process 2985 to run task
[2025-09-15T09:56:26.103+0000] {standard_task_runner.py:90} INFO - Running: ['***', 'tasks', 'run', 'load_hour_to_snowflake', 'load_hour_data', 'manual__2025-09-15T09:56:17.402080+00:00', '--job-id', '31', '--raw', '--subdir', 'DAGS_FOLDER/load_hour_to_snowflake.py', '--cfg-path', '/tmp/tmp74jrh3v8']
[2025-09-15T09:56:26.107+0000] {standard_task_runner.py:91} INFO - Job 31: Subtask load_hour_data
[2025-09-15T09:56:26.128+0000] {logging_mixin.py:188} WARNING - /home/***/.local/lib/python3.12/site-packages/***/settings.py:195 DeprecationWarning: The sql_alchemy_conn option in [core] has been moved to the sql_alchemy_conn option in [database] - the old setting has been used, but please update your config.
[2025-09-15T09:56:26.219+0000] {task_command.py:426} INFO - Running <TaskInstance: load_hour_to_snowflake.load_hour_data manual__2025-09-15T09:56:17.402080+00:00 [running]> on host a8f1cc65ca9c
[2025-09-15T09:56:26.362+0000] {taskinstance.py:2644} INFO - Exporting env vars: AIRFLOW_CTX_DAG_OWNER='datnguyen' AIRFLOW_CTX_DAG_ID='load_hour_to_snowflake' AIRFLOW_CTX_TASK_ID='load_hour_data' AIRFLOW_CTX_EXECUTION_DATE='2025-09-15T09:56:17.402080+00:00' AIRFLOW_CTX_TRY_NUMBER='1' AIRFLOW_CTX_DAG_RUN_ID='manual__2025-09-15T09:56:17.402080+00:00'
[2025-09-15T09:56:26.364+0000] {taskinstance.py:430} INFO - ::endgroup::
[2025-09-15T09:56:26.403+0000] {sql.py:276} INFO - Executing: 
        COPY INTO FACT_BIKE_RENTALS_HOUR (
        DATETIME_KEY, DATE_KEY, HOUR_KEY,
        SEASON_KEY, WEATHER_KEY, HOLIDAY_FLAG, WORKINGDAY_FLAG,
        TEMPERATURE, FEELING_TEMP, HUMIDITY, WINDSPEED,
        CASUAL_COUNT, REGISTERED_COUNT, TOTAL_COUNT
    )
    FROM @bike_stage/hour_clean.csv
    FILE_FORMAT = (
        TYPE = CSV
        SKIP_HEADER = 1
        FIELD_OPTIONALLY_ENCLOSED_BY = '"'
        ERROR_ON_COLUMN_COUNT_MISMATCH = FALSE
    )
    ON_ERROR = 'CONTINUE';
    
[2025-09-15T09:56:26.420+0000] {base.py:84} INFO - Using connection ID 'my_snowflake_conn' for task execution.
[2025-09-15T09:56:26.440+0000] {base.py:84} INFO - Using connection ID 'my_snowflake_conn' for task execution.
[2025-09-15T09:56:26.441+0000] {connection.py:386} INFO - Snowflake Connector for Python Version: 3.7.1, Python Version: 3.12.2, Platform: Linux-6.6.87.2-microsoft-standard-WSL2-x86_64-with-glibc2.36
[2025-09-15T09:56:26.443+0000] {connection.py:1211} INFO - This connection is in OCSP Fail Open Mode. TLS Certificates would be checked for validity and revocation status. Any other Certificate Revocation related exceptions or OCSP Responder failures would be disregarded in favor of connectivity.
[2025-09-15T09:56:27.389+0000] {cursor.py:1032} INFO - query: [ALTER SESSION SET autocommit=False]
[2025-09-15T09:56:27.484+0000] {cursor.py:1045} INFO - query execution done
[2025-09-15T09:56:27.487+0000] {cursor.py:1205} INFO - Number of results in first chunk: 1
[2025-09-15T09:56:27.488+0000] {sql.py:457} INFO - Running statement: COPY INTO FACT_BIKE_RENTALS_HOUR (
        DATETIME_KEY, DATE_KEY, HOUR_KEY,
        SEASON_KEY, WEATHER_KEY, HOLIDAY_FLAG, WORKINGDAY_FLAG,
        TEMPERATURE, FEELING_TEMP, HUMIDITY, WINDSPEED,
        CASUAL_COUNT, REGISTERED_COUNT, TOTAL_COUNT
    )
    FROM @bike_stage/hour_clean.csv
    FILE_FORMAT = (
        TYPE = CSV
        SKIP_HEADER = 1
        FIELD_OPTIONALLY_ENCLOSED_BY = '"'
        ERROR_ON_COLUMN_COUNT_MISMATCH = FALSE
    )
    ON_ERROR = 'CONTINUE';, parameters: None
[2025-09-15T09:56:27.488+0000] {cursor.py:1032} INFO - query: [COPY INTO FACT_BIKE_RENTALS_HOUR ( DATETIME_KEY, DATE_KEY, HOUR_KEY, SEASON_KEY,...]
[2025-09-15T09:56:28.236+0000] {cursor.py:1045} INFO - query execution done
[2025-09-15T09:56:28.237+0000] {cursor.py:1205} INFO - Number of results in first chunk: 1
[2025-09-15T09:56:28.237+0000] {sql.py:466} INFO - Rows affected: 1
[2025-09-15T09:56:28.243+0000] {logging_mixin.py:188} WARNING - /home/***/.local/lib/python3.12/site-packages/***/providers/snowflake/hooks/snowflake.py:393 AirflowProviderDeprecationWarning: Call to deprecated method _make_common_data_structure. (The `_make_serializable` method is deprecated and support will be removed in a future version of the common.sql provider. Please update the DbApiHook's provider to a version based on common.sql >= 1.9.1.)
[2025-09-15T09:56:28.244+0000] {snowflake.py:402} INFO - Rows affected: 1
[2025-09-15T09:56:28.244+0000] {snowflake.py:403} INFO - Snowflake query id: 01bf1094-3201-edf5-0000-000fff0e3ed9
[2025-09-15T09:56:28.246+0000] {cursor.py:1032} INFO - query: [COMMIT]
[2025-09-15T09:56:28.500+0000] {cursor.py:1045} INFO - query execution done
[2025-09-15T09:56:28.501+0000] {cursor.py:1205} INFO - Number of results in first chunk: 1
[2025-09-15T09:56:28.502+0000] {connection.py:734} INFO - closed
[2025-09-15T09:56:28.554+0000] {connection.py:740} INFO - No async queries seem to be running, deleting session
[2025-09-15T09:56:28.615+0000] {taskinstance.py:441} INFO - ::group::Post task execution logs
[2025-09-15T09:56:28.710+0000] {taskinstance.py:1205} INFO - Marking task as SUCCESS. dag_id=load_hour_to_snowflake, task_id=load_hour_data, execution_date=20250915T095617, start_date=20250915T095626, end_date=20250915T095628
[2025-09-15T09:56:28.819+0000] {local_task_job_runner.py:240} INFO - Task exited with return code 0
[2025-09-15T09:56:28.851+0000] {taskinstance.py:3482} INFO - 0 downstream tasks scheduled from follow-on schedule check
[2025-09-15T09:56:28.856+0000] {local_task_job_runner.py:222} INFO - ::endgroup::
