[2025-09-14T20:42:44.622+0000] {processor.py:161} INFO - Started process (PID=200) to work on /opt/airflow/dags/bike_hour_dag.py
[2025-09-14T20:42:44.624+0000] {processor.py:830} INFO - Processing file /opt/airflow/dags/bike_hour_dag.py for tasks to queue
[2025-09-14T20:42:44.626+0000] {logging_mixin.py:188} INFO - [2025-09-14T20:42:44.626+0000] {dagbag.py:540} INFO - Filling up the DagBag from /opt/airflow/dags/bike_hour_dag.py
[2025-09-14T20:42:44.644+0000] {processor.py:840} INFO - DAG(s) 'bike_hour_pipeline' retrieved from /opt/airflow/dags/bike_hour_dag.py
[2025-09-14T20:42:44.737+0000] {logging_mixin.py:188} INFO - [2025-09-14T20:42:44.736+0000] {override.py:1829} INFO - Created Permission View: can delete on DAG:bike_hour_pipeline
[2025-09-14T20:42:44.748+0000] {logging_mixin.py:188} INFO - [2025-09-14T20:42:44.748+0000] {override.py:1829} INFO - Created Permission View: can edit on DAG:bike_hour_pipeline
[2025-09-14T20:42:44.757+0000] {logging_mixin.py:188} INFO - [2025-09-14T20:42:44.756+0000] {override.py:1829} INFO - Created Permission View: can read on DAG:bike_hour_pipeline
[2025-09-14T20:42:44.758+0000] {logging_mixin.py:188} INFO - [2025-09-14T20:42:44.757+0000] {dag.py:3096} INFO - Sync 1 DAGs
[2025-09-14T20:42:44.766+0000] {logging_mixin.py:188} INFO - [2025-09-14T20:42:44.766+0000] {dag.py:3118} INFO - Creating ORM DAG for bike_hour_pipeline
[2025-09-14T20:42:44.776+0000] {logging_mixin.py:188} INFO - [2025-09-14T20:42:44.776+0000] {dag.py:3954} INFO - Setting next_dagrun for bike_hour_pipeline to 2025-09-13 00:00:00+00:00, run_after=2025-09-14 00:00:00+00:00
[2025-09-14T20:42:44.792+0000] {processor.py:183} INFO - Processing /opt/airflow/dags/bike_hour_dag.py took 0.175 seconds
[2025-09-14T20:43:15.537+0000] {processor.py:161} INFO - Started process (PID=233) to work on /opt/airflow/dags/bike_hour_dag.py
[2025-09-14T20:43:15.539+0000] {processor.py:830} INFO - Processing file /opt/airflow/dags/bike_hour_dag.py for tasks to queue
[2025-09-14T20:43:15.541+0000] {logging_mixin.py:188} INFO - [2025-09-14T20:43:15.540+0000] {dagbag.py:540} INFO - Filling up the DagBag from /opt/airflow/dags/bike_hour_dag.py
[2025-09-14T20:43:15.563+0000] {processor.py:840} INFO - DAG(s) 'bike_hour_pipeline' retrieved from /opt/airflow/dags/bike_hour_dag.py
[2025-09-14T20:43:15.589+0000] {logging_mixin.py:188} INFO - [2025-09-14T20:43:15.589+0000] {dag.py:3096} INFO - Sync 1 DAGs
[2025-09-14T20:43:15.616+0000] {logging_mixin.py:188} INFO - [2025-09-14T20:43:15.616+0000] {dag.py:3954} INFO - Setting next_dagrun for bike_hour_pipeline to 2025-09-13 00:00:00+00:00, run_after=2025-09-14 00:00:00+00:00
[2025-09-14T20:43:15.637+0000] {processor.py:183} INFO - Processing /opt/airflow/dags/bike_hour_dag.py took 0.107 seconds
[2025-09-14T20:43:45.892+0000] {processor.py:161} INFO - Started process (PID=271) to work on /opt/airflow/dags/bike_hour_dag.py
[2025-09-14T20:43:45.893+0000] {processor.py:830} INFO - Processing file /opt/airflow/dags/bike_hour_dag.py for tasks to queue
[2025-09-14T20:43:45.895+0000] {logging_mixin.py:188} INFO - [2025-09-14T20:43:45.894+0000] {dagbag.py:540} INFO - Filling up the DagBag from /opt/airflow/dags/bike_hour_dag.py
[2025-09-14T20:43:45.921+0000] {processor.py:840} INFO - DAG(s) 'bike_hour_pipeline' retrieved from /opt/airflow/dags/bike_hour_dag.py
[2025-09-14T20:43:45.959+0000] {logging_mixin.py:188} INFO - [2025-09-14T20:43:45.958+0000] {dag.py:3096} INFO - Sync 1 DAGs
[2025-09-14T20:43:45.992+0000] {logging_mixin.py:188} INFO - [2025-09-14T20:43:45.992+0000] {dag.py:3954} INFO - Setting next_dagrun for bike_hour_pipeline to 2025-09-14 00:00:00+00:00, run_after=2025-09-15 00:00:00+00:00
[2025-09-14T20:43:46.022+0000] {processor.py:183} INFO - Processing /opt/airflow/dags/bike_hour_dag.py took 0.136 seconds
[2025-09-14T20:44:16.565+0000] {processor.py:161} INFO - Started process (PID=308) to work on /opt/airflow/dags/bike_hour_dag.py
[2025-09-14T20:44:16.567+0000] {processor.py:830} INFO - Processing file /opt/airflow/dags/bike_hour_dag.py for tasks to queue
[2025-09-14T20:44:16.569+0000] {logging_mixin.py:188} INFO - [2025-09-14T20:44:16.569+0000] {dagbag.py:540} INFO - Filling up the DagBag from /opt/airflow/dags/bike_hour_dag.py
[2025-09-14T20:44:16.590+0000] {processor.py:840} INFO - DAG(s) 'bike_hour_pipeline' retrieved from /opt/airflow/dags/bike_hour_dag.py
[2025-09-14T20:44:16.617+0000] {logging_mixin.py:188} INFO - [2025-09-14T20:44:16.617+0000] {dag.py:3096} INFO - Sync 1 DAGs
[2025-09-14T20:44:16.637+0000] {logging_mixin.py:188} INFO - [2025-09-14T20:44:16.636+0000] {dag.py:3954} INFO - Setting next_dagrun for bike_hour_pipeline to 2025-09-14 00:00:00+00:00, run_after=2025-09-15 00:00:00+00:00
[2025-09-14T20:44:16.656+0000] {processor.py:183} INFO - Processing /opt/airflow/dags/bike_hour_dag.py took 0.097 seconds
[2025-09-14T20:44:47.092+0000] {processor.py:161} INFO - Started process (PID=373) to work on /opt/airflow/dags/bike_hour_dag.py
[2025-09-14T20:44:47.094+0000] {processor.py:830} INFO - Processing file /opt/airflow/dags/bike_hour_dag.py for tasks to queue
[2025-09-14T20:44:47.096+0000] {logging_mixin.py:188} INFO - [2025-09-14T20:44:47.096+0000] {dagbag.py:540} INFO - Filling up the DagBag from /opt/airflow/dags/bike_hour_dag.py
[2025-09-14T20:44:47.121+0000] {processor.py:840} INFO - DAG(s) 'bike_hour_pipeline' retrieved from /opt/airflow/dags/bike_hour_dag.py
[2025-09-14T20:44:47.146+0000] {logging_mixin.py:188} INFO - [2025-09-14T20:44:47.146+0000] {dag.py:3096} INFO - Sync 1 DAGs
[2025-09-14T20:44:47.165+0000] {logging_mixin.py:188} INFO - [2025-09-14T20:44:47.164+0000] {dag.py:3954} INFO - Setting next_dagrun for bike_hour_pipeline to 2025-09-14 00:00:00+00:00, run_after=2025-09-15 00:00:00+00:00
[2025-09-14T20:44:47.181+0000] {processor.py:183} INFO - Processing /opt/airflow/dags/bike_hour_dag.py took 0.097 seconds
[2025-09-14T20:45:19.419+0000] {processor.py:161} INFO - Started process (PID=406) to work on /opt/airflow/dags/bike_hour_dag.py
[2025-09-14T20:45:19.438+0000] {processor.py:830} INFO - Processing file /opt/airflow/dags/bike_hour_dag.py for tasks to queue
[2025-09-14T20:45:19.446+0000] {logging_mixin.py:188} INFO - [2025-09-14T20:45:19.445+0000] {dagbag.py:540} INFO - Filling up the DagBag from /opt/airflow/dags/bike_hour_dag.py
[2025-09-14T20:45:19.546+0000] {processor.py:840} INFO - DAG(s) 'bike_hour_pipeline' retrieved from /opt/airflow/dags/bike_hour_dag.py
[2025-09-14T20:45:19.664+0000] {logging_mixin.py:188} INFO - [2025-09-14T20:45:19.661+0000] {dag.py:3096} INFO - Sync 1 DAGs
[2025-09-14T20:45:19.742+0000] {logging_mixin.py:188} INFO - [2025-09-14T20:45:19.742+0000] {dag.py:3954} INFO - Setting next_dagrun for bike_hour_pipeline to 2025-09-14 00:00:00+00:00, run_after=2025-09-15 00:00:00+00:00
[2025-09-14T20:45:19.787+0000] {processor.py:183} INFO - Processing /opt/airflow/dags/bike_hour_dag.py took 0.387 seconds
[2025-09-14T20:45:50.896+0000] {processor.py:161} INFO - Started process (PID=443) to work on /opt/airflow/dags/bike_hour_dag.py
[2025-09-14T20:45:50.898+0000] {processor.py:830} INFO - Processing file /opt/airflow/dags/bike_hour_dag.py for tasks to queue
[2025-09-14T20:45:50.905+0000] {logging_mixin.py:188} INFO - [2025-09-14T20:45:50.904+0000] {dagbag.py:540} INFO - Filling up the DagBag from /opt/airflow/dags/bike_hour_dag.py
[2025-09-14T20:45:50.964+0000] {processor.py:840} INFO - DAG(s) 'bike_hour_pipeline' retrieved from /opt/airflow/dags/bike_hour_dag.py
[2025-09-14T20:45:51.228+0000] {logging_mixin.py:188} INFO - [2025-09-14T20:45:51.223+0000] {dag.py:3096} INFO - Sync 1 DAGs
[2025-09-14T20:45:51.382+0000] {logging_mixin.py:188} INFO - [2025-09-14T20:45:51.381+0000] {dag.py:3954} INFO - Setting next_dagrun for bike_hour_pipeline to 2025-09-14 00:00:00+00:00, run_after=2025-09-15 00:00:00+00:00
[2025-09-14T20:45:51.413+0000] {processor.py:183} INFO - Processing /opt/airflow/dags/bike_hour_dag.py took 0.524 seconds
[2025-09-14T20:46:22.067+0000] {processor.py:161} INFO - Started process (PID=478) to work on /opt/airflow/dags/bike_hour_dag.py
[2025-09-14T20:46:22.069+0000] {processor.py:830} INFO - Processing file /opt/airflow/dags/bike_hour_dag.py for tasks to queue
[2025-09-14T20:46:22.071+0000] {logging_mixin.py:188} INFO - [2025-09-14T20:46:22.071+0000] {dagbag.py:540} INFO - Filling up the DagBag from /opt/airflow/dags/bike_hour_dag.py
[2025-09-14T20:46:22.091+0000] {processor.py:840} INFO - DAG(s) 'bike_hour_pipeline' retrieved from /opt/airflow/dags/bike_hour_dag.py
[2025-09-14T20:46:22.121+0000] {logging_mixin.py:188} INFO - [2025-09-14T20:46:22.121+0000] {dag.py:3096} INFO - Sync 1 DAGs
[2025-09-14T20:46:22.148+0000] {logging_mixin.py:188} INFO - [2025-09-14T20:46:22.148+0000] {dag.py:3954} INFO - Setting next_dagrun for bike_hour_pipeline to 2025-09-14 00:00:00+00:00, run_after=2025-09-15 00:00:00+00:00
[2025-09-14T20:46:22.171+0000] {processor.py:183} INFO - Processing /opt/airflow/dags/bike_hour_dag.py took 0.109 seconds
[2025-09-14T20:46:53.081+0000] {processor.py:161} INFO - Started process (PID=511) to work on /opt/airflow/dags/bike_hour_dag.py
[2025-09-14T20:46:53.084+0000] {processor.py:830} INFO - Processing file /opt/airflow/dags/bike_hour_dag.py for tasks to queue
[2025-09-14T20:46:53.087+0000] {logging_mixin.py:188} INFO - [2025-09-14T20:46:53.086+0000] {dagbag.py:540} INFO - Filling up the DagBag from /opt/airflow/dags/bike_hour_dag.py
[2025-09-14T20:46:53.119+0000] {processor.py:840} INFO - DAG(s) 'bike_hour_pipeline' retrieved from /opt/airflow/dags/bike_hour_dag.py
[2025-09-14T20:46:53.152+0000] {logging_mixin.py:188} INFO - [2025-09-14T20:46:53.152+0000] {dag.py:3096} INFO - Sync 1 DAGs
[2025-09-14T20:46:53.178+0000] {logging_mixin.py:188} INFO - [2025-09-14T20:46:53.177+0000] {dag.py:3954} INFO - Setting next_dagrun for bike_hour_pipeline to 2025-09-14 00:00:00+00:00, run_after=2025-09-15 00:00:00+00:00
[2025-09-14T20:46:53.202+0000] {processor.py:183} INFO - Processing /opt/airflow/dags/bike_hour_dag.py took 0.135 seconds
[2025-09-14T20:47:23.953+0000] {processor.py:161} INFO - Started process (PID=546) to work on /opt/airflow/dags/bike_hour_dag.py
[2025-09-14T20:47:23.955+0000] {processor.py:830} INFO - Processing file /opt/airflow/dags/bike_hour_dag.py for tasks to queue
[2025-09-14T20:47:23.959+0000] {logging_mixin.py:188} INFO - [2025-09-14T20:47:23.958+0000] {dagbag.py:540} INFO - Filling up the DagBag from /opt/airflow/dags/bike_hour_dag.py
[2025-09-14T20:47:23.981+0000] {processor.py:840} INFO - DAG(s) 'bike_hour_pipeline' retrieved from /opt/airflow/dags/bike_hour_dag.py
[2025-09-14T20:47:24.013+0000] {logging_mixin.py:188} INFO - [2025-09-14T20:47:24.012+0000] {dag.py:3096} INFO - Sync 1 DAGs
[2025-09-14T20:47:24.038+0000] {logging_mixin.py:188} INFO - [2025-09-14T20:47:24.037+0000] {dag.py:3954} INFO - Setting next_dagrun for bike_hour_pipeline to 2025-09-14 00:00:00+00:00, run_after=2025-09-15 00:00:00+00:00
[2025-09-14T20:47:24.060+0000] {processor.py:183} INFO - Processing /opt/airflow/dags/bike_hour_dag.py took 0.115 seconds
[2025-09-14T20:47:54.167+0000] {processor.py:161} INFO - Started process (PID=583) to work on /opt/airflow/dags/bike_hour_dag.py
[2025-09-14T20:47:54.168+0000] {processor.py:830} INFO - Processing file /opt/airflow/dags/bike_hour_dag.py for tasks to queue
[2025-09-14T20:47:54.170+0000] {logging_mixin.py:188} INFO - [2025-09-14T20:47:54.170+0000] {dagbag.py:540} INFO - Filling up the DagBag from /opt/airflow/dags/bike_hour_dag.py
[2025-09-14T20:47:54.189+0000] {processor.py:840} INFO - DAG(s) 'bike_hour_pipeline' retrieved from /opt/airflow/dags/bike_hour_dag.py
[2025-09-14T20:47:54.234+0000] {logging_mixin.py:188} INFO - [2025-09-14T20:47:54.234+0000] {dag.py:3096} INFO - Sync 1 DAGs
[2025-09-14T20:47:54.266+0000] {logging_mixin.py:188} INFO - [2025-09-14T20:47:54.266+0000] {dag.py:3954} INFO - Setting next_dagrun for bike_hour_pipeline to 2025-09-14 00:00:00+00:00, run_after=2025-09-15 00:00:00+00:00
[2025-09-14T20:47:54.288+0000] {processor.py:183} INFO - Processing /opt/airflow/dags/bike_hour_dag.py took 0.127 seconds
[2025-09-14T20:48:25.098+0000] {processor.py:161} INFO - Started process (PID=618) to work on /opt/airflow/dags/bike_hour_dag.py
[2025-09-14T20:48:25.100+0000] {processor.py:830} INFO - Processing file /opt/airflow/dags/bike_hour_dag.py for tasks to queue
[2025-09-14T20:48:25.104+0000] {logging_mixin.py:188} INFO - [2025-09-14T20:48:25.104+0000] {dagbag.py:540} INFO - Filling up the DagBag from /opt/airflow/dags/bike_hour_dag.py
[2025-09-14T20:48:25.162+0000] {processor.py:840} INFO - DAG(s) 'bike_hour_pipeline' retrieved from /opt/airflow/dags/bike_hour_dag.py
[2025-09-14T20:48:25.253+0000] {logging_mixin.py:188} INFO - [2025-09-14T20:48:25.251+0000] {dag.py:3096} INFO - Sync 1 DAGs
[2025-09-14T20:48:25.338+0000] {logging_mixin.py:188} INFO - [2025-09-14T20:48:25.337+0000] {dag.py:3954} INFO - Setting next_dagrun for bike_hour_pipeline to 2025-09-14 00:00:00+00:00, run_after=2025-09-15 00:00:00+00:00
[2025-09-14T20:48:25.410+0000] {processor.py:183} INFO - Processing /opt/airflow/dags/bike_hour_dag.py took 0.326 seconds
[2025-09-14T20:48:55.951+0000] {processor.py:161} INFO - Started process (PID=653) to work on /opt/airflow/dags/bike_hour_dag.py
[2025-09-14T20:48:55.953+0000] {processor.py:830} INFO - Processing file /opt/airflow/dags/bike_hour_dag.py for tasks to queue
[2025-09-14T20:48:55.955+0000] {logging_mixin.py:188} INFO - [2025-09-14T20:48:55.955+0000] {dagbag.py:540} INFO - Filling up the DagBag from /opt/airflow/dags/bike_hour_dag.py
[2025-09-14T20:48:55.973+0000] {processor.py:840} INFO - DAG(s) 'bike_hour_pipeline' retrieved from /opt/airflow/dags/bike_hour_dag.py
[2025-09-14T20:48:56.001+0000] {logging_mixin.py:188} INFO - [2025-09-14T20:48:56.001+0000] {dag.py:3096} INFO - Sync 1 DAGs
[2025-09-14T20:48:56.027+0000] {logging_mixin.py:188} INFO - [2025-09-14T20:48:56.027+0000] {dag.py:3954} INFO - Setting next_dagrun for bike_hour_pipeline to 2025-09-14 00:00:00+00:00, run_after=2025-09-15 00:00:00+00:00
[2025-09-14T20:48:56.050+0000] {processor.py:183} INFO - Processing /opt/airflow/dags/bike_hour_dag.py took 0.104 seconds
[2025-09-14T20:49:26.400+0000] {processor.py:161} INFO - Started process (PID=688) to work on /opt/airflow/dags/bike_hour_dag.py
[2025-09-14T20:49:26.402+0000] {processor.py:830} INFO - Processing file /opt/airflow/dags/bike_hour_dag.py for tasks to queue
[2025-09-14T20:49:26.405+0000] {logging_mixin.py:188} INFO - [2025-09-14T20:49:26.405+0000] {dagbag.py:540} INFO - Filling up the DagBag from /opt/airflow/dags/bike_hour_dag.py
[2025-09-14T20:49:26.434+0000] {processor.py:840} INFO - DAG(s) 'bike_hour_pipeline' retrieved from /opt/airflow/dags/bike_hour_dag.py
[2025-09-14T20:49:26.477+0000] {logging_mixin.py:188} INFO - [2025-09-14T20:49:26.476+0000] {dag.py:3096} INFO - Sync 1 DAGs
[2025-09-14T20:49:26.509+0000] {logging_mixin.py:188} INFO - [2025-09-14T20:49:26.509+0000] {dag.py:3954} INFO - Setting next_dagrun for bike_hour_pipeline to 2025-09-14 00:00:00+00:00, run_after=2025-09-15 00:00:00+00:00
[2025-09-14T20:49:26.537+0000] {processor.py:183} INFO - Processing /opt/airflow/dags/bike_hour_dag.py took 0.147 seconds
[2025-09-14T20:49:57.035+0000] {processor.py:161} INFO - Started process (PID=727) to work on /opt/airflow/dags/bike_hour_dag.py
[2025-09-14T20:49:57.036+0000] {processor.py:830} INFO - Processing file /opt/airflow/dags/bike_hour_dag.py for tasks to queue
[2025-09-14T20:49:57.039+0000] {logging_mixin.py:188} INFO - [2025-09-14T20:49:57.039+0000] {dagbag.py:540} INFO - Filling up the DagBag from /opt/airflow/dags/bike_hour_dag.py
[2025-09-14T20:49:57.060+0000] {processor.py:840} INFO - DAG(s) 'bike_hour_pipeline' retrieved from /opt/airflow/dags/bike_hour_dag.py
[2025-09-14T20:49:57.089+0000] {logging_mixin.py:188} INFO - [2025-09-14T20:49:57.089+0000] {dag.py:3096} INFO - Sync 1 DAGs
[2025-09-14T20:49:57.112+0000] {logging_mixin.py:188} INFO - [2025-09-14T20:49:57.112+0000] {dag.py:3954} INFO - Setting next_dagrun for bike_hour_pipeline to 2025-09-14 00:00:00+00:00, run_after=2025-09-15 00:00:00+00:00
[2025-09-14T20:49:57.131+0000] {processor.py:183} INFO - Processing /opt/airflow/dags/bike_hour_dag.py took 0.103 seconds
[2025-09-14T20:50:27.352+0000] {processor.py:161} INFO - Started process (PID=762) to work on /opt/airflow/dags/bike_hour_dag.py
[2025-09-14T20:50:27.353+0000] {processor.py:830} INFO - Processing file /opt/airflow/dags/bike_hour_dag.py for tasks to queue
[2025-09-14T20:50:27.356+0000] {logging_mixin.py:188} INFO - [2025-09-14T20:50:27.356+0000] {dagbag.py:540} INFO - Filling up the DagBag from /opt/airflow/dags/bike_hour_dag.py
[2025-09-14T20:50:27.392+0000] {processor.py:840} INFO - DAG(s) 'bike_hour_pipeline' retrieved from /opt/airflow/dags/bike_hour_dag.py
[2025-09-14T20:50:27.416+0000] {logging_mixin.py:188} INFO - [2025-09-14T20:50:27.415+0000] {dag.py:3096} INFO - Sync 1 DAGs
[2025-09-14T20:50:27.434+0000] {logging_mixin.py:188} INFO - [2025-09-14T20:50:27.433+0000] {dag.py:3954} INFO - Setting next_dagrun for bike_hour_pipeline to 2025-09-14 00:00:00+00:00, run_after=2025-09-15 00:00:00+00:00
[2025-09-14T20:50:27.495+0000] {processor.py:183} INFO - Processing /opt/airflow/dags/bike_hour_dag.py took 0.148 seconds
[2025-09-14T20:50:57.864+0000] {processor.py:161} INFO - Started process (PID=797) to work on /opt/airflow/dags/bike_hour_dag.py
[2025-09-14T20:50:57.865+0000] {processor.py:830} INFO - Processing file /opt/airflow/dags/bike_hour_dag.py for tasks to queue
[2025-09-14T20:50:57.867+0000] {logging_mixin.py:188} INFO - [2025-09-14T20:50:57.867+0000] {dagbag.py:540} INFO - Filling up the DagBag from /opt/airflow/dags/bike_hour_dag.py
[2025-09-14T20:50:57.884+0000] {processor.py:840} INFO - DAG(s) 'bike_hour_pipeline' retrieved from /opt/airflow/dags/bike_hour_dag.py
[2025-09-14T20:50:57.906+0000] {logging_mixin.py:188} INFO - [2025-09-14T20:50:57.906+0000] {dag.py:3096} INFO - Sync 1 DAGs
[2025-09-14T20:50:57.923+0000] {logging_mixin.py:188} INFO - [2025-09-14T20:50:57.923+0000] {dag.py:3954} INFO - Setting next_dagrun for bike_hour_pipeline to 2025-09-14 00:00:00+00:00, run_after=2025-09-15 00:00:00+00:00
[2025-09-14T20:50:57.942+0000] {processor.py:183} INFO - Processing /opt/airflow/dags/bike_hour_dag.py took 0.084 seconds
[2025-09-14T20:51:28.282+0000] {processor.py:161} INFO - Started process (PID=832) to work on /opt/airflow/dags/bike_hour_dag.py
[2025-09-14T20:51:28.283+0000] {processor.py:830} INFO - Processing file /opt/airflow/dags/bike_hour_dag.py for tasks to queue
[2025-09-14T20:51:28.286+0000] {logging_mixin.py:188} INFO - [2025-09-14T20:51:28.285+0000] {dagbag.py:540} INFO - Filling up the DagBag from /opt/airflow/dags/bike_hour_dag.py
[2025-09-14T20:51:28.303+0000] {processor.py:840} INFO - DAG(s) 'bike_hour_pipeline' retrieved from /opt/airflow/dags/bike_hour_dag.py
[2025-09-14T20:51:28.326+0000] {logging_mixin.py:188} INFO - [2025-09-14T20:51:28.325+0000] {dag.py:3096} INFO - Sync 1 DAGs
[2025-09-14T20:51:28.344+0000] {logging_mixin.py:188} INFO - [2025-09-14T20:51:28.343+0000] {dag.py:3954} INFO - Setting next_dagrun for bike_hour_pipeline to 2025-09-14 00:00:00+00:00, run_after=2025-09-15 00:00:00+00:00
[2025-09-14T20:51:28.361+0000] {processor.py:183} INFO - Processing /opt/airflow/dags/bike_hour_dag.py took 0.084 seconds
[2025-09-14T20:51:58.758+0000] {processor.py:161} INFO - Started process (PID=867) to work on /opt/airflow/dags/bike_hour_dag.py
[2025-09-14T20:51:58.760+0000] {processor.py:830} INFO - Processing file /opt/airflow/dags/bike_hour_dag.py for tasks to queue
[2025-09-14T20:51:58.762+0000] {logging_mixin.py:188} INFO - [2025-09-14T20:51:58.762+0000] {dagbag.py:540} INFO - Filling up the DagBag from /opt/airflow/dags/bike_hour_dag.py
[2025-09-14T20:51:58.780+0000] {processor.py:840} INFO - DAG(s) 'bike_hour_pipeline' retrieved from /opt/airflow/dags/bike_hour_dag.py
[2025-09-14T20:51:58.805+0000] {logging_mixin.py:188} INFO - [2025-09-14T20:51:58.804+0000] {dag.py:3096} INFO - Sync 1 DAGs
[2025-09-14T20:51:58.822+0000] {logging_mixin.py:188} INFO - [2025-09-14T20:51:58.822+0000] {dag.py:3954} INFO - Setting next_dagrun for bike_hour_pipeline to 2025-09-14 00:00:00+00:00, run_after=2025-09-15 00:00:00+00:00
[2025-09-14T20:51:58.841+0000] {processor.py:183} INFO - Processing /opt/airflow/dags/bike_hour_dag.py took 0.087 seconds
[2025-09-14T20:52:29.496+0000] {processor.py:161} INFO - Started process (PID=902) to work on /opt/airflow/dags/bike_hour_dag.py
[2025-09-14T20:52:29.497+0000] {processor.py:830} INFO - Processing file /opt/airflow/dags/bike_hour_dag.py for tasks to queue
[2025-09-14T20:52:29.501+0000] {logging_mixin.py:188} INFO - [2025-09-14T20:52:29.501+0000] {dagbag.py:540} INFO - Filling up the DagBag from /opt/airflow/dags/bike_hour_dag.py
[2025-09-14T20:52:29.523+0000] {processor.py:840} INFO - DAG(s) 'bike_hour_pipeline' retrieved from /opt/airflow/dags/bike_hour_dag.py
[2025-09-14T20:52:29.560+0000] {logging_mixin.py:188} INFO - [2025-09-14T20:52:29.559+0000] {dag.py:3096} INFO - Sync 1 DAGs
[2025-09-14T20:52:29.598+0000] {logging_mixin.py:188} INFO - [2025-09-14T20:52:29.598+0000] {dag.py:3954} INFO - Setting next_dagrun for bike_hour_pipeline to 2025-09-14 00:00:00+00:00, run_after=2025-09-15 00:00:00+00:00
[2025-09-14T20:52:29.621+0000] {processor.py:183} INFO - Processing /opt/airflow/dags/bike_hour_dag.py took 0.143 seconds
[2025-09-14T20:53:00.087+0000] {processor.py:161} INFO - Started process (PID=937) to work on /opt/airflow/dags/bike_hour_dag.py
[2025-09-14T20:53:00.088+0000] {processor.py:830} INFO - Processing file /opt/airflow/dags/bike_hour_dag.py for tasks to queue
[2025-09-14T20:53:00.090+0000] {logging_mixin.py:188} INFO - [2025-09-14T20:53:00.090+0000] {dagbag.py:540} INFO - Filling up the DagBag from /opt/airflow/dags/bike_hour_dag.py
[2025-09-14T20:53:00.105+0000] {processor.py:840} INFO - DAG(s) 'bike_hour_pipeline' retrieved from /opt/airflow/dags/bike_hour_dag.py
[2025-09-14T20:53:00.130+0000] {logging_mixin.py:188} INFO - [2025-09-14T20:53:00.129+0000] {dag.py:3096} INFO - Sync 1 DAGs
[2025-09-14T20:53:00.146+0000] {logging_mixin.py:188} INFO - [2025-09-14T20:53:00.146+0000] {dag.py:3954} INFO - Setting next_dagrun for bike_hour_pipeline to 2025-09-14 00:00:00+00:00, run_after=2025-09-15 00:00:00+00:00
[2025-09-14T20:53:00.165+0000] {processor.py:183} INFO - Processing /opt/airflow/dags/bike_hour_dag.py took 0.083 seconds
[2025-09-14T20:53:30.632+0000] {processor.py:161} INFO - Started process (PID=972) to work on /opt/airflow/dags/bike_hour_dag.py
[2025-09-14T20:53:30.633+0000] {processor.py:830} INFO - Processing file /opt/airflow/dags/bike_hour_dag.py for tasks to queue
[2025-09-14T20:53:30.634+0000] {logging_mixin.py:188} INFO - [2025-09-14T20:53:30.634+0000] {dagbag.py:540} INFO - Filling up the DagBag from /opt/airflow/dags/bike_hour_dag.py
[2025-09-14T20:53:30.652+0000] {processor.py:840} INFO - DAG(s) 'bike_hour_pipeline' retrieved from /opt/airflow/dags/bike_hour_dag.py
[2025-09-14T20:53:30.675+0000] {logging_mixin.py:188} INFO - [2025-09-14T20:53:30.675+0000] {dag.py:3096} INFO - Sync 1 DAGs
[2025-09-14T20:53:30.692+0000] {logging_mixin.py:188} INFO - [2025-09-14T20:53:30.692+0000] {dag.py:3954} INFO - Setting next_dagrun for bike_hour_pipeline to 2025-09-14 00:00:00+00:00, run_after=2025-09-15 00:00:00+00:00
[2025-09-14T20:53:30.712+0000] {processor.py:183} INFO - Processing /opt/airflow/dags/bike_hour_dag.py took 0.085 seconds
[2025-09-14T20:54:01.097+0000] {processor.py:161} INFO - Started process (PID=1007) to work on /opt/airflow/dags/bike_hour_dag.py
[2025-09-14T20:54:01.098+0000] {processor.py:830} INFO - Processing file /opt/airflow/dags/bike_hour_dag.py for tasks to queue
[2025-09-14T20:54:01.099+0000] {logging_mixin.py:188} INFO - [2025-09-14T20:54:01.099+0000] {dagbag.py:540} INFO - Filling up the DagBag from /opt/airflow/dags/bike_hour_dag.py
[2025-09-14T20:54:01.118+0000] {processor.py:840} INFO - DAG(s) 'bike_hour_pipeline' retrieved from /opt/airflow/dags/bike_hour_dag.py
[2025-09-14T20:54:01.142+0000] {logging_mixin.py:188} INFO - [2025-09-14T20:54:01.141+0000] {dag.py:3096} INFO - Sync 1 DAGs
[2025-09-14T20:54:01.159+0000] {logging_mixin.py:188} INFO - [2025-09-14T20:54:01.159+0000] {dag.py:3954} INFO - Setting next_dagrun for bike_hour_pipeline to 2025-09-14 00:00:00+00:00, run_after=2025-09-15 00:00:00+00:00
[2025-09-14T20:54:01.178+0000] {processor.py:183} INFO - Processing /opt/airflow/dags/bike_hour_dag.py took 0.087 seconds
[2025-09-14T20:54:31.648+0000] {processor.py:161} INFO - Started process (PID=1042) to work on /opt/airflow/dags/bike_hour_dag.py
[2025-09-14T20:54:31.649+0000] {processor.py:830} INFO - Processing file /opt/airflow/dags/bike_hour_dag.py for tasks to queue
[2025-09-14T20:54:31.651+0000] {logging_mixin.py:188} INFO - [2025-09-14T20:54:31.651+0000] {dagbag.py:540} INFO - Filling up the DagBag from /opt/airflow/dags/bike_hour_dag.py
[2025-09-14T20:54:31.668+0000] {processor.py:840} INFO - DAG(s) 'bike_hour_pipeline' retrieved from /opt/airflow/dags/bike_hour_dag.py
[2025-09-14T20:54:31.692+0000] {logging_mixin.py:188} INFO - [2025-09-14T20:54:31.691+0000] {dag.py:3096} INFO - Sync 1 DAGs
[2025-09-14T20:54:31.712+0000] {logging_mixin.py:188} INFO - [2025-09-14T20:54:31.711+0000] {dag.py:3954} INFO - Setting next_dagrun for bike_hour_pipeline to 2025-09-14 00:00:00+00:00, run_after=2025-09-15 00:00:00+00:00
[2025-09-14T20:54:31.729+0000] {processor.py:183} INFO - Processing /opt/airflow/dags/bike_hour_dag.py took 0.086 seconds
[2025-09-14T20:55:02.133+0000] {processor.py:161} INFO - Started process (PID=1077) to work on /opt/airflow/dags/bike_hour_dag.py
[2025-09-14T20:55:02.134+0000] {processor.py:830} INFO - Processing file /opt/airflow/dags/bike_hour_dag.py for tasks to queue
[2025-09-14T20:55:02.136+0000] {logging_mixin.py:188} INFO - [2025-09-14T20:55:02.136+0000] {dagbag.py:540} INFO - Filling up the DagBag from /opt/airflow/dags/bike_hour_dag.py
[2025-09-14T20:55:02.154+0000] {processor.py:840} INFO - DAG(s) 'bike_hour_pipeline' retrieved from /opt/airflow/dags/bike_hour_dag.py
[2025-09-14T20:55:02.181+0000] {logging_mixin.py:188} INFO - [2025-09-14T20:55:02.181+0000] {dag.py:3096} INFO - Sync 1 DAGs
[2025-09-14T20:55:02.202+0000] {logging_mixin.py:188} INFO - [2025-09-14T20:55:02.202+0000] {dag.py:3954} INFO - Setting next_dagrun for bike_hour_pipeline to 2025-09-14 00:00:00+00:00, run_after=2025-09-15 00:00:00+00:00
[2025-09-14T20:55:02.219+0000] {processor.py:183} INFO - Processing /opt/airflow/dags/bike_hour_dag.py took 0.091 seconds
[2025-09-14T20:55:32.783+0000] {processor.py:161} INFO - Started process (PID=1110) to work on /opt/airflow/dags/bike_hour_dag.py
[2025-09-14T20:55:32.783+0000] {processor.py:830} INFO - Processing file /opt/airflow/dags/bike_hour_dag.py for tasks to queue
[2025-09-14T20:55:32.785+0000] {logging_mixin.py:188} INFO - [2025-09-14T20:55:32.785+0000] {dagbag.py:540} INFO - Filling up the DagBag from /opt/airflow/dags/bike_hour_dag.py
[2025-09-14T20:55:32.802+0000] {processor.py:840} INFO - DAG(s) 'bike_hour_pipeline' retrieved from /opt/airflow/dags/bike_hour_dag.py
[2025-09-14T20:55:32.830+0000] {logging_mixin.py:188} INFO - [2025-09-14T20:55:32.830+0000] {dag.py:3096} INFO - Sync 1 DAGs
[2025-09-14T20:55:32.848+0000] {logging_mixin.py:188} INFO - [2025-09-14T20:55:32.847+0000] {dag.py:3954} INFO - Setting next_dagrun for bike_hour_pipeline to 2025-09-14 00:00:00+00:00, run_after=2025-09-15 00:00:00+00:00
[2025-09-14T20:55:32.882+0000] {processor.py:183} INFO - Processing /opt/airflow/dags/bike_hour_dag.py took 0.105 seconds
[2025-09-14T20:56:03.321+0000] {processor.py:161} INFO - Started process (PID=1147) to work on /opt/airflow/dags/bike_hour_dag.py
[2025-09-14T20:56:03.322+0000] {processor.py:830} INFO - Processing file /opt/airflow/dags/bike_hour_dag.py for tasks to queue
[2025-09-14T20:56:03.324+0000] {logging_mixin.py:188} INFO - [2025-09-14T20:56:03.324+0000] {dagbag.py:540} INFO - Filling up the DagBag from /opt/airflow/dags/bike_hour_dag.py
[2025-09-14T20:56:03.342+0000] {processor.py:840} INFO - DAG(s) 'bike_hour_pipeline' retrieved from /opt/airflow/dags/bike_hour_dag.py
[2025-09-14T20:56:03.364+0000] {logging_mixin.py:188} INFO - [2025-09-14T20:56:03.364+0000] {dag.py:3096} INFO - Sync 1 DAGs
[2025-09-14T20:56:03.382+0000] {logging_mixin.py:188} INFO - [2025-09-14T20:56:03.382+0000] {dag.py:3954} INFO - Setting next_dagrun for bike_hour_pipeline to 2025-09-14 00:00:00+00:00, run_after=2025-09-15 00:00:00+00:00
[2025-09-14T20:56:03.404+0000] {processor.py:183} INFO - Processing /opt/airflow/dags/bike_hour_dag.py took 0.088 seconds
[2025-09-14T20:56:33.819+0000] {processor.py:161} INFO - Started process (PID=1182) to work on /opt/airflow/dags/bike_hour_dag.py
[2025-09-14T20:56:33.820+0000] {processor.py:830} INFO - Processing file /opt/airflow/dags/bike_hour_dag.py for tasks to queue
[2025-09-14T20:56:33.823+0000] {logging_mixin.py:188} INFO - [2025-09-14T20:56:33.822+0000] {dagbag.py:540} INFO - Filling up the DagBag from /opt/airflow/dags/bike_hour_dag.py
[2025-09-14T20:56:33.840+0000] {processor.py:840} INFO - DAG(s) 'bike_hour_pipeline' retrieved from /opt/airflow/dags/bike_hour_dag.py
[2025-09-14T20:56:33.864+0000] {logging_mixin.py:188} INFO - [2025-09-14T20:56:33.864+0000] {dag.py:3096} INFO - Sync 1 DAGs
[2025-09-14T20:56:33.881+0000] {logging_mixin.py:188} INFO - [2025-09-14T20:56:33.881+0000] {dag.py:3954} INFO - Setting next_dagrun for bike_hour_pipeline to 2025-09-14 00:00:00+00:00, run_after=2025-09-15 00:00:00+00:00
[2025-09-14T20:56:33.900+0000] {processor.py:183} INFO - Processing /opt/airflow/dags/bike_hour_dag.py took 0.086 seconds
[2025-09-14T20:57:04.281+0000] {processor.py:161} INFO - Started process (PID=1217) to work on /opt/airflow/dags/bike_hour_dag.py
[2025-09-14T20:57:04.282+0000] {processor.py:830} INFO - Processing file /opt/airflow/dags/bike_hour_dag.py for tasks to queue
[2025-09-14T20:57:04.284+0000] {logging_mixin.py:188} INFO - [2025-09-14T20:57:04.284+0000] {dagbag.py:540} INFO - Filling up the DagBag from /opt/airflow/dags/bike_hour_dag.py
[2025-09-14T20:57:04.303+0000] {processor.py:840} INFO - DAG(s) 'bike_hour_pipeline' retrieved from /opt/airflow/dags/bike_hour_dag.py
[2025-09-14T20:57:04.327+0000] {logging_mixin.py:188} INFO - [2025-09-14T20:57:04.326+0000] {dag.py:3096} INFO - Sync 1 DAGs
[2025-09-14T20:57:04.344+0000] {logging_mixin.py:188} INFO - [2025-09-14T20:57:04.343+0000] {dag.py:3954} INFO - Setting next_dagrun for bike_hour_pipeline to 2025-09-14 00:00:00+00:00, run_after=2025-09-15 00:00:00+00:00
[2025-09-14T20:57:04.362+0000] {processor.py:183} INFO - Processing /opt/airflow/dags/bike_hour_dag.py took 0.087 seconds
[2025-09-14T20:57:34.855+0000] {processor.py:161} INFO - Started process (PID=1252) to work on /opt/airflow/dags/bike_hour_dag.py
[2025-09-14T20:57:34.856+0000] {processor.py:830} INFO - Processing file /opt/airflow/dags/bike_hour_dag.py for tasks to queue
[2025-09-14T20:57:34.858+0000] {logging_mixin.py:188} INFO - [2025-09-14T20:57:34.858+0000] {dagbag.py:540} INFO - Filling up the DagBag from /opt/airflow/dags/bike_hour_dag.py
[2025-09-14T20:57:34.874+0000] {processor.py:840} INFO - DAG(s) 'bike_hour_pipeline' retrieved from /opt/airflow/dags/bike_hour_dag.py
[2025-09-14T20:57:34.896+0000] {logging_mixin.py:188} INFO - [2025-09-14T20:57:34.896+0000] {dag.py:3096} INFO - Sync 1 DAGs
[2025-09-14T20:57:34.913+0000] {logging_mixin.py:188} INFO - [2025-09-14T20:57:34.913+0000] {dag.py:3954} INFO - Setting next_dagrun for bike_hour_pipeline to 2025-09-14 00:00:00+00:00, run_after=2025-09-15 00:00:00+00:00
[2025-09-14T20:57:34.931+0000] {processor.py:183} INFO - Processing /opt/airflow/dags/bike_hour_dag.py took 0.082 seconds
[2025-09-14T20:58:05.484+0000] {processor.py:161} INFO - Started process (PID=1287) to work on /opt/airflow/dags/bike_hour_dag.py
[2025-09-14T20:58:05.485+0000] {processor.py:830} INFO - Processing file /opt/airflow/dags/bike_hour_dag.py for tasks to queue
[2025-09-14T20:58:05.487+0000] {logging_mixin.py:188} INFO - [2025-09-14T20:58:05.486+0000] {dagbag.py:540} INFO - Filling up the DagBag from /opt/airflow/dags/bike_hour_dag.py
[2025-09-14T20:58:05.505+0000] {processor.py:840} INFO - DAG(s) 'bike_hour_pipeline' retrieved from /opt/airflow/dags/bike_hour_dag.py
[2025-09-14T20:58:05.529+0000] {logging_mixin.py:188} INFO - [2025-09-14T20:58:05.528+0000] {dag.py:3096} INFO - Sync 1 DAGs
[2025-09-14T20:58:05.548+0000] {logging_mixin.py:188} INFO - [2025-09-14T20:58:05.548+0000] {dag.py:3954} INFO - Setting next_dagrun for bike_hour_pipeline to 2025-09-14 00:00:00+00:00, run_after=2025-09-15 00:00:00+00:00
[2025-09-14T20:58:05.565+0000] {processor.py:183} INFO - Processing /opt/airflow/dags/bike_hour_dag.py took 0.088 seconds
[2025-09-14T20:58:36.192+0000] {processor.py:161} INFO - Started process (PID=1322) to work on /opt/airflow/dags/bike_hour_dag.py
[2025-09-14T20:58:36.193+0000] {processor.py:830} INFO - Processing file /opt/airflow/dags/bike_hour_dag.py for tasks to queue
[2025-09-14T20:58:36.195+0000] {logging_mixin.py:188} INFO - [2025-09-14T20:58:36.195+0000] {dagbag.py:540} INFO - Filling up the DagBag from /opt/airflow/dags/bike_hour_dag.py
[2025-09-14T20:58:36.214+0000] {processor.py:840} INFO - DAG(s) 'bike_hour_pipeline' retrieved from /opt/airflow/dags/bike_hour_dag.py
[2025-09-14T20:58:36.243+0000] {logging_mixin.py:188} INFO - [2025-09-14T20:58:36.242+0000] {dag.py:3096} INFO - Sync 1 DAGs
[2025-09-14T20:58:36.267+0000] {logging_mixin.py:188} INFO - [2025-09-14T20:58:36.266+0000] {dag.py:3954} INFO - Setting next_dagrun for bike_hour_pipeline to 2025-09-14 00:00:00+00:00, run_after=2025-09-15 00:00:00+00:00
[2025-09-14T20:58:36.285+0000] {processor.py:183} INFO - Processing /opt/airflow/dags/bike_hour_dag.py took 0.099 seconds
