[2025-09-14T20:42:44.405+0000] {processor.py:161} INFO - Started process (PID=190) to work on /opt/airflow/dags/clean_day_data.py
[2025-09-14T20:42:44.406+0000] {processor.py:830} INFO - Processing file /opt/airflow/dags/clean_day_data.py for tasks to queue
[2025-09-14T20:42:44.408+0000] {logging_mixin.py:188} INFO - [2025-09-14T20:42:44.408+0000] {dagbag.py:540} INFO - Filling up the DagBag from /opt/airflow/dags/clean_day_data.py
[2025-09-14T20:42:44.423+0000] {processor.py:840} INFO - DAG(s) 'clean_day_data' retrieved from /opt/airflow/dags/clean_day_data.py
[2025-09-14T20:42:44.521+0000] {logging_mixin.py:188} INFO - [2025-09-14T20:42:44.520+0000] {override.py:1829} INFO - Created Permission View: can delete on DAG:clean_day_data
[2025-09-14T20:42:44.531+0000] {logging_mixin.py:188} INFO - [2025-09-14T20:42:44.531+0000] {override.py:1829} INFO - Created Permission View: can edit on DAG:clean_day_data
[2025-09-14T20:42:44.539+0000] {logging_mixin.py:188} INFO - [2025-09-14T20:42:44.539+0000] {override.py:1829} INFO - Created Permission View: can read on DAG:clean_day_data
[2025-09-14T20:42:44.540+0000] {logging_mixin.py:188} INFO - [2025-09-14T20:42:44.540+0000] {dag.py:3096} INFO - Sync 1 DAGs
[2025-09-14T20:42:44.554+0000] {logging_mixin.py:188} INFO - [2025-09-14T20:42:44.553+0000] {dag.py:3118} INFO - Creating ORM DAG for clean_day_data
[2025-09-14T20:42:44.555+0000] {logging_mixin.py:188} INFO - [2025-09-14T20:42:44.555+0000] {dag.py:3954} INFO - Setting next_dagrun for clean_day_data to None, run_after=None
[2025-09-14T20:42:44.575+0000] {processor.py:183} INFO - Processing /opt/airflow/dags/clean_day_data.py took 0.176 seconds
[2025-09-14T20:43:15.386+0000] {processor.py:161} INFO - Started process (PID=223) to work on /opt/airflow/dags/clean_day_data.py
[2025-09-14T20:43:15.388+0000] {processor.py:830} INFO - Processing file /opt/airflow/dags/clean_day_data.py for tasks to queue
[2025-09-14T20:43:15.391+0000] {logging_mixin.py:188} INFO - [2025-09-14T20:43:15.390+0000] {dagbag.py:540} INFO - Filling up the DagBag from /opt/airflow/dags/clean_day_data.py
[2025-09-14T20:43:15.419+0000] {processor.py:840} INFO - DAG(s) 'clean_day_data' retrieved from /opt/airflow/dags/clean_day_data.py
[2025-09-14T20:43:15.455+0000] {logging_mixin.py:188} INFO - [2025-09-14T20:43:15.454+0000] {dag.py:3096} INFO - Sync 1 DAGs
[2025-09-14T20:43:15.467+0000] {logging_mixin.py:188} INFO - [2025-09-14T20:43:15.466+0000] {dag.py:3954} INFO - Setting next_dagrun for clean_day_data to None, run_after=None
[2025-09-14T20:43:15.488+0000] {processor.py:183} INFO - Processing /opt/airflow/dags/clean_day_data.py took 0.107 seconds
[2025-09-14T20:43:45.763+0000] {processor.py:161} INFO - Started process (PID=263) to work on /opt/airflow/dags/clean_day_data.py
[2025-09-14T20:43:45.764+0000] {processor.py:830} INFO - Processing file /opt/airflow/dags/clean_day_data.py for tasks to queue
[2025-09-14T20:43:45.766+0000] {logging_mixin.py:188} INFO - [2025-09-14T20:43:45.766+0000] {dagbag.py:540} INFO - Filling up the DagBag from /opt/airflow/dags/clean_day_data.py
[2025-09-14T20:43:45.780+0000] {processor.py:840} INFO - DAG(s) 'clean_day_data' retrieved from /opt/airflow/dags/clean_day_data.py
[2025-09-14T20:43:45.806+0000] {logging_mixin.py:188} INFO - [2025-09-14T20:43:45.806+0000] {dag.py:3096} INFO - Sync 1 DAGs
[2025-09-14T20:43:45.818+0000] {logging_mixin.py:188} INFO - [2025-09-14T20:43:45.817+0000] {dag.py:3954} INFO - Setting next_dagrun for clean_day_data to None, run_after=None
[2025-09-14T20:43:45.837+0000] {processor.py:183} INFO - Processing /opt/airflow/dags/clean_day_data.py took 0.080 seconds
[2025-09-14T20:44:16.278+0000] {processor.py:161} INFO - Started process (PID=298) to work on /opt/airflow/dags/clean_day_data.py
[2025-09-14T20:44:16.279+0000] {processor.py:830} INFO - Processing file /opt/airflow/dags/clean_day_data.py for tasks to queue
[2025-09-14T20:44:16.281+0000] {logging_mixin.py:188} INFO - [2025-09-14T20:44:16.281+0000] {dagbag.py:540} INFO - Filling up the DagBag from /opt/airflow/dags/clean_day_data.py
[2025-09-14T20:44:16.296+0000] {processor.py:840} INFO - DAG(s) 'clean_day_data' retrieved from /opt/airflow/dags/clean_day_data.py
[2025-09-14T20:44:16.333+0000] {logging_mixin.py:188} INFO - [2025-09-14T20:44:16.332+0000] {dag.py:3096} INFO - Sync 1 DAGs
[2025-09-14T20:44:16.369+0000] {logging_mixin.py:188} INFO - [2025-09-14T20:44:16.369+0000] {dag.py:3954} INFO - Setting next_dagrun for clean_day_data to None, run_after=None
[2025-09-14T20:44:16.393+0000] {processor.py:183} INFO - Processing /opt/airflow/dags/clean_day_data.py took 0.120 seconds
[2025-09-14T20:44:46.832+0000] {processor.py:161} INFO - Started process (PID=363) to work on /opt/airflow/dags/clean_day_data.py
[2025-09-14T20:44:46.834+0000] {processor.py:830} INFO - Processing file /opt/airflow/dags/clean_day_data.py for tasks to queue
[2025-09-14T20:44:46.836+0000] {logging_mixin.py:188} INFO - [2025-09-14T20:44:46.835+0000] {dagbag.py:540} INFO - Filling up the DagBag from /opt/airflow/dags/clean_day_data.py
[2025-09-14T20:44:46.854+0000] {processor.py:840} INFO - DAG(s) 'clean_day_data' retrieved from /opt/airflow/dags/clean_day_data.py
[2025-09-14T20:44:46.879+0000] {logging_mixin.py:188} INFO - [2025-09-14T20:44:46.879+0000] {dag.py:3096} INFO - Sync 1 DAGs
[2025-09-14T20:44:46.890+0000] {logging_mixin.py:188} INFO - [2025-09-14T20:44:46.890+0000] {dag.py:3954} INFO - Setting next_dagrun for clean_day_data to None, run_after=None
[2025-09-14T20:44:46.909+0000] {processor.py:183} INFO - Processing /opt/airflow/dags/clean_day_data.py took 0.083 seconds
[2025-09-14T20:45:18.818+0000] {processor.py:161} INFO - Started process (PID=398) to work on /opt/airflow/dags/clean_day_data.py
[2025-09-14T20:45:18.832+0000] {processor.py:830} INFO - Processing file /opt/airflow/dags/clean_day_data.py for tasks to queue
[2025-09-14T20:45:18.845+0000] {logging_mixin.py:188} INFO - [2025-09-14T20:45:18.844+0000] {dagbag.py:540} INFO - Filling up the DagBag from /opt/airflow/dags/clean_day_data.py
[2025-09-14T20:45:18.959+0000] {processor.py:840} INFO - DAG(s) 'clean_day_data' retrieved from /opt/airflow/dags/clean_day_data.py
[2025-09-14T20:45:19.100+0000] {logging_mixin.py:188} INFO - [2025-09-14T20:45:19.098+0000] {dag.py:3096} INFO - Sync 1 DAGs
[2025-09-14T20:45:19.151+0000] {logging_mixin.py:188} INFO - [2025-09-14T20:45:19.150+0000] {dag.py:3954} INFO - Setting next_dagrun for clean_day_data to None, run_after=None
[2025-09-14T20:45:19.214+0000] {processor.py:183} INFO - Processing /opt/airflow/dags/clean_day_data.py took 0.421 seconds
[2025-09-14T20:45:50.075+0000] {processor.py:161} INFO - Started process (PID=433) to work on /opt/airflow/dags/clean_day_data.py
[2025-09-14T20:45:50.077+0000] {processor.py:830} INFO - Processing file /opt/airflow/dags/clean_day_data.py for tasks to queue
[2025-09-14T20:45:50.080+0000] {logging_mixin.py:188} INFO - [2025-09-14T20:45:50.079+0000] {dagbag.py:540} INFO - Filling up the DagBag from /opt/airflow/dags/clean_day_data.py
[2025-09-14T20:45:50.149+0000] {processor.py:840} INFO - DAG(s) 'clean_day_data' retrieved from /opt/airflow/dags/clean_day_data.py
[2025-09-14T20:45:50.540+0000] {logging_mixin.py:188} INFO - [2025-09-14T20:45:50.534+0000] {dag.py:3096} INFO - Sync 1 DAGs
[2025-09-14T20:45:50.670+0000] {logging_mixin.py:188} INFO - [2025-09-14T20:45:50.669+0000] {dag.py:3954} INFO - Setting next_dagrun for clean_day_data to None, run_after=None
[2025-09-14T20:45:50.841+0000] {processor.py:183} INFO - Processing /opt/airflow/dags/clean_day_data.py took 0.773 seconds
[2025-09-14T20:46:21.717+0000] {processor.py:161} INFO - Started process (PID=468) to work on /opt/airflow/dags/clean_day_data.py
[2025-09-14T20:46:21.721+0000] {processor.py:830} INFO - Processing file /opt/airflow/dags/clean_day_data.py for tasks to queue
[2025-09-14T20:46:21.723+0000] {logging_mixin.py:188} INFO - [2025-09-14T20:46:21.723+0000] {dagbag.py:540} INFO - Filling up the DagBag from /opt/airflow/dags/clean_day_data.py
[2025-09-14T20:46:21.747+0000] {processor.py:840} INFO - DAG(s) 'clean_day_data' retrieved from /opt/airflow/dags/clean_day_data.py
[2025-09-14T20:46:21.828+0000] {logging_mixin.py:188} INFO - [2025-09-14T20:46:21.811+0000] {dag.py:3096} INFO - Sync 1 DAGs
[2025-09-14T20:46:21.980+0000] {logging_mixin.py:188} INFO - [2025-09-14T20:46:21.980+0000] {dag.py:3954} INFO - Setting next_dagrun for clean_day_data to None, run_after=None
[2025-09-14T20:46:22.021+0000] {processor.py:183} INFO - Processing /opt/airflow/dags/clean_day_data.py took 0.310 seconds
[2025-09-14T20:46:52.710+0000] {processor.py:161} INFO - Started process (PID=503) to work on /opt/airflow/dags/clean_day_data.py
[2025-09-14T20:46:52.718+0000] {processor.py:830} INFO - Processing file /opt/airflow/dags/clean_day_data.py for tasks to queue
[2025-09-14T20:46:52.735+0000] {logging_mixin.py:188} INFO - [2025-09-14T20:46:52.731+0000] {dagbag.py:540} INFO - Filling up the DagBag from /opt/airflow/dags/clean_day_data.py
[2025-09-14T20:46:52.818+0000] {processor.py:840} INFO - DAG(s) 'clean_day_data' retrieved from /opt/airflow/dags/clean_day_data.py
[2025-09-14T20:46:52.912+0000] {logging_mixin.py:188} INFO - [2025-09-14T20:46:52.911+0000] {dag.py:3096} INFO - Sync 1 DAGs
[2025-09-14T20:46:52.970+0000] {logging_mixin.py:188} INFO - [2025-09-14T20:46:52.970+0000] {dag.py:3954} INFO - Setting next_dagrun for clean_day_data to None, run_after=None
[2025-09-14T20:46:53.017+0000] {processor.py:183} INFO - Processing /opt/airflow/dags/clean_day_data.py took 0.321 seconds
[2025-09-14T20:47:23.758+0000] {processor.py:161} INFO - Started process (PID=538) to work on /opt/airflow/dags/clean_day_data.py
[2025-09-14T20:47:23.760+0000] {processor.py:830} INFO - Processing file /opt/airflow/dags/clean_day_data.py for tasks to queue
[2025-09-14T20:47:23.763+0000] {logging_mixin.py:188} INFO - [2025-09-14T20:47:23.762+0000] {dagbag.py:540} INFO - Filling up the DagBag from /opt/airflow/dags/clean_day_data.py
[2025-09-14T20:47:23.783+0000] {processor.py:840} INFO - DAG(s) 'clean_day_data' retrieved from /opt/airflow/dags/clean_day_data.py
[2025-09-14T20:47:23.826+0000] {logging_mixin.py:188} INFO - [2025-09-14T20:47:23.825+0000] {dag.py:3096} INFO - Sync 1 DAGs
[2025-09-14T20:47:23.875+0000] {logging_mixin.py:188} INFO - [2025-09-14T20:47:23.875+0000] {dag.py:3954} INFO - Setting next_dagrun for clean_day_data to None, run_after=None
[2025-09-14T20:47:23.906+0000] {processor.py:183} INFO - Processing /opt/airflow/dags/clean_day_data.py took 0.155 seconds
[2025-09-14T20:47:53.994+0000] {processor.py:161} INFO - Started process (PID=573) to work on /opt/airflow/dags/clean_day_data.py
[2025-09-14T20:47:53.996+0000] {processor.py:830} INFO - Processing file /opt/airflow/dags/clean_day_data.py for tasks to queue
[2025-09-14T20:47:54.000+0000] {logging_mixin.py:188} INFO - [2025-09-14T20:47:54.000+0000] {dagbag.py:540} INFO - Filling up the DagBag from /opt/airflow/dags/clean_day_data.py
[2025-09-14T20:47:54.019+0000] {processor.py:840} INFO - DAG(s) 'clean_day_data' retrieved from /opt/airflow/dags/clean_day_data.py
[2025-09-14T20:47:54.059+0000] {logging_mixin.py:188} INFO - [2025-09-14T20:47:54.058+0000] {dag.py:3096} INFO - Sync 1 DAGs
[2025-09-14T20:47:54.075+0000] {logging_mixin.py:188} INFO - [2025-09-14T20:47:54.075+0000] {dag.py:3954} INFO - Setting next_dagrun for clean_day_data to None, run_after=None
[2025-09-14T20:47:54.115+0000] {processor.py:183} INFO - Processing /opt/airflow/dags/clean_day_data.py took 0.128 seconds
[2025-09-14T20:48:24.833+0000] {processor.py:161} INFO - Started process (PID=608) to work on /opt/airflow/dags/clean_day_data.py
[2025-09-14T20:48:24.835+0000] {processor.py:830} INFO - Processing file /opt/airflow/dags/clean_day_data.py for tasks to queue
[2025-09-14T20:48:24.841+0000] {logging_mixin.py:188} INFO - [2025-09-14T20:48:24.841+0000] {dagbag.py:540} INFO - Filling up the DagBag from /opt/airflow/dags/clean_day_data.py
[2025-09-14T20:48:24.877+0000] {processor.py:840} INFO - DAG(s) 'clean_day_data' retrieved from /opt/airflow/dags/clean_day_data.py
[2025-09-14T20:48:24.944+0000] {logging_mixin.py:188} INFO - [2025-09-14T20:48:24.944+0000] {dag.py:3096} INFO - Sync 1 DAGs
[2025-09-14T20:48:24.968+0000] {logging_mixin.py:188} INFO - [2025-09-14T20:48:24.967+0000] {dag.py:3954} INFO - Setting next_dagrun for clean_day_data to None, run_after=None
[2025-09-14T20:48:25.012+0000] {processor.py:183} INFO - Processing /opt/airflow/dags/clean_day_data.py took 0.194 seconds
[2025-09-14T20:48:55.826+0000] {processor.py:161} INFO - Started process (PID=643) to work on /opt/airflow/dags/clean_day_data.py
[2025-09-14T20:48:55.828+0000] {processor.py:830} INFO - Processing file /opt/airflow/dags/clean_day_data.py for tasks to queue
[2025-09-14T20:48:55.830+0000] {logging_mixin.py:188} INFO - [2025-09-14T20:48:55.829+0000] {dagbag.py:540} INFO - Filling up the DagBag from /opt/airflow/dags/clean_day_data.py
[2025-09-14T20:48:55.848+0000] {processor.py:840} INFO - DAG(s) 'clean_day_data' retrieved from /opt/airflow/dags/clean_day_data.py
[2025-09-14T20:48:55.881+0000] {logging_mixin.py:188} INFO - [2025-09-14T20:48:55.880+0000] {dag.py:3096} INFO - Sync 1 DAGs
[2025-09-14T20:48:55.892+0000] {logging_mixin.py:188} INFO - [2025-09-14T20:48:55.892+0000] {dag.py:3954} INFO - Setting next_dagrun for clean_day_data to None, run_after=None
[2025-09-14T20:48:55.911+0000] {processor.py:183} INFO - Processing /opt/airflow/dags/clean_day_data.py took 0.091 seconds
[2025-09-14T20:49:26.124+0000] {processor.py:161} INFO - Started process (PID=678) to work on /opt/airflow/dags/clean_day_data.py
[2025-09-14T20:49:26.125+0000] {processor.py:830} INFO - Processing file /opt/airflow/dags/clean_day_data.py for tasks to queue
[2025-09-14T20:49:26.129+0000] {logging_mixin.py:188} INFO - [2025-09-14T20:49:26.128+0000] {dagbag.py:540} INFO - Filling up the DagBag from /opt/airflow/dags/clean_day_data.py
[2025-09-14T20:49:26.153+0000] {processor.py:840} INFO - DAG(s) 'clean_day_data' retrieved from /opt/airflow/dags/clean_day_data.py
[2025-09-14T20:49:26.231+0000] {logging_mixin.py:188} INFO - [2025-09-14T20:49:26.230+0000] {dag.py:3096} INFO - Sync 1 DAGs
[2025-09-14T20:49:26.276+0000] {logging_mixin.py:188} INFO - [2025-09-14T20:49:26.275+0000] {dag.py:3954} INFO - Setting next_dagrun for clean_day_data to None, run_after=None
[2025-09-14T20:49:26.333+0000] {processor.py:183} INFO - Processing /opt/airflow/dags/clean_day_data.py took 0.220 seconds
[2025-09-14T20:49:56.882+0000] {processor.py:161} INFO - Started process (PID=717) to work on /opt/airflow/dags/clean_day_data.py
[2025-09-14T20:49:56.883+0000] {processor.py:830} INFO - Processing file /opt/airflow/dags/clean_day_data.py for tasks to queue
[2025-09-14T20:49:56.885+0000] {logging_mixin.py:188} INFO - [2025-09-14T20:49:56.884+0000] {dagbag.py:540} INFO - Filling up the DagBag from /opt/airflow/dags/clean_day_data.py
[2025-09-14T20:49:56.906+0000] {processor.py:840} INFO - DAG(s) 'clean_day_data' retrieved from /opt/airflow/dags/clean_day_data.py
[2025-09-14T20:49:56.944+0000] {logging_mixin.py:188} INFO - [2025-09-14T20:49:56.943+0000] {dag.py:3096} INFO - Sync 1 DAGs
[2025-09-14T20:49:56.959+0000] {logging_mixin.py:188} INFO - [2025-09-14T20:49:56.959+0000] {dag.py:3954} INFO - Setting next_dagrun for clean_day_data to None, run_after=None
[2025-09-14T20:49:56.983+0000] {processor.py:183} INFO - Processing /opt/airflow/dags/clean_day_data.py took 0.109 seconds
[2025-09-14T20:50:27.222+0000] {processor.py:161} INFO - Started process (PID=752) to work on /opt/airflow/dags/clean_day_data.py
[2025-09-14T20:50:27.223+0000] {processor.py:830} INFO - Processing file /opt/airflow/dags/clean_day_data.py for tasks to queue
[2025-09-14T20:50:27.224+0000] {logging_mixin.py:188} INFO - [2025-09-14T20:50:27.224+0000] {dagbag.py:540} INFO - Filling up the DagBag from /opt/airflow/dags/clean_day_data.py
[2025-09-14T20:50:27.242+0000] {processor.py:840} INFO - DAG(s) 'clean_day_data' retrieved from /opt/airflow/dags/clean_day_data.py
[2025-09-14T20:50:27.276+0000] {logging_mixin.py:188} INFO - [2025-09-14T20:50:27.276+0000] {dag.py:3096} INFO - Sync 1 DAGs
[2025-09-14T20:50:27.289+0000] {logging_mixin.py:188} INFO - [2025-09-14T20:50:27.289+0000] {dag.py:3954} INFO - Setting next_dagrun for clean_day_data to None, run_after=None
[2025-09-14T20:50:27.312+0000] {processor.py:183} INFO - Processing /opt/airflow/dags/clean_day_data.py took 0.095 seconds
[2025-09-14T20:50:57.746+0000] {processor.py:161} INFO - Started process (PID=787) to work on /opt/airflow/dags/clean_day_data.py
[2025-09-14T20:50:57.747+0000] {processor.py:830} INFO - Processing file /opt/airflow/dags/clean_day_data.py for tasks to queue
[2025-09-14T20:50:57.749+0000] {logging_mixin.py:188} INFO - [2025-09-14T20:50:57.748+0000] {dagbag.py:540} INFO - Filling up the DagBag from /opt/airflow/dags/clean_day_data.py
[2025-09-14T20:50:57.765+0000] {processor.py:840} INFO - DAG(s) 'clean_day_data' retrieved from /opt/airflow/dags/clean_day_data.py
[2025-09-14T20:50:57.791+0000] {logging_mixin.py:188} INFO - [2025-09-14T20:50:57.791+0000] {dag.py:3096} INFO - Sync 1 DAGs
[2025-09-14T20:50:57.803+0000] {logging_mixin.py:188} INFO - [2025-09-14T20:50:57.803+0000] {dag.py:3954} INFO - Setting next_dagrun for clean_day_data to None, run_after=None
[2025-09-14T20:50:57.822+0000] {processor.py:183} INFO - Processing /opt/airflow/dags/clean_day_data.py took 0.082 seconds
[2025-09-14T20:51:28.162+0000] {processor.py:161} INFO - Started process (PID=822) to work on /opt/airflow/dags/clean_day_data.py
[2025-09-14T20:51:28.163+0000] {processor.py:830} INFO - Processing file /opt/airflow/dags/clean_day_data.py for tasks to queue
[2025-09-14T20:51:28.165+0000] {logging_mixin.py:188} INFO - [2025-09-14T20:51:28.165+0000] {dagbag.py:540} INFO - Filling up the DagBag from /opt/airflow/dags/clean_day_data.py
[2025-09-14T20:51:28.181+0000] {processor.py:840} INFO - DAG(s) 'clean_day_data' retrieved from /opt/airflow/dags/clean_day_data.py
[2025-09-14T20:51:28.208+0000] {logging_mixin.py:188} INFO - [2025-09-14T20:51:28.208+0000] {dag.py:3096} INFO - Sync 1 DAGs
[2025-09-14T20:51:28.222+0000] {logging_mixin.py:188} INFO - [2025-09-14T20:51:28.221+0000] {dag.py:3954} INFO - Setting next_dagrun for clean_day_data to None, run_after=None
[2025-09-14T20:51:28.243+0000] {processor.py:183} INFO - Processing /opt/airflow/dags/clean_day_data.py took 0.086 seconds
[2025-09-14T20:51:58.645+0000] {processor.py:161} INFO - Started process (PID=857) to work on /opt/airflow/dags/clean_day_data.py
[2025-09-14T20:51:58.646+0000] {processor.py:830} INFO - Processing file /opt/airflow/dags/clean_day_data.py for tasks to queue
[2025-09-14T20:51:58.648+0000] {logging_mixin.py:188} INFO - [2025-09-14T20:51:58.647+0000] {dagbag.py:540} INFO - Filling up the DagBag from /opt/airflow/dags/clean_day_data.py
[2025-09-14T20:51:58.662+0000] {processor.py:840} INFO - DAG(s) 'clean_day_data' retrieved from /opt/airflow/dags/clean_day_data.py
[2025-09-14T20:51:58.689+0000] {logging_mixin.py:188} INFO - [2025-09-14T20:51:58.688+0000] {dag.py:3096} INFO - Sync 1 DAGs
[2025-09-14T20:51:58.701+0000] {logging_mixin.py:188} INFO - [2025-09-14T20:51:58.701+0000] {dag.py:3954} INFO - Setting next_dagrun for clean_day_data to None, run_after=None
[2025-09-14T20:51:58.720+0000] {processor.py:183} INFO - Processing /opt/airflow/dags/clean_day_data.py took 0.081 seconds
[2025-09-14T20:52:29.279+0000] {processor.py:161} INFO - Started process (PID=892) to work on /opt/airflow/dags/clean_day_data.py
[2025-09-14T20:52:29.280+0000] {processor.py:830} INFO - Processing file /opt/airflow/dags/clean_day_data.py for tasks to queue
[2025-09-14T20:52:29.282+0000] {logging_mixin.py:188} INFO - [2025-09-14T20:52:29.282+0000] {dagbag.py:540} INFO - Filling up the DagBag from /opt/airflow/dags/clean_day_data.py
[2025-09-14T20:52:29.308+0000] {processor.py:840} INFO - DAG(s) 'clean_day_data' retrieved from /opt/airflow/dags/clean_day_data.py
[2025-09-14T20:52:29.334+0000] {logging_mixin.py:188} INFO - [2025-09-14T20:52:29.333+0000] {dag.py:3096} INFO - Sync 1 DAGs
[2025-09-14T20:52:29.394+0000] {logging_mixin.py:188} INFO - [2025-09-14T20:52:29.393+0000] {dag.py:3954} INFO - Setting next_dagrun for clean_day_data to None, run_after=None
[2025-09-14T20:52:29.426+0000] {processor.py:183} INFO - Processing /opt/airflow/dags/clean_day_data.py took 0.152 seconds
[2025-09-14T20:52:59.972+0000] {processor.py:161} INFO - Started process (PID=927) to work on /opt/airflow/dags/clean_day_data.py
[2025-09-14T20:52:59.973+0000] {processor.py:830} INFO - Processing file /opt/airflow/dags/clean_day_data.py for tasks to queue
[2025-09-14T20:52:59.975+0000] {logging_mixin.py:188} INFO - [2025-09-14T20:52:59.975+0000] {dagbag.py:540} INFO - Filling up the DagBag from /opt/airflow/dags/clean_day_data.py
[2025-09-14T20:52:59.991+0000] {processor.py:840} INFO - DAG(s) 'clean_day_data' retrieved from /opt/airflow/dags/clean_day_data.py
[2025-09-14T20:53:00.016+0000] {logging_mixin.py:188} INFO - [2025-09-14T20:53:00.016+0000] {dag.py:3096} INFO - Sync 1 DAGs
[2025-09-14T20:53:00.030+0000] {logging_mixin.py:188} INFO - [2025-09-14T20:53:00.030+0000] {dag.py:3954} INFO - Setting next_dagrun for clean_day_data to None, run_after=None
[2025-09-14T20:53:00.050+0000] {processor.py:183} INFO - Processing /opt/airflow/dags/clean_day_data.py took 0.084 seconds
[2025-09-14T20:53:30.517+0000] {processor.py:161} INFO - Started process (PID=962) to work on /opt/airflow/dags/clean_day_data.py
[2025-09-14T20:53:30.517+0000] {processor.py:830} INFO - Processing file /opt/airflow/dags/clean_day_data.py for tasks to queue
[2025-09-14T20:53:30.519+0000] {logging_mixin.py:188} INFO - [2025-09-14T20:53:30.519+0000] {dagbag.py:540} INFO - Filling up the DagBag from /opt/airflow/dags/clean_day_data.py
[2025-09-14T20:53:30.535+0000] {processor.py:840} INFO - DAG(s) 'clean_day_data' retrieved from /opt/airflow/dags/clean_day_data.py
[2025-09-14T20:53:30.559+0000] {logging_mixin.py:188} INFO - [2025-09-14T20:53:30.559+0000] {dag.py:3096} INFO - Sync 1 DAGs
[2025-09-14T20:53:30.571+0000] {logging_mixin.py:188} INFO - [2025-09-14T20:53:30.571+0000] {dag.py:3954} INFO - Setting next_dagrun for clean_day_data to None, run_after=None
[2025-09-14T20:53:30.592+0000] {processor.py:183} INFO - Processing /opt/airflow/dags/clean_day_data.py took 0.081 seconds
[2025-09-14T20:54:00.974+0000] {processor.py:161} INFO - Started process (PID=997) to work on /opt/airflow/dags/clean_day_data.py
[2025-09-14T20:54:00.976+0000] {processor.py:830} INFO - Processing file /opt/airflow/dags/clean_day_data.py for tasks to queue
[2025-09-14T20:54:00.977+0000] {logging_mixin.py:188} INFO - [2025-09-14T20:54:00.977+0000] {dagbag.py:540} INFO - Filling up the DagBag from /opt/airflow/dags/clean_day_data.py
[2025-09-14T20:54:00.993+0000] {processor.py:840} INFO - DAG(s) 'clean_day_data' retrieved from /opt/airflow/dags/clean_day_data.py
[2025-09-14T20:54:01.020+0000] {logging_mixin.py:188} INFO - [2025-09-14T20:54:01.020+0000] {dag.py:3096} INFO - Sync 1 DAGs
[2025-09-14T20:54:01.033+0000] {logging_mixin.py:188} INFO - [2025-09-14T20:54:01.033+0000] {dag.py:3954} INFO - Setting next_dagrun for clean_day_data to None, run_after=None
[2025-09-14T20:54:01.055+0000] {processor.py:183} INFO - Processing /opt/airflow/dags/clean_day_data.py took 0.086 seconds
[2025-09-14T20:54:31.534+0000] {processor.py:161} INFO - Started process (PID=1032) to work on /opt/airflow/dags/clean_day_data.py
[2025-09-14T20:54:31.535+0000] {processor.py:830} INFO - Processing file /opt/airflow/dags/clean_day_data.py for tasks to queue
[2025-09-14T20:54:31.537+0000] {logging_mixin.py:188} INFO - [2025-09-14T20:54:31.536+0000] {dagbag.py:540} INFO - Filling up the DagBag from /opt/airflow/dags/clean_day_data.py
[2025-09-14T20:54:31.552+0000] {processor.py:840} INFO - DAG(s) 'clean_day_data' retrieved from /opt/airflow/dags/clean_day_data.py
[2025-09-14T20:54:31.578+0000] {logging_mixin.py:188} INFO - [2025-09-14T20:54:31.577+0000] {dag.py:3096} INFO - Sync 1 DAGs
[2025-09-14T20:54:31.589+0000] {logging_mixin.py:188} INFO - [2025-09-14T20:54:31.589+0000] {dag.py:3954} INFO - Setting next_dagrun for clean_day_data to None, run_after=None
[2025-09-14T20:54:31.609+0000] {processor.py:183} INFO - Processing /opt/airflow/dags/clean_day_data.py took 0.080 seconds
[2025-09-14T20:55:02.009+0000] {processor.py:161} INFO - Started process (PID=1067) to work on /opt/airflow/dags/clean_day_data.py
[2025-09-14T20:55:02.010+0000] {processor.py:830} INFO - Processing file /opt/airflow/dags/clean_day_data.py for tasks to queue
[2025-09-14T20:55:02.012+0000] {logging_mixin.py:188} INFO - [2025-09-14T20:55:02.011+0000] {dagbag.py:540} INFO - Filling up the DagBag from /opt/airflow/dags/clean_day_data.py
[2025-09-14T20:55:02.034+0000] {processor.py:840} INFO - DAG(s) 'clean_day_data' retrieved from /opt/airflow/dags/clean_day_data.py
[2025-09-14T20:55:02.063+0000] {logging_mixin.py:188} INFO - [2025-09-14T20:55:02.063+0000] {dag.py:3096} INFO - Sync 1 DAGs
[2025-09-14T20:55:02.076+0000] {logging_mixin.py:188} INFO - [2025-09-14T20:55:02.075+0000] {dag.py:3954} INFO - Setting next_dagrun for clean_day_data to None, run_after=None
[2025-09-14T20:55:02.095+0000] {processor.py:183} INFO - Processing /opt/airflow/dags/clean_day_data.py took 0.092 seconds
[2025-09-14T20:55:32.608+0000] {processor.py:161} INFO - Started process (PID=1102) to work on /opt/airflow/dags/clean_day_data.py
[2025-09-14T20:55:32.609+0000] {processor.py:830} INFO - Processing file /opt/airflow/dags/clean_day_data.py for tasks to queue
[2025-09-14T20:55:32.611+0000] {logging_mixin.py:188} INFO - [2025-09-14T20:55:32.611+0000] {dagbag.py:540} INFO - Filling up the DagBag from /opt/airflow/dags/clean_day_data.py
[2025-09-14T20:55:32.632+0000] {processor.py:840} INFO - DAG(s) 'clean_day_data' retrieved from /opt/airflow/dags/clean_day_data.py
[2025-09-14T20:55:32.662+0000] {logging_mixin.py:188} INFO - [2025-09-14T20:55:32.661+0000] {dag.py:3096} INFO - Sync 1 DAGs
[2025-09-14T20:55:32.677+0000] {logging_mixin.py:188} INFO - [2025-09-14T20:55:32.677+0000] {dag.py:3954} INFO - Setting next_dagrun for clean_day_data to None, run_after=None
[2025-09-14T20:55:32.716+0000] {processor.py:183} INFO - Processing /opt/airflow/dags/clean_day_data.py took 0.114 seconds
[2025-09-14T20:56:03.204+0000] {processor.py:161} INFO - Started process (PID=1137) to work on /opt/airflow/dags/clean_day_data.py
[2025-09-14T20:56:03.205+0000] {processor.py:830} INFO - Processing file /opt/airflow/dags/clean_day_data.py for tasks to queue
[2025-09-14T20:56:03.207+0000] {logging_mixin.py:188} INFO - [2025-09-14T20:56:03.207+0000] {dagbag.py:540} INFO - Filling up the DagBag from /opt/airflow/dags/clean_day_data.py
[2025-09-14T20:56:03.224+0000] {processor.py:840} INFO - DAG(s) 'clean_day_data' retrieved from /opt/airflow/dags/clean_day_data.py
[2025-09-14T20:56:03.252+0000] {logging_mixin.py:188} INFO - [2025-09-14T20:56:03.251+0000] {dag.py:3096} INFO - Sync 1 DAGs
[2025-09-14T20:56:03.263+0000] {logging_mixin.py:188} INFO - [2025-09-14T20:56:03.263+0000] {dag.py:3954} INFO - Setting next_dagrun for clean_day_data to None, run_after=None
[2025-09-14T20:56:03.283+0000] {processor.py:183} INFO - Processing /opt/airflow/dags/clean_day_data.py took 0.084 seconds
[2025-09-14T20:56:33.702+0000] {processor.py:161} INFO - Started process (PID=1172) to work on /opt/airflow/dags/clean_day_data.py
[2025-09-14T20:56:33.703+0000] {processor.py:830} INFO - Processing file /opt/airflow/dags/clean_day_data.py for tasks to queue
[2025-09-14T20:56:33.705+0000] {logging_mixin.py:188} INFO - [2025-09-14T20:56:33.704+0000] {dagbag.py:540} INFO - Filling up the DagBag from /opt/airflow/dags/clean_day_data.py
[2025-09-14T20:56:33.719+0000] {processor.py:840} INFO - DAG(s) 'clean_day_data' retrieved from /opt/airflow/dags/clean_day_data.py
[2025-09-14T20:56:33.747+0000] {logging_mixin.py:188} INFO - [2025-09-14T20:56:33.746+0000] {dag.py:3096} INFO - Sync 1 DAGs
[2025-09-14T20:56:33.758+0000] {logging_mixin.py:188} INFO - [2025-09-14T20:56:33.758+0000] {dag.py:3954} INFO - Setting next_dagrun for clean_day_data to None, run_after=None
[2025-09-14T20:56:33.780+0000] {processor.py:183} INFO - Processing /opt/airflow/dags/clean_day_data.py took 0.083 seconds
[2025-09-14T20:57:04.165+0000] {processor.py:161} INFO - Started process (PID=1207) to work on /opt/airflow/dags/clean_day_data.py
[2025-09-14T20:57:04.166+0000] {processor.py:830} INFO - Processing file /opt/airflow/dags/clean_day_data.py for tasks to queue
[2025-09-14T20:57:04.168+0000] {logging_mixin.py:188} INFO - [2025-09-14T20:57:04.168+0000] {dagbag.py:540} INFO - Filling up the DagBag from /opt/airflow/dags/clean_day_data.py
[2025-09-14T20:57:04.183+0000] {processor.py:840} INFO - DAG(s) 'clean_day_data' retrieved from /opt/airflow/dags/clean_day_data.py
[2025-09-14T20:57:04.210+0000] {logging_mixin.py:188} INFO - [2025-09-14T20:57:04.210+0000] {dag.py:3096} INFO - Sync 1 DAGs
[2025-09-14T20:57:04.223+0000] {logging_mixin.py:188} INFO - [2025-09-14T20:57:04.222+0000] {dag.py:3954} INFO - Setting next_dagrun for clean_day_data to None, run_after=None
[2025-09-14T20:57:04.244+0000] {processor.py:183} INFO - Processing /opt/airflow/dags/clean_day_data.py took 0.084 seconds
[2025-09-14T20:57:34.727+0000] {processor.py:161} INFO - Started process (PID=1242) to work on /opt/airflow/dags/clean_day_data.py
[2025-09-14T20:57:34.728+0000] {processor.py:830} INFO - Processing file /opt/airflow/dags/clean_day_data.py for tasks to queue
[2025-09-14T20:57:34.730+0000] {logging_mixin.py:188} INFO - [2025-09-14T20:57:34.730+0000] {dagbag.py:540} INFO - Filling up the DagBag from /opt/airflow/dags/clean_day_data.py
[2025-09-14T20:57:34.747+0000] {processor.py:840} INFO - DAG(s) 'clean_day_data' retrieved from /opt/airflow/dags/clean_day_data.py
[2025-09-14T20:57:34.777+0000] {logging_mixin.py:188} INFO - [2025-09-14T20:57:34.776+0000] {dag.py:3096} INFO - Sync 1 DAGs
[2025-09-14T20:57:34.793+0000] {logging_mixin.py:188} INFO - [2025-09-14T20:57:34.793+0000] {dag.py:3954} INFO - Setting next_dagrun for clean_day_data to None, run_after=None
[2025-09-14T20:57:34.814+0000] {processor.py:183} INFO - Processing /opt/airflow/dags/clean_day_data.py took 0.092 seconds
[2025-09-14T20:58:05.366+0000] {processor.py:161} INFO - Started process (PID=1277) to work on /opt/airflow/dags/clean_day_data.py
[2025-09-14T20:58:05.367+0000] {processor.py:830} INFO - Processing file /opt/airflow/dags/clean_day_data.py for tasks to queue
[2025-09-14T20:58:05.369+0000] {logging_mixin.py:188} INFO - [2025-09-14T20:58:05.369+0000] {dagbag.py:540} INFO - Filling up the DagBag from /opt/airflow/dags/clean_day_data.py
[2025-09-14T20:58:05.384+0000] {processor.py:840} INFO - DAG(s) 'clean_day_data' retrieved from /opt/airflow/dags/clean_day_data.py
[2025-09-14T20:58:05.409+0000] {logging_mixin.py:188} INFO - [2025-09-14T20:58:05.408+0000] {dag.py:3096} INFO - Sync 1 DAGs
[2025-09-14T20:58:05.421+0000] {logging_mixin.py:188} INFO - [2025-09-14T20:58:05.421+0000] {dag.py:3954} INFO - Setting next_dagrun for clean_day_data to None, run_after=None
[2025-09-14T20:58:05.442+0000] {processor.py:183} INFO - Processing /opt/airflow/dags/clean_day_data.py took 0.082 seconds
[2025-09-14T20:58:36.047+0000] {processor.py:161} INFO - Started process (PID=1312) to work on /opt/airflow/dags/clean_day_data.py
[2025-09-14T20:58:36.048+0000] {processor.py:830} INFO - Processing file /opt/airflow/dags/clean_day_data.py for tasks to queue
[2025-09-14T20:58:36.052+0000] {logging_mixin.py:188} INFO - [2025-09-14T20:58:36.051+0000] {dagbag.py:540} INFO - Filling up the DagBag from /opt/airflow/dags/clean_day_data.py
[2025-09-14T20:58:36.080+0000] {processor.py:840} INFO - DAG(s) 'clean_day_data' retrieved from /opt/airflow/dags/clean_day_data.py
[2025-09-14T20:58:36.108+0000] {logging_mixin.py:188} INFO - [2025-09-14T20:58:36.106+0000] {dag.py:3096} INFO - Sync 1 DAGs
[2025-09-14T20:58:36.121+0000] {logging_mixin.py:188} INFO - [2025-09-14T20:58:36.121+0000] {dag.py:3954} INFO - Setting next_dagrun for clean_day_data to None, run_after=None
[2025-09-14T20:58:36.142+0000] {processor.py:183} INFO - Processing /opt/airflow/dags/clean_day_data.py took 0.118 seconds
