[2025-09-14T20:42:44.414+0000] {processor.py:161} INFO - Started process (PID=193) to work on /opt/airflow/dags/clean_hour_data.py
[2025-09-14T20:42:44.415+0000] {processor.py:830} INFO - Processing file /opt/airflow/dags/clean_hour_data.py for tasks to queue
[2025-09-14T20:42:44.417+0000] {logging_mixin.py:188} INFO - [2025-09-14T20:42:44.417+0000] {dagbag.py:540} INFO - Filling up the DagBag from /opt/airflow/dags/clean_hour_data.py
[2025-09-14T20:42:44.434+0000] {processor.py:840} INFO - DAG(s) 'clean_hour_data' retrieved from /opt/airflow/dags/clean_hour_data.py
[2025-09-14T20:42:44.534+0000] {logging_mixin.py:188} INFO - [2025-09-14T20:42:44.533+0000] {override.py:1829} INFO - Created Permission View: can delete on DAG:clean_hour_data
[2025-09-14T20:42:44.545+0000] {logging_mixin.py:188} INFO - [2025-09-14T20:42:44.544+0000] {override.py:1829} INFO - Created Permission View: can edit on DAG:clean_hour_data
[2025-09-14T20:42:44.552+0000] {logging_mixin.py:188} INFO - [2025-09-14T20:42:44.551+0000] {override.py:1829} INFO - Created Permission View: can read on DAG:clean_hour_data
[2025-09-14T20:42:44.553+0000] {logging_mixin.py:188} INFO - [2025-09-14T20:42:44.552+0000] {dag.py:3096} INFO - Sync 1 DAGs
[2025-09-14T20:42:44.565+0000] {logging_mixin.py:188} INFO - [2025-09-14T20:42:44.565+0000] {dag.py:3118} INFO - Creating ORM DAG for clean_hour_data
[2025-09-14T20:42:44.566+0000] {logging_mixin.py:188} INFO - [2025-09-14T20:42:44.566+0000] {dag.py:3954} INFO - Setting next_dagrun for clean_hour_data to None, run_after=None
[2025-09-14T20:42:44.584+0000] {processor.py:183} INFO - Processing /opt/airflow/dags/clean_hour_data.py took 0.177 seconds
[2025-09-14T20:43:15.441+0000] {processor.py:161} INFO - Started process (PID=228) to work on /opt/airflow/dags/clean_hour_data.py
[2025-09-14T20:43:15.442+0000] {processor.py:830} INFO - Processing file /opt/airflow/dags/clean_hour_data.py for tasks to queue
[2025-09-14T20:43:15.444+0000] {logging_mixin.py:188} INFO - [2025-09-14T20:43:15.444+0000] {dagbag.py:540} INFO - Filling up the DagBag from /opt/airflow/dags/clean_hour_data.py
[2025-09-14T20:43:15.462+0000] {processor.py:840} INFO - DAG(s) 'clean_hour_data' retrieved from /opt/airflow/dags/clean_hour_data.py
[2025-09-14T20:43:15.498+0000] {logging_mixin.py:188} INFO - [2025-09-14T20:43:15.498+0000] {dag.py:3096} INFO - Sync 1 DAGs
[2025-09-14T20:43:15.511+0000] {logging_mixin.py:188} INFO - [2025-09-14T20:43:15.511+0000] {dag.py:3954} INFO - Setting next_dagrun for clean_hour_data to None, run_after=None
[2025-09-14T20:43:15.532+0000] {processor.py:183} INFO - Processing /opt/airflow/dags/clean_hour_data.py took 0.096 seconds
[2025-09-14T20:43:45.884+0000] {processor.py:161} INFO - Started process (PID=268) to work on /opt/airflow/dags/clean_hour_data.py
[2025-09-14T20:43:45.886+0000] {processor.py:830} INFO - Processing file /opt/airflow/dags/clean_hour_data.py for tasks to queue
[2025-09-14T20:43:45.888+0000] {logging_mixin.py:188} INFO - [2025-09-14T20:43:45.887+0000] {dagbag.py:540} INFO - Filling up the DagBag from /opt/airflow/dags/clean_hour_data.py
[2025-09-14T20:43:45.906+0000] {processor.py:840} INFO - DAG(s) 'clean_hour_data' retrieved from /opt/airflow/dags/clean_hour_data.py
[2025-09-14T20:43:45.946+0000] {logging_mixin.py:188} INFO - [2025-09-14T20:43:45.945+0000] {dag.py:3096} INFO - Sync 1 DAGs
[2025-09-14T20:43:45.965+0000] {logging_mixin.py:188} INFO - [2025-09-14T20:43:45.964+0000] {dag.py:3954} INFO - Setting next_dagrun for clean_hour_data to None, run_after=None
[2025-09-14T20:43:45.992+0000] {processor.py:183} INFO - Processing /opt/airflow/dags/clean_hour_data.py took 0.113 seconds
[2025-09-14T20:44:16.435+0000] {processor.py:161} INFO - Started process (PID=303) to work on /opt/airflow/dags/clean_hour_data.py
[2025-09-14T20:44:16.436+0000] {processor.py:830} INFO - Processing file /opt/airflow/dags/clean_hour_data.py for tasks to queue
[2025-09-14T20:44:16.438+0000] {logging_mixin.py:188} INFO - [2025-09-14T20:44:16.438+0000] {dagbag.py:540} INFO - Filling up the DagBag from /opt/airflow/dags/clean_hour_data.py
[2025-09-14T20:44:16.456+0000] {processor.py:840} INFO - DAG(s) 'clean_hour_data' retrieved from /opt/airflow/dags/clean_hour_data.py
[2025-09-14T20:44:16.486+0000] {logging_mixin.py:188} INFO - [2025-09-14T20:44:16.486+0000] {dag.py:3096} INFO - Sync 1 DAGs
[2025-09-14T20:44:16.497+0000] {logging_mixin.py:188} INFO - [2025-09-14T20:44:16.497+0000] {dag.py:3954} INFO - Setting next_dagrun for clean_hour_data to None, run_after=None
[2025-09-14T20:44:16.517+0000] {processor.py:183} INFO - Processing /opt/airflow/dags/clean_hour_data.py took 0.088 seconds
[2025-09-14T20:44:46.951+0000] {processor.py:161} INFO - Started process (PID=368) to work on /opt/airflow/dags/clean_hour_data.py
[2025-09-14T20:44:46.952+0000] {processor.py:830} INFO - Processing file /opt/airflow/dags/clean_hour_data.py for tasks to queue
[2025-09-14T20:44:46.955+0000] {logging_mixin.py:188} INFO - [2025-09-14T20:44:46.954+0000] {dagbag.py:540} INFO - Filling up the DagBag from /opt/airflow/dags/clean_hour_data.py
[2025-09-14T20:44:46.975+0000] {processor.py:840} INFO - DAG(s) 'clean_hour_data' retrieved from /opt/airflow/dags/clean_hour_data.py
[2025-09-14T20:44:47.003+0000] {logging_mixin.py:188} INFO - [2025-09-14T20:44:47.002+0000] {dag.py:3096} INFO - Sync 1 DAGs
[2025-09-14T20:44:47.016+0000] {logging_mixin.py:188} INFO - [2025-09-14T20:44:47.016+0000] {dag.py:3954} INFO - Setting next_dagrun for clean_hour_data to None, run_after=None
[2025-09-14T20:44:47.038+0000] {processor.py:183} INFO - Processing /opt/airflow/dags/clean_hour_data.py took 0.092 seconds
[2025-09-14T20:45:19.325+0000] {processor.py:161} INFO - Started process (PID=403) to work on /opt/airflow/dags/clean_hour_data.py
[2025-09-14T20:45:19.327+0000] {processor.py:830} INFO - Processing file /opt/airflow/dags/clean_hour_data.py for tasks to queue
[2025-09-14T20:45:19.332+0000] {logging_mixin.py:188} INFO - [2025-09-14T20:45:19.331+0000] {dagbag.py:540} INFO - Filling up the DagBag from /opt/airflow/dags/clean_hour_data.py
[2025-09-14T20:45:19.409+0000] {processor.py:840} INFO - DAG(s) 'clean_hour_data' retrieved from /opt/airflow/dags/clean_hour_data.py
[2025-09-14T20:45:19.532+0000] {logging_mixin.py:188} INFO - [2025-09-14T20:45:19.531+0000] {dag.py:3096} INFO - Sync 1 DAGs
[2025-09-14T20:45:19.593+0000] {logging_mixin.py:188} INFO - [2025-09-14T20:45:19.593+0000] {dag.py:3954} INFO - Setting next_dagrun for clean_hour_data to None, run_after=None
[2025-09-14T20:45:19.674+0000] {processor.py:183} INFO - Processing /opt/airflow/dags/clean_hour_data.py took 0.369 seconds
[2025-09-14T20:45:50.078+0000] {processor.py:161} INFO - Started process (PID=436) to work on /opt/airflow/dags/clean_hour_data.py
[2025-09-14T20:45:50.080+0000] {processor.py:830} INFO - Processing file /opt/airflow/dags/clean_hour_data.py for tasks to queue
[2025-09-14T20:45:50.087+0000] {logging_mixin.py:188} INFO - [2025-09-14T20:45:50.084+0000] {dagbag.py:540} INFO - Filling up the DagBag from /opt/airflow/dags/clean_hour_data.py
[2025-09-14T20:45:50.181+0000] {processor.py:840} INFO - DAG(s) 'clean_hour_data' retrieved from /opt/airflow/dags/clean_hour_data.py
[2025-09-14T20:45:50.540+0000] {logging_mixin.py:188} INFO - [2025-09-14T20:45:50.536+0000] {dag.py:3096} INFO - Sync 1 DAGs
[2025-09-14T20:45:50.655+0000] {logging_mixin.py:188} INFO - [2025-09-14T20:45:50.655+0000] {dag.py:3954} INFO - Setting next_dagrun for clean_hour_data to None, run_after=None
[2025-09-14T20:45:50.794+0000] {processor.py:183} INFO - Processing /opt/airflow/dags/clean_hour_data.py took 0.722 seconds
[2025-09-14T20:46:21.744+0000] {processor.py:161} INFO - Started process (PID=471) to work on /opt/airflow/dags/clean_hour_data.py
[2025-09-14T20:46:21.751+0000] {processor.py:830} INFO - Processing file /opt/airflow/dags/clean_hour_data.py for tasks to queue
[2025-09-14T20:46:21.758+0000] {logging_mixin.py:188} INFO - [2025-09-14T20:46:21.757+0000] {dagbag.py:540} INFO - Filling up the DagBag from /opt/airflow/dags/clean_hour_data.py
[2025-09-14T20:46:21.841+0000] {processor.py:840} INFO - DAG(s) 'clean_hour_data' retrieved from /opt/airflow/dags/clean_hour_data.py
[2025-09-14T20:46:21.978+0000] {logging_mixin.py:188} INFO - [2025-09-14T20:46:21.977+0000] {dag.py:3096} INFO - Sync 1 DAGs
[2025-09-14T20:46:22.013+0000] {logging_mixin.py:188} INFO - [2025-09-14T20:46:22.012+0000] {dag.py:3954} INFO - Setting next_dagrun for clean_hour_data to None, run_after=None
[2025-09-14T20:46:22.036+0000] {processor.py:183} INFO - Processing /opt/airflow/dags/clean_hour_data.py took 0.299 seconds
[2025-09-14T20:46:52.792+0000] {processor.py:161} INFO - Started process (PID=506) to work on /opt/airflow/dags/clean_hour_data.py
[2025-09-14T20:46:52.799+0000] {processor.py:830} INFO - Processing file /opt/airflow/dags/clean_hour_data.py for tasks to queue
[2025-09-14T20:46:52.815+0000] {logging_mixin.py:188} INFO - [2025-09-14T20:46:52.814+0000] {dagbag.py:540} INFO - Filling up the DagBag from /opt/airflow/dags/clean_hour_data.py
[2025-09-14T20:46:52.854+0000] {processor.py:840} INFO - DAG(s) 'clean_hour_data' retrieved from /opt/airflow/dags/clean_hour_data.py
[2025-09-14T20:46:52.989+0000] {logging_mixin.py:188} INFO - [2025-09-14T20:46:52.985+0000] {dag.py:3096} INFO - Sync 1 DAGs
[2025-09-14T20:46:53.045+0000] {logging_mixin.py:188} INFO - [2025-09-14T20:46:53.044+0000] {dag.py:3954} INFO - Setting next_dagrun for clean_hour_data to None, run_after=None
[2025-09-14T20:46:53.073+0000] {processor.py:183} INFO - Processing /opt/airflow/dags/clean_hour_data.py took 0.361 seconds
[2025-09-14T20:47:23.771+0000] {processor.py:161} INFO - Started process (PID=541) to work on /opt/airflow/dags/clean_hour_data.py
[2025-09-14T20:47:23.773+0000] {processor.py:830} INFO - Processing file /opt/airflow/dags/clean_hour_data.py for tasks to queue
[2025-09-14T20:47:23.776+0000] {logging_mixin.py:188} INFO - [2025-09-14T20:47:23.776+0000] {dagbag.py:540} INFO - Filling up the DagBag from /opt/airflow/dags/clean_hour_data.py
[2025-09-14T20:47:23.803+0000] {processor.py:840} INFO - DAG(s) 'clean_hour_data' retrieved from /opt/airflow/dags/clean_hour_data.py
[2025-09-14T20:47:23.880+0000] {logging_mixin.py:188} INFO - [2025-09-14T20:47:23.879+0000] {dag.py:3096} INFO - Sync 1 DAGs
[2025-09-14T20:47:23.904+0000] {logging_mixin.py:188} INFO - [2025-09-14T20:47:23.904+0000] {dag.py:3954} INFO - Setting next_dagrun for clean_hour_data to None, run_after=None
[2025-09-14T20:47:23.933+0000] {processor.py:183} INFO - Processing /opt/airflow/dags/clean_hour_data.py took 0.169 seconds
[2025-09-14T20:47:54.011+0000] {processor.py:161} INFO - Started process (PID=576) to work on /opt/airflow/dags/clean_hour_data.py
[2025-09-14T20:47:54.012+0000] {processor.py:830} INFO - Processing file /opt/airflow/dags/clean_hour_data.py for tasks to queue
[2025-09-14T20:47:54.013+0000] {logging_mixin.py:188} INFO - [2025-09-14T20:47:54.013+0000] {dagbag.py:540} INFO - Filling up the DagBag from /opt/airflow/dags/clean_hour_data.py
[2025-09-14T20:47:54.045+0000] {processor.py:840} INFO - DAG(s) 'clean_hour_data' retrieved from /opt/airflow/dags/clean_hour_data.py
[2025-09-14T20:47:54.084+0000] {logging_mixin.py:188} INFO - [2025-09-14T20:47:54.083+0000] {dag.py:3096} INFO - Sync 1 DAGs
[2025-09-14T20:47:54.110+0000] {logging_mixin.py:188} INFO - [2025-09-14T20:47:54.110+0000] {dag.py:3954} INFO - Setting next_dagrun for clean_hour_data to None, run_after=None
[2025-09-14T20:47:54.134+0000] {processor.py:183} INFO - Processing /opt/airflow/dags/clean_hour_data.py took 0.130 seconds
[2025-09-14T20:48:24.844+0000] {processor.py:161} INFO - Started process (PID=611) to work on /opt/airflow/dags/clean_hour_data.py
[2025-09-14T20:48:24.848+0000] {processor.py:830} INFO - Processing file /opt/airflow/dags/clean_hour_data.py for tasks to queue
[2025-09-14T20:48:24.853+0000] {logging_mixin.py:188} INFO - [2025-09-14T20:48:24.852+0000] {dagbag.py:540} INFO - Filling up the DagBag from /opt/airflow/dags/clean_hour_data.py
[2025-09-14T20:48:24.889+0000] {processor.py:840} INFO - DAG(s) 'clean_hour_data' retrieved from /opt/airflow/dags/clean_hour_data.py
[2025-09-14T20:48:24.958+0000] {logging_mixin.py:188} INFO - [2025-09-14T20:48:24.957+0000] {dag.py:3096} INFO - Sync 1 DAGs
[2025-09-14T20:48:24.999+0000] {logging_mixin.py:188} INFO - [2025-09-14T20:48:24.998+0000] {dag.py:3954} INFO - Setting next_dagrun for clean_hour_data to None, run_after=None
[2025-09-14T20:48:25.056+0000] {processor.py:183} INFO - Processing /opt/airflow/dags/clean_hour_data.py took 0.224 seconds
[2025-09-14T20:48:55.830+0000] {processor.py:161} INFO - Started process (PID=646) to work on /opt/airflow/dags/clean_hour_data.py
[2025-09-14T20:48:55.831+0000] {processor.py:830} INFO - Processing file /opt/airflow/dags/clean_hour_data.py for tasks to queue
[2025-09-14T20:48:55.833+0000] {logging_mixin.py:188} INFO - [2025-09-14T20:48:55.833+0000] {dagbag.py:540} INFO - Filling up the DagBag from /opt/airflow/dags/clean_hour_data.py
[2025-09-14T20:48:55.853+0000] {processor.py:840} INFO - DAG(s) 'clean_hour_data' retrieved from /opt/airflow/dags/clean_hour_data.py
[2025-09-14T20:48:55.886+0000] {logging_mixin.py:188} INFO - [2025-09-14T20:48:55.886+0000] {dag.py:3096} INFO - Sync 1 DAGs
[2025-09-14T20:48:55.897+0000] {logging_mixin.py:188} INFO - [2025-09-14T20:48:55.897+0000] {dag.py:3954} INFO - Setting next_dagrun for clean_hour_data to None, run_after=None
[2025-09-14T20:48:55.916+0000] {processor.py:183} INFO - Processing /opt/airflow/dags/clean_hour_data.py took 0.093 seconds
[2025-09-14T20:49:26.137+0000] {processor.py:161} INFO - Started process (PID=681) to work on /opt/airflow/dags/clean_hour_data.py
[2025-09-14T20:49:26.139+0000] {processor.py:830} INFO - Processing file /opt/airflow/dags/clean_hour_data.py for tasks to queue
[2025-09-14T20:49:26.141+0000] {logging_mixin.py:188} INFO - [2025-09-14T20:49:26.141+0000] {dagbag.py:540} INFO - Filling up the DagBag from /opt/airflow/dags/clean_hour_data.py
[2025-09-14T20:49:26.185+0000] {processor.py:840} INFO - DAG(s) 'clean_hour_data' retrieved from /opt/airflow/dags/clean_hour_data.py
[2025-09-14T20:49:26.272+0000] {logging_mixin.py:188} INFO - [2025-09-14T20:49:26.270+0000] {dag.py:3096} INFO - Sync 1 DAGs
[2025-09-14T20:49:26.327+0000] {logging_mixin.py:188} INFO - [2025-09-14T20:49:26.327+0000] {dag.py:3954} INFO - Setting next_dagrun for clean_hour_data to None, run_after=None
[2025-09-14T20:49:26.365+0000] {processor.py:183} INFO - Processing /opt/airflow/dags/clean_hour_data.py took 0.236 seconds
[2025-09-14T20:49:56.893+0000] {processor.py:161} INFO - Started process (PID=720) to work on /opt/airflow/dags/clean_hour_data.py
[2025-09-14T20:49:56.894+0000] {processor.py:830} INFO - Processing file /opt/airflow/dags/clean_hour_data.py for tasks to queue
[2025-09-14T20:49:56.896+0000] {logging_mixin.py:188} INFO - [2025-09-14T20:49:56.896+0000] {dagbag.py:540} INFO - Filling up the DagBag from /opt/airflow/dags/clean_hour_data.py
[2025-09-14T20:49:56.920+0000] {processor.py:840} INFO - DAG(s) 'clean_hour_data' retrieved from /opt/airflow/dags/clean_hour_data.py
[2025-09-14T20:49:56.954+0000] {logging_mixin.py:188} INFO - [2025-09-14T20:49:56.954+0000] {dag.py:3096} INFO - Sync 1 DAGs
[2025-09-14T20:49:56.971+0000] {logging_mixin.py:188} INFO - [2025-09-14T20:49:56.970+0000] {dag.py:3954} INFO - Setting next_dagrun for clean_hour_data to None, run_after=None
[2025-09-14T20:49:56.992+0000] {processor.py:183} INFO - Processing /opt/airflow/dags/clean_hour_data.py took 0.106 seconds
[2025-09-14T20:50:27.230+0000] {processor.py:161} INFO - Started process (PID=755) to work on /opt/airflow/dags/clean_hour_data.py
[2025-09-14T20:50:27.231+0000] {processor.py:830} INFO - Processing file /opt/airflow/dags/clean_hour_data.py for tasks to queue
[2025-09-14T20:50:27.234+0000] {logging_mixin.py:188} INFO - [2025-09-14T20:50:27.233+0000] {dagbag.py:540} INFO - Filling up the DagBag from /opt/airflow/dags/clean_hour_data.py
[2025-09-14T20:50:27.252+0000] {processor.py:840} INFO - DAG(s) 'clean_hour_data' retrieved from /opt/airflow/dags/clean_hour_data.py
[2025-09-14T20:50:27.283+0000] {logging_mixin.py:188} INFO - [2025-09-14T20:50:27.283+0000] {dag.py:3096} INFO - Sync 1 DAGs
[2025-09-14T20:50:27.295+0000] {logging_mixin.py:188} INFO - [2025-09-14T20:50:27.295+0000] {dag.py:3954} INFO - Setting next_dagrun for clean_hour_data to None, run_after=None
[2025-09-14T20:50:27.317+0000] {processor.py:183} INFO - Processing /opt/airflow/dags/clean_hour_data.py took 0.093 seconds
[2025-09-14T20:50:57.754+0000] {processor.py:161} INFO - Started process (PID=790) to work on /opt/airflow/dags/clean_hour_data.py
[2025-09-14T20:50:57.755+0000] {processor.py:830} INFO - Processing file /opt/airflow/dags/clean_hour_data.py for tasks to queue
[2025-09-14T20:50:57.757+0000] {logging_mixin.py:188} INFO - [2025-09-14T20:50:57.757+0000] {dagbag.py:540} INFO - Filling up the DagBag from /opt/airflow/dags/clean_hour_data.py
[2025-09-14T20:50:57.770+0000] {processor.py:840} INFO - DAG(s) 'clean_hour_data' retrieved from /opt/airflow/dags/clean_hour_data.py
[2025-09-14T20:50:57.795+0000] {logging_mixin.py:188} INFO - [2025-09-14T20:50:57.795+0000] {dag.py:3096} INFO - Sync 1 DAGs
[2025-09-14T20:50:57.806+0000] {logging_mixin.py:188} INFO - [2025-09-14T20:50:57.806+0000] {dag.py:3954} INFO - Setting next_dagrun for clean_hour_data to None, run_after=None
[2025-09-14T20:50:57.826+0000] {processor.py:183} INFO - Processing /opt/airflow/dags/clean_hour_data.py took 0.077 seconds
[2025-09-14T20:51:28.170+0000] {processor.py:161} INFO - Started process (PID=825) to work on /opt/airflow/dags/clean_hour_data.py
[2025-09-14T20:51:28.171+0000] {processor.py:830} INFO - Processing file /opt/airflow/dags/clean_hour_data.py for tasks to queue
[2025-09-14T20:51:28.173+0000] {logging_mixin.py:188} INFO - [2025-09-14T20:51:28.173+0000] {dagbag.py:540} INFO - Filling up the DagBag from /opt/airflow/dags/clean_hour_data.py
[2025-09-14T20:51:28.189+0000] {processor.py:840} INFO - DAG(s) 'clean_hour_data' retrieved from /opt/airflow/dags/clean_hour_data.py
[2025-09-14T20:51:28.218+0000] {logging_mixin.py:188} INFO - [2025-09-14T20:51:28.217+0000] {dag.py:3096} INFO - Sync 1 DAGs
[2025-09-14T20:51:28.230+0000] {logging_mixin.py:188} INFO - [2025-09-14T20:51:28.230+0000] {dag.py:3954} INFO - Setting next_dagrun for clean_hour_data to None, run_after=None
[2025-09-14T20:51:28.251+0000] {processor.py:183} INFO - Processing /opt/airflow/dags/clean_hour_data.py took 0.086 seconds
[2025-09-14T20:51:58.655+0000] {processor.py:161} INFO - Started process (PID=860) to work on /opt/airflow/dags/clean_hour_data.py
[2025-09-14T20:51:58.656+0000] {processor.py:830} INFO - Processing file /opt/airflow/dags/clean_hour_data.py for tasks to queue
[2025-09-14T20:51:58.658+0000] {logging_mixin.py:188} INFO - [2025-09-14T20:51:58.658+0000] {dagbag.py:540} INFO - Filling up the DagBag from /opt/airflow/dags/clean_hour_data.py
[2025-09-14T20:51:58.675+0000] {processor.py:840} INFO - DAG(s) 'clean_hour_data' retrieved from /opt/airflow/dags/clean_hour_data.py
[2025-09-14T20:51:58.702+0000] {logging_mixin.py:188} INFO - [2025-09-14T20:51:58.702+0000] {dag.py:3096} INFO - Sync 1 DAGs
[2025-09-14T20:51:58.714+0000] {logging_mixin.py:188} INFO - [2025-09-14T20:51:58.714+0000] {dag.py:3954} INFO - Setting next_dagrun for clean_hour_data to None, run_after=None
[2025-09-14T20:51:58.735+0000] {processor.py:183} INFO - Processing /opt/airflow/dags/clean_hour_data.py took 0.087 seconds
[2025-09-14T20:52:29.301+0000] {processor.py:161} INFO - Started process (PID=895) to work on /opt/airflow/dags/clean_hour_data.py
[2025-09-14T20:52:29.302+0000] {processor.py:830} INFO - Processing file /opt/airflow/dags/clean_hour_data.py for tasks to queue
[2025-09-14T20:52:29.305+0000] {logging_mixin.py:188} INFO - [2025-09-14T20:52:29.304+0000] {dagbag.py:540} INFO - Filling up the DagBag from /opt/airflow/dags/clean_hour_data.py
[2025-09-14T20:52:29.321+0000] {processor.py:840} INFO - DAG(s) 'clean_hour_data' retrieved from /opt/airflow/dags/clean_hour_data.py
[2025-09-14T20:52:29.381+0000] {logging_mixin.py:188} INFO - [2025-09-14T20:52:29.380+0000] {dag.py:3096} INFO - Sync 1 DAGs
[2025-09-14T20:52:29.418+0000] {logging_mixin.py:188} INFO - [2025-09-14T20:52:29.417+0000] {dag.py:3954} INFO - Setting next_dagrun for clean_hour_data to None, run_after=None
[2025-09-14T20:52:29.443+0000] {processor.py:183} INFO - Processing /opt/airflow/dags/clean_hour_data.py took 0.162 seconds
[2025-09-14T20:52:59.980+0000] {processor.py:161} INFO - Started process (PID=930) to work on /opt/airflow/dags/clean_hour_data.py
[2025-09-14T20:52:59.981+0000] {processor.py:830} INFO - Processing file /opt/airflow/dags/clean_hour_data.py for tasks to queue
[2025-09-14T20:52:59.983+0000] {logging_mixin.py:188} INFO - [2025-09-14T20:52:59.982+0000] {dagbag.py:540} INFO - Filling up the DagBag from /opt/airflow/dags/clean_hour_data.py
[2025-09-14T20:52:59.996+0000] {processor.py:840} INFO - DAG(s) 'clean_hour_data' retrieved from /opt/airflow/dags/clean_hour_data.py
[2025-09-14T20:53:00.020+0000] {logging_mixin.py:188} INFO - [2025-09-14T20:53:00.019+0000] {dag.py:3096} INFO - Sync 1 DAGs
[2025-09-14T20:53:00.035+0000] {logging_mixin.py:188} INFO - [2025-09-14T20:53:00.035+0000] {dag.py:3954} INFO - Setting next_dagrun for clean_hour_data to None, run_after=None
[2025-09-14T20:53:00.055+0000] {processor.py:183} INFO - Processing /opt/airflow/dags/clean_hour_data.py took 0.080 seconds
[2025-09-14T20:53:30.525+0000] {processor.py:161} INFO - Started process (PID=965) to work on /opt/airflow/dags/clean_hour_data.py
[2025-09-14T20:53:30.526+0000] {processor.py:830} INFO - Processing file /opt/airflow/dags/clean_hour_data.py for tasks to queue
[2025-09-14T20:53:30.528+0000] {logging_mixin.py:188} INFO - [2025-09-14T20:53:30.527+0000] {dagbag.py:540} INFO - Filling up the DagBag from /opt/airflow/dags/clean_hour_data.py
[2025-09-14T20:53:30.542+0000] {processor.py:840} INFO - DAG(s) 'clean_hour_data' retrieved from /opt/airflow/dags/clean_hour_data.py
[2025-09-14T20:53:30.568+0000] {logging_mixin.py:188} INFO - [2025-09-14T20:53:30.567+0000] {dag.py:3096} INFO - Sync 1 DAGs
[2025-09-14T20:53:30.580+0000] {logging_mixin.py:188} INFO - [2025-09-14T20:53:30.580+0000] {dag.py:3954} INFO - Setting next_dagrun for clean_hour_data to None, run_after=None
[2025-09-14T20:53:30.602+0000] {processor.py:183} INFO - Processing /opt/airflow/dags/clean_hour_data.py took 0.082 seconds
[2025-09-14T20:54:00.983+0000] {processor.py:161} INFO - Started process (PID=1000) to work on /opt/airflow/dags/clean_hour_data.py
[2025-09-14T20:54:00.984+0000] {processor.py:830} INFO - Processing file /opt/airflow/dags/clean_hour_data.py for tasks to queue
[2025-09-14T20:54:00.986+0000] {logging_mixin.py:188} INFO - [2025-09-14T20:54:00.986+0000] {dagbag.py:540} INFO - Filling up the DagBag from /opt/airflow/dags/clean_hour_data.py
[2025-09-14T20:54:01.002+0000] {processor.py:840} INFO - DAG(s) 'clean_hour_data' retrieved from /opt/airflow/dags/clean_hour_data.py
[2025-09-14T20:54:01.028+0000] {logging_mixin.py:188} INFO - [2025-09-14T20:54:01.027+0000] {dag.py:3096} INFO - Sync 1 DAGs
[2025-09-14T20:54:01.039+0000] {logging_mixin.py:188} INFO - [2025-09-14T20:54:01.039+0000] {dag.py:3954} INFO - Setting next_dagrun for clean_hour_data to None, run_after=None
[2025-09-14T20:54:01.059+0000] {processor.py:183} INFO - Processing /opt/airflow/dags/clean_hour_data.py took 0.083 seconds
[2025-09-14T20:54:31.541+0000] {processor.py:161} INFO - Started process (PID=1035) to work on /opt/airflow/dags/clean_hour_data.py
[2025-09-14T20:54:31.541+0000] {processor.py:830} INFO - Processing file /opt/airflow/dags/clean_hour_data.py for tasks to queue
[2025-09-14T20:54:31.543+0000] {logging_mixin.py:188} INFO - [2025-09-14T20:54:31.543+0000] {dagbag.py:540} INFO - Filling up the DagBag from /opt/airflow/dags/clean_hour_data.py
[2025-09-14T20:54:31.557+0000] {processor.py:840} INFO - DAG(s) 'clean_hour_data' retrieved from /opt/airflow/dags/clean_hour_data.py
[2025-09-14T20:54:31.584+0000] {logging_mixin.py:188} INFO - [2025-09-14T20:54:31.584+0000] {dag.py:3096} INFO - Sync 1 DAGs
[2025-09-14T20:54:31.594+0000] {logging_mixin.py:188} INFO - [2025-09-14T20:54:31.594+0000] {dag.py:3954} INFO - Setting next_dagrun for clean_hour_data to None, run_after=None
[2025-09-14T20:54:31.614+0000] {processor.py:183} INFO - Processing /opt/airflow/dags/clean_hour_data.py took 0.079 seconds
[2025-09-14T20:55:02.018+0000] {processor.py:161} INFO - Started process (PID=1070) to work on /opt/airflow/dags/clean_hour_data.py
[2025-09-14T20:55:02.018+0000] {processor.py:830} INFO - Processing file /opt/airflow/dags/clean_hour_data.py for tasks to queue
[2025-09-14T20:55:02.021+0000] {logging_mixin.py:188} INFO - [2025-09-14T20:55:02.020+0000] {dagbag.py:540} INFO - Filling up the DagBag from /opt/airflow/dags/clean_hour_data.py
[2025-09-14T20:55:02.041+0000] {processor.py:840} INFO - DAG(s) 'clean_hour_data' retrieved from /opt/airflow/dags/clean_hour_data.py
[2025-09-14T20:55:02.064+0000] {logging_mixin.py:188} INFO - [2025-09-14T20:55:02.064+0000] {dag.py:3096} INFO - Sync 1 DAGs
[2025-09-14T20:55:02.076+0000] {logging_mixin.py:188} INFO - [2025-09-14T20:55:02.076+0000] {dag.py:3954} INFO - Setting next_dagrun for clean_hour_data to None, run_after=None
[2025-09-14T20:55:02.099+0000] {processor.py:183} INFO - Processing /opt/airflow/dags/clean_hour_data.py took 0.088 seconds
[2025-09-14T20:55:32.617+0000] {processor.py:161} INFO - Started process (PID=1105) to work on /opt/airflow/dags/clean_hour_data.py
[2025-09-14T20:55:32.618+0000] {processor.py:830} INFO - Processing file /opt/airflow/dags/clean_hour_data.py for tasks to queue
[2025-09-14T20:55:32.621+0000] {logging_mixin.py:188} INFO - [2025-09-14T20:55:32.620+0000] {dagbag.py:540} INFO - Filling up the DagBag from /opt/airflow/dags/clean_hour_data.py
[2025-09-14T20:55:32.649+0000] {processor.py:840} INFO - DAG(s) 'clean_hour_data' retrieved from /opt/airflow/dags/clean_hour_data.py
[2025-09-14T20:55:32.680+0000] {logging_mixin.py:188} INFO - [2025-09-14T20:55:32.680+0000] {dag.py:3096} INFO - Sync 1 DAGs
[2025-09-14T20:55:32.695+0000] {logging_mixin.py:188} INFO - [2025-09-14T20:55:32.695+0000] {dag.py:3954} INFO - Setting next_dagrun for clean_hour_data to None, run_after=None
[2025-09-14T20:55:32.733+0000] {processor.py:183} INFO - Processing /opt/airflow/dags/clean_hour_data.py took 0.122 seconds
[2025-09-14T20:56:03.213+0000] {processor.py:161} INFO - Started process (PID=1140) to work on /opt/airflow/dags/clean_hour_data.py
[2025-09-14T20:56:03.214+0000] {processor.py:830} INFO - Processing file /opt/airflow/dags/clean_hour_data.py for tasks to queue
[2025-09-14T20:56:03.216+0000] {logging_mixin.py:188} INFO - [2025-09-14T20:56:03.216+0000] {dagbag.py:540} INFO - Filling up the DagBag from /opt/airflow/dags/clean_hour_data.py
[2025-09-14T20:56:03.233+0000] {processor.py:840} INFO - DAG(s) 'clean_hour_data' retrieved from /opt/airflow/dags/clean_hour_data.py
[2025-09-14T20:56:03.258+0000] {logging_mixin.py:188} INFO - [2025-09-14T20:56:03.258+0000] {dag.py:3096} INFO - Sync 1 DAGs
[2025-09-14T20:56:03.269+0000] {logging_mixin.py:188} INFO - [2025-09-14T20:56:03.269+0000] {dag.py:3954} INFO - Setting next_dagrun for clean_hour_data to None, run_after=None
[2025-09-14T20:56:03.288+0000] {processor.py:183} INFO - Processing /opt/airflow/dags/clean_hour_data.py took 0.080 seconds
[2025-09-14T20:56:33.710+0000] {processor.py:161} INFO - Started process (PID=1175) to work on /opt/airflow/dags/clean_hour_data.py
[2025-09-14T20:56:33.711+0000] {processor.py:830} INFO - Processing file /opt/airflow/dags/clean_hour_data.py for tasks to queue
[2025-09-14T20:56:33.712+0000] {logging_mixin.py:188} INFO - [2025-09-14T20:56:33.712+0000] {dagbag.py:540} INFO - Filling up the DagBag from /opt/airflow/dags/clean_hour_data.py
[2025-09-14T20:56:33.728+0000] {processor.py:840} INFO - DAG(s) 'clean_hour_data' retrieved from /opt/airflow/dags/clean_hour_data.py
[2025-09-14T20:56:33.753+0000] {logging_mixin.py:188} INFO - [2025-09-14T20:56:33.753+0000] {dag.py:3096} INFO - Sync 1 DAGs
[2025-09-14T20:56:33.765+0000] {logging_mixin.py:188} INFO - [2025-09-14T20:56:33.764+0000] {dag.py:3954} INFO - Setting next_dagrun for clean_hour_data to None, run_after=None
[2025-09-14T20:56:33.785+0000] {processor.py:183} INFO - Processing /opt/airflow/dags/clean_hour_data.py took 0.080 seconds
[2025-09-14T20:57:04.171+0000] {processor.py:161} INFO - Started process (PID=1210) to work on /opt/airflow/dags/clean_hour_data.py
[2025-09-14T20:57:04.172+0000] {processor.py:830} INFO - Processing file /opt/airflow/dags/clean_hour_data.py for tasks to queue
[2025-09-14T20:57:04.174+0000] {logging_mixin.py:188} INFO - [2025-09-14T20:57:04.173+0000] {dagbag.py:540} INFO - Filling up the DagBag from /opt/airflow/dags/clean_hour_data.py
[2025-09-14T20:57:04.188+0000] {processor.py:840} INFO - DAG(s) 'clean_hour_data' retrieved from /opt/airflow/dags/clean_hour_data.py
[2025-09-14T20:57:04.213+0000] {logging_mixin.py:188} INFO - [2025-09-14T20:57:04.212+0000] {dag.py:3096} INFO - Sync 1 DAGs
[2025-09-14T20:57:04.224+0000] {logging_mixin.py:188} INFO - [2025-09-14T20:57:04.224+0000] {dag.py:3954} INFO - Setting next_dagrun for clean_hour_data to None, run_after=None
[2025-09-14T20:57:04.246+0000] {processor.py:183} INFO - Processing /opt/airflow/dags/clean_hour_data.py took 0.080 seconds
[2025-09-14T20:57:34.736+0000] {processor.py:161} INFO - Started process (PID=1245) to work on /opt/airflow/dags/clean_hour_data.py
[2025-09-14T20:57:34.737+0000] {processor.py:830} INFO - Processing file /opt/airflow/dags/clean_hour_data.py for tasks to queue
[2025-09-14T20:57:34.738+0000] {logging_mixin.py:188} INFO - [2025-09-14T20:57:34.738+0000] {dagbag.py:540} INFO - Filling up the DagBag from /opt/airflow/dags/clean_hour_data.py
[2025-09-14T20:57:34.755+0000] {processor.py:840} INFO - DAG(s) 'clean_hour_data' retrieved from /opt/airflow/dags/clean_hour_data.py
[2025-09-14T20:57:34.785+0000] {logging_mixin.py:188} INFO - [2025-09-14T20:57:34.784+0000] {dag.py:3096} INFO - Sync 1 DAGs
[2025-09-14T20:57:34.800+0000] {logging_mixin.py:188} INFO - [2025-09-14T20:57:34.800+0000] {dag.py:3954} INFO - Setting next_dagrun for clean_hour_data to None, run_after=None
[2025-09-14T20:57:34.821+0000] {processor.py:183} INFO - Processing /opt/airflow/dags/clean_hour_data.py took 0.091 seconds
[2025-09-14T20:58:05.374+0000] {processor.py:161} INFO - Started process (PID=1280) to work on /opt/airflow/dags/clean_hour_data.py
[2025-09-14T20:58:05.375+0000] {processor.py:830} INFO - Processing file /opt/airflow/dags/clean_hour_data.py for tasks to queue
[2025-09-14T20:58:05.377+0000] {logging_mixin.py:188} INFO - [2025-09-14T20:58:05.377+0000] {dagbag.py:540} INFO - Filling up the DagBag from /opt/airflow/dags/clean_hour_data.py
[2025-09-14T20:58:05.390+0000] {processor.py:840} INFO - DAG(s) 'clean_hour_data' retrieved from /opt/airflow/dags/clean_hour_data.py
[2025-09-14T20:58:05.416+0000] {logging_mixin.py:188} INFO - [2025-09-14T20:58:05.415+0000] {dag.py:3096} INFO - Sync 1 DAGs
[2025-09-14T20:58:05.429+0000] {logging_mixin.py:188} INFO - [2025-09-14T20:58:05.429+0000] {dag.py:3954} INFO - Setting next_dagrun for clean_hour_data to None, run_after=None
[2025-09-14T20:58:05.449+0000] {processor.py:183} INFO - Processing /opt/airflow/dags/clean_hour_data.py took 0.081 seconds
[2025-09-14T20:58:36.064+0000] {processor.py:161} INFO - Started process (PID=1315) to work on /opt/airflow/dags/clean_hour_data.py
[2025-09-14T20:58:36.066+0000] {processor.py:830} INFO - Processing file /opt/airflow/dags/clean_hour_data.py for tasks to queue
[2025-09-14T20:58:36.068+0000] {logging_mixin.py:188} INFO - [2025-09-14T20:58:36.067+0000] {dagbag.py:540} INFO - Filling up the DagBag from /opt/airflow/dags/clean_hour_data.py
[2025-09-14T20:58:36.088+0000] {processor.py:840} INFO - DAG(s) 'clean_hour_data' retrieved from /opt/airflow/dags/clean_hour_data.py
[2025-09-14T20:58:36.117+0000] {logging_mixin.py:188} INFO - [2025-09-14T20:58:36.115+0000] {dag.py:3096} INFO - Sync 1 DAGs
[2025-09-14T20:58:36.129+0000] {logging_mixin.py:188} INFO - [2025-09-14T20:58:36.129+0000] {dag.py:3954} INFO - Setting next_dagrun for clean_hour_data to None, run_after=None
[2025-09-14T20:58:36.152+0000] {processor.py:183} INFO - Processing /opt/airflow/dags/clean_hour_data.py took 0.104 seconds
