[2025-09-14T20:42:44.037+0000] {processor.py:161} INFO - Started process (PID=178) to work on /opt/airflow/dags/load_day_to_snowflake.py
[2025-09-14T20:42:44.039+0000] {processor.py:830} INFO - Processing file /opt/airflow/dags/load_day_to_snowflake.py for tasks to queue
[2025-09-14T20:42:44.041+0000] {logging_mixin.py:188} INFO - [2025-09-14T20:42:44.041+0000] {dagbag.py:540} INFO - Filling up the DagBag from /opt/airflow/dags/load_day_to_snowflake.py
[2025-09-14T20:42:44.059+0000] {processor.py:840} INFO - DAG(s) 'load_day_to_snowflake' retrieved from /opt/airflow/dags/load_day_to_snowflake.py
[2025-09-14T20:42:44.220+0000] {logging_mixin.py:188} INFO - [2025-09-14T20:42:44.219+0000] {override.py:1829} INFO - Created Permission View: can delete on DAG:load_day_to_snowflake
[2025-09-14T20:42:44.230+0000] {logging_mixin.py:188} INFO - [2025-09-14T20:42:44.229+0000] {override.py:1829} INFO - Created Permission View: can edit on DAG:load_day_to_snowflake
[2025-09-14T20:42:44.237+0000] {logging_mixin.py:188} INFO - [2025-09-14T20:42:44.236+0000] {override.py:1829} INFO - Created Permission View: can read on DAG:load_day_to_snowflake
[2025-09-14T20:42:44.238+0000] {logging_mixin.py:188} INFO - [2025-09-14T20:42:44.237+0000] {dag.py:3096} INFO - Sync 1 DAGs
[2025-09-14T20:42:44.247+0000] {logging_mixin.py:188} INFO - [2025-09-14T20:42:44.247+0000] {dag.py:3118} INFO - Creating ORM DAG for load_day_to_snowflake
[2025-09-14T20:42:44.248+0000] {logging_mixin.py:188} INFO - [2025-09-14T20:42:44.247+0000] {dag.py:3954} INFO - Setting next_dagrun for load_day_to_snowflake to None, run_after=None
[2025-09-14T20:42:44.268+0000] {processor.py:183} INFO - Processing /opt/airflow/dags/load_day_to_snowflake.py took 0.238 seconds
[2025-09-14T20:43:15.190+0000] {processor.py:161} INFO - Started process (PID=213) to work on /opt/airflow/dags/load_day_to_snowflake.py
[2025-09-14T20:43:15.191+0000] {processor.py:830} INFO - Processing file /opt/airflow/dags/load_day_to_snowflake.py for tasks to queue
[2025-09-14T20:43:15.194+0000] {logging_mixin.py:188} INFO - [2025-09-14T20:43:15.193+0000] {dagbag.py:540} INFO - Filling up the DagBag from /opt/airflow/dags/load_day_to_snowflake.py
[2025-09-14T20:43:15.227+0000] {processor.py:840} INFO - DAG(s) 'load_day_to_snowflake' retrieved from /opt/airflow/dags/load_day_to_snowflake.py
[2025-09-14T20:43:15.285+0000] {logging_mixin.py:188} INFO - [2025-09-14T20:43:15.284+0000] {dag.py:3096} INFO - Sync 1 DAGs
[2025-09-14T20:43:15.311+0000] {logging_mixin.py:188} INFO - [2025-09-14T20:43:15.311+0000] {dag.py:3954} INFO - Setting next_dagrun for load_day_to_snowflake to None, run_after=None
[2025-09-14T20:43:15.336+0000] {processor.py:183} INFO - Processing /opt/airflow/dags/load_day_to_snowflake.py took 0.153 seconds
[2025-09-14T20:43:45.644+0000] {processor.py:161} INFO - Started process (PID=251) to work on /opt/airflow/dags/load_day_to_snowflake.py
[2025-09-14T20:43:45.645+0000] {processor.py:830} INFO - Processing file /opt/airflow/dags/load_day_to_snowflake.py for tasks to queue
[2025-09-14T20:43:45.647+0000] {logging_mixin.py:188} INFO - [2025-09-14T20:43:45.647+0000] {dagbag.py:540} INFO - Filling up the DagBag from /opt/airflow/dags/load_day_to_snowflake.py
[2025-09-14T20:43:45.665+0000] {processor.py:840} INFO - DAG(s) 'load_day_to_snowflake' retrieved from /opt/airflow/dags/load_day_to_snowflake.py
[2025-09-14T20:43:45.691+0000] {logging_mixin.py:188} INFO - [2025-09-14T20:43:45.690+0000] {dag.py:3096} INFO - Sync 1 DAGs
[2025-09-14T20:43:45.704+0000] {logging_mixin.py:188} INFO - [2025-09-14T20:43:45.704+0000] {dag.py:3954} INFO - Setting next_dagrun for load_day_to_snowflake to None, run_after=None
[2025-09-14T20:43:45.726+0000] {processor.py:183} INFO - Processing /opt/airflow/dags/load_day_to_snowflake.py took 0.088 seconds
[2025-09-14T20:44:16.160+0000] {processor.py:161} INFO - Started process (PID=286) to work on /opt/airflow/dags/load_day_to_snowflake.py
[2025-09-14T20:44:16.162+0000] {processor.py:830} INFO - Processing file /opt/airflow/dags/load_day_to_snowflake.py for tasks to queue
[2025-09-14T20:44:16.165+0000] {logging_mixin.py:188} INFO - [2025-09-14T20:44:16.164+0000] {dagbag.py:540} INFO - Filling up the DagBag from /opt/airflow/dags/load_day_to_snowflake.py
[2025-09-14T20:44:16.182+0000] {processor.py:840} INFO - DAG(s) 'load_day_to_snowflake' retrieved from /opt/airflow/dags/load_day_to_snowflake.py
[2025-09-14T20:44:16.209+0000] {logging_mixin.py:188} INFO - [2025-09-14T20:44:16.209+0000] {dag.py:3096} INFO - Sync 1 DAGs
[2025-09-14T20:44:16.223+0000] {logging_mixin.py:188} INFO - [2025-09-14T20:44:16.222+0000] {dag.py:3954} INFO - Setting next_dagrun for load_day_to_snowflake to None, run_after=None
[2025-09-14T20:44:16.245+0000] {processor.py:183} INFO - Processing /opt/airflow/dags/load_day_to_snowflake.py took 0.092 seconds
[2025-09-14T20:44:46.667+0000] {processor.py:161} INFO - Started process (PID=351) to work on /opt/airflow/dags/load_day_to_snowflake.py
[2025-09-14T20:44:46.668+0000] {processor.py:830} INFO - Processing file /opt/airflow/dags/load_day_to_snowflake.py for tasks to queue
[2025-09-14T20:44:46.670+0000] {logging_mixin.py:188} INFO - [2025-09-14T20:44:46.670+0000] {dagbag.py:540} INFO - Filling up the DagBag from /opt/airflow/dags/load_day_to_snowflake.py
[2025-09-14T20:44:46.694+0000] {processor.py:840} INFO - DAG(s) 'load_day_to_snowflake' retrieved from /opt/airflow/dags/load_day_to_snowflake.py
[2025-09-14T20:44:46.728+0000] {logging_mixin.py:188} INFO - [2025-09-14T20:44:46.728+0000] {dag.py:3096} INFO - Sync 1 DAGs
[2025-09-14T20:44:46.741+0000] {logging_mixin.py:188} INFO - [2025-09-14T20:44:46.741+0000] {dag.py:3954} INFO - Setting next_dagrun for load_day_to_snowflake to None, run_after=None
[2025-09-14T20:44:46.776+0000] {processor.py:183} INFO - Processing /opt/airflow/dags/load_day_to_snowflake.py took 0.115 seconds
[2025-09-14T20:45:17.971+0000] {processor.py:161} INFO - Started process (PID=386) to work on /opt/airflow/dags/load_day_to_snowflake.py
[2025-09-14T20:45:17.973+0000] {processor.py:830} INFO - Processing file /opt/airflow/dags/load_day_to_snowflake.py for tasks to queue
[2025-09-14T20:45:17.990+0000] {logging_mixin.py:188} INFO - [2025-09-14T20:45:17.988+0000] {dagbag.py:540} INFO - Filling up the DagBag from /opt/airflow/dags/load_day_to_snowflake.py
[2025-09-14T20:45:18.118+0000] {processor.py:840} INFO - DAG(s) 'load_day_to_snowflake' retrieved from /opt/airflow/dags/load_day_to_snowflake.py
[2025-09-14T20:45:18.263+0000] {logging_mixin.py:188} INFO - [2025-09-14T20:45:18.260+0000] {dag.py:3096} INFO - Sync 1 DAGs
[2025-09-14T20:45:18.369+0000] {logging_mixin.py:188} INFO - [2025-09-14T20:45:18.368+0000] {dag.py:3954} INFO - Setting next_dagrun for load_day_to_snowflake to None, run_after=None
[2025-09-14T20:45:18.456+0000] {processor.py:183} INFO - Processing /opt/airflow/dags/load_day_to_snowflake.py took 0.496 seconds
[2025-09-14T20:45:48.759+0000] {processor.py:161} INFO - Started process (PID=423) to work on /opt/airflow/dags/load_day_to_snowflake.py
[2025-09-14T20:45:48.761+0000] {processor.py:830} INFO - Processing file /opt/airflow/dags/load_day_to_snowflake.py for tasks to queue
[2025-09-14T20:45:48.765+0000] {logging_mixin.py:188} INFO - [2025-09-14T20:45:48.763+0000] {dagbag.py:540} INFO - Filling up the DagBag from /opt/airflow/dags/load_day_to_snowflake.py
[2025-09-14T20:45:48.829+0000] {processor.py:840} INFO - DAG(s) 'load_day_to_snowflake' retrieved from /opt/airflow/dags/load_day_to_snowflake.py
[2025-09-14T20:45:48.996+0000] {logging_mixin.py:188} INFO - [2025-09-14T20:45:48.995+0000] {dag.py:3096} INFO - Sync 1 DAGs
[2025-09-14T20:45:49.030+0000] {logging_mixin.py:188} INFO - [2025-09-14T20:45:49.030+0000] {dag.py:3954} INFO - Setting next_dagrun for load_day_to_snowflake to None, run_after=None
[2025-09-14T20:45:49.064+0000] {processor.py:183} INFO - Processing /opt/airflow/dags/load_day_to_snowflake.py took 0.312 seconds
[2025-09-14T20:46:19.470+0000] {processor.py:161} INFO - Started process (PID=456) to work on /opt/airflow/dags/load_day_to_snowflake.py
[2025-09-14T20:46:19.471+0000] {processor.py:830} INFO - Processing file /opt/airflow/dags/load_day_to_snowflake.py for tasks to queue
[2025-09-14T20:46:19.473+0000] {logging_mixin.py:188} INFO - [2025-09-14T20:46:19.472+0000] {dagbag.py:540} INFO - Filling up the DagBag from /opt/airflow/dags/load_day_to_snowflake.py
[2025-09-14T20:46:19.518+0000] {processor.py:840} INFO - DAG(s) 'load_day_to_snowflake' retrieved from /opt/airflow/dags/load_day_to_snowflake.py
[2025-09-14T20:46:19.577+0000] {logging_mixin.py:188} INFO - [2025-09-14T20:46:19.577+0000] {dag.py:3096} INFO - Sync 1 DAGs
[2025-09-14T20:46:19.599+0000] {logging_mixin.py:188} INFO - [2025-09-14T20:46:19.599+0000] {dag.py:3954} INFO - Setting next_dagrun for load_day_to_snowflake to None, run_after=None
[2025-09-14T20:46:19.636+0000] {processor.py:183} INFO - Processing /opt/airflow/dags/load_day_to_snowflake.py took 0.171 seconds
[2025-09-14T20:46:50.180+0000] {processor.py:161} INFO - Started process (PID=489) to work on /opt/airflow/dags/load_day_to_snowflake.py
[2025-09-14T20:46:50.184+0000] {processor.py:830} INFO - Processing file /opt/airflow/dags/load_day_to_snowflake.py for tasks to queue
[2025-09-14T20:46:50.193+0000] {logging_mixin.py:188} INFO - [2025-09-14T20:46:50.192+0000] {dagbag.py:540} INFO - Filling up the DagBag from /opt/airflow/dags/load_day_to_snowflake.py
[2025-09-14T20:46:50.242+0000] {processor.py:840} INFO - DAG(s) 'load_day_to_snowflake' retrieved from /opt/airflow/dags/load_day_to_snowflake.py
[2025-09-14T20:46:50.378+0000] {logging_mixin.py:188} INFO - [2025-09-14T20:46:50.374+0000] {dag.py:3096} INFO - Sync 1 DAGs
[2025-09-14T20:46:50.469+0000] {logging_mixin.py:188} INFO - [2025-09-14T20:46:50.467+0000] {dag.py:3954} INFO - Setting next_dagrun for load_day_to_snowflake to None, run_after=None
[2025-09-14T20:46:50.558+0000] {processor.py:183} INFO - Processing /opt/airflow/dags/load_day_to_snowflake.py took 0.434 seconds
[2025-09-14T20:47:21.486+0000] {processor.py:161} INFO - Started process (PID=526) to work on /opt/airflow/dags/load_day_to_snowflake.py
[2025-09-14T20:47:21.487+0000] {processor.py:830} INFO - Processing file /opt/airflow/dags/load_day_to_snowflake.py for tasks to queue
[2025-09-14T20:47:21.494+0000] {logging_mixin.py:188} INFO - [2025-09-14T20:47:21.493+0000] {dagbag.py:540} INFO - Filling up the DagBag from /opt/airflow/dags/load_day_to_snowflake.py
[2025-09-14T20:47:21.556+0000] {processor.py:840} INFO - DAG(s) 'load_day_to_snowflake' retrieved from /opt/airflow/dags/load_day_to_snowflake.py
[2025-09-14T20:47:21.603+0000] {logging_mixin.py:188} INFO - [2025-09-14T20:47:21.603+0000] {dag.py:3096} INFO - Sync 1 DAGs
[2025-09-14T20:47:21.625+0000] {logging_mixin.py:188} INFO - [2025-09-14T20:47:21.625+0000] {dag.py:3954} INFO - Setting next_dagrun for load_day_to_snowflake to None, run_after=None
[2025-09-14T20:47:21.657+0000] {processor.py:183} INFO - Processing /opt/airflow/dags/load_day_to_snowflake.py took 0.190 seconds
[2025-09-14T20:47:51.792+0000] {processor.py:161} INFO - Started process (PID=561) to work on /opt/airflow/dags/load_day_to_snowflake.py
[2025-09-14T20:47:51.795+0000] {processor.py:830} INFO - Processing file /opt/airflow/dags/load_day_to_snowflake.py for tasks to queue
[2025-09-14T20:47:51.798+0000] {logging_mixin.py:188} INFO - [2025-09-14T20:47:51.797+0000] {dagbag.py:540} INFO - Filling up the DagBag from /opt/airflow/dags/load_day_to_snowflake.py
[2025-09-14T20:47:51.822+0000] {processor.py:840} INFO - DAG(s) 'load_day_to_snowflake' retrieved from /opt/airflow/dags/load_day_to_snowflake.py
[2025-09-14T20:47:51.864+0000] {logging_mixin.py:188} INFO - [2025-09-14T20:47:51.862+0000] {dag.py:3096} INFO - Sync 1 DAGs
[2025-09-14T20:47:51.885+0000] {logging_mixin.py:188} INFO - [2025-09-14T20:47:51.884+0000] {dag.py:3954} INFO - Setting next_dagrun for load_day_to_snowflake to None, run_after=None
[2025-09-14T20:47:51.919+0000] {processor.py:183} INFO - Processing /opt/airflow/dags/load_day_to_snowflake.py took 0.136 seconds
[2025-09-14T20:48:22.467+0000] {processor.py:161} INFO - Started process (PID=596) to work on /opt/airflow/dags/load_day_to_snowflake.py
[2025-09-14T20:48:22.471+0000] {processor.py:830} INFO - Processing file /opt/airflow/dags/load_day_to_snowflake.py for tasks to queue
[2025-09-14T20:48:22.475+0000] {logging_mixin.py:188} INFO - [2025-09-14T20:48:22.474+0000] {dagbag.py:540} INFO - Filling up the DagBag from /opt/airflow/dags/load_day_to_snowflake.py
[2025-09-14T20:48:22.518+0000] {processor.py:840} INFO - DAG(s) 'load_day_to_snowflake' retrieved from /opt/airflow/dags/load_day_to_snowflake.py
[2025-09-14T20:48:22.604+0000] {logging_mixin.py:188} INFO - [2025-09-14T20:48:22.603+0000] {dag.py:3096} INFO - Sync 1 DAGs
[2025-09-14T20:48:22.626+0000] {logging_mixin.py:188} INFO - [2025-09-14T20:48:22.625+0000] {dag.py:3954} INFO - Setting next_dagrun for load_day_to_snowflake to None, run_after=None
[2025-09-14T20:48:22.676+0000] {processor.py:183} INFO - Processing /opt/airflow/dags/load_day_to_snowflake.py took 0.226 seconds
[2025-09-14T20:48:53.560+0000] {processor.py:161} INFO - Started process (PID=631) to work on /opt/airflow/dags/load_day_to_snowflake.py
[2025-09-14T20:48:53.562+0000] {processor.py:830} INFO - Processing file /opt/airflow/dags/load_day_to_snowflake.py for tasks to queue
[2025-09-14T20:48:53.565+0000] {logging_mixin.py:188} INFO - [2025-09-14T20:48:53.564+0000] {dagbag.py:540} INFO - Filling up the DagBag from /opt/airflow/dags/load_day_to_snowflake.py
[2025-09-14T20:48:53.625+0000] {processor.py:840} INFO - DAG(s) 'load_day_to_snowflake' retrieved from /opt/airflow/dags/load_day_to_snowflake.py
[2025-09-14T20:48:53.683+0000] {logging_mixin.py:188} INFO - [2025-09-14T20:48:53.682+0000] {dag.py:3096} INFO - Sync 1 DAGs
[2025-09-14T20:48:53.707+0000] {logging_mixin.py:188} INFO - [2025-09-14T20:48:53.707+0000] {dag.py:3954} INFO - Setting next_dagrun for load_day_to_snowflake to None, run_after=None
[2025-09-14T20:48:53.748+0000] {processor.py:183} INFO - Processing /opt/airflow/dags/load_day_to_snowflake.py took 0.200 seconds
[2025-09-14T20:49:23.940+0000] {processor.py:161} INFO - Started process (PID=666) to work on /opt/airflow/dags/load_day_to_snowflake.py
[2025-09-14T20:49:23.942+0000] {processor.py:830} INFO - Processing file /opt/airflow/dags/load_day_to_snowflake.py for tasks to queue
[2025-09-14T20:49:23.945+0000] {logging_mixin.py:188} INFO - [2025-09-14T20:49:23.944+0000] {dagbag.py:540} INFO - Filling up the DagBag from /opt/airflow/dags/load_day_to_snowflake.py
[2025-09-14T20:49:23.964+0000] {processor.py:840} INFO - DAG(s) 'load_day_to_snowflake' retrieved from /opt/airflow/dags/load_day_to_snowflake.py
[2025-09-14T20:49:23.997+0000] {logging_mixin.py:188} INFO - [2025-09-14T20:49:23.996+0000] {dag.py:3096} INFO - Sync 1 DAGs
[2025-09-14T20:49:24.014+0000] {logging_mixin.py:188} INFO - [2025-09-14T20:49:24.013+0000] {dag.py:3954} INFO - Setting next_dagrun for load_day_to_snowflake to None, run_after=None
[2025-09-14T20:49:24.034+0000] {processor.py:183} INFO - Processing /opt/airflow/dags/load_day_to_snowflake.py took 0.102 seconds
[2025-09-14T20:49:54.725+0000] {processor.py:161} INFO - Started process (PID=705) to work on /opt/airflow/dags/load_day_to_snowflake.py
[2025-09-14T20:49:54.726+0000] {processor.py:830} INFO - Processing file /opt/airflow/dags/load_day_to_snowflake.py for tasks to queue
[2025-09-14T20:49:54.728+0000] {logging_mixin.py:188} INFO - [2025-09-14T20:49:54.728+0000] {dagbag.py:540} INFO - Filling up the DagBag from /opt/airflow/dags/load_day_to_snowflake.py
[2025-09-14T20:49:54.745+0000] {processor.py:840} INFO - DAG(s) 'load_day_to_snowflake' retrieved from /opt/airflow/dags/load_day_to_snowflake.py
[2025-09-14T20:49:54.772+0000] {logging_mixin.py:188} INFO - [2025-09-14T20:49:54.771+0000] {dag.py:3096} INFO - Sync 1 DAGs
[2025-09-14T20:49:54.785+0000] {logging_mixin.py:188} INFO - [2025-09-14T20:49:54.785+0000] {dag.py:3954} INFO - Setting next_dagrun for load_day_to_snowflake to None, run_after=None
[2025-09-14T20:49:54.807+0000] {processor.py:183} INFO - Processing /opt/airflow/dags/load_day_to_snowflake.py took 0.089 seconds
[2025-09-14T20:50:25.057+0000] {processor.py:161} INFO - Started process (PID=740) to work on /opt/airflow/dags/load_day_to_snowflake.py
[2025-09-14T20:50:25.059+0000] {processor.py:830} INFO - Processing file /opt/airflow/dags/load_day_to_snowflake.py for tasks to queue
[2025-09-14T20:50:25.062+0000] {logging_mixin.py:188} INFO - [2025-09-14T20:50:25.062+0000] {dagbag.py:540} INFO - Filling up the DagBag from /opt/airflow/dags/load_day_to_snowflake.py
[2025-09-14T20:50:25.082+0000] {processor.py:840} INFO - DAG(s) 'load_day_to_snowflake' retrieved from /opt/airflow/dags/load_day_to_snowflake.py
[2025-09-14T20:50:25.114+0000] {logging_mixin.py:188} INFO - [2025-09-14T20:50:25.113+0000] {dag.py:3096} INFO - Sync 1 DAGs
[2025-09-14T20:50:25.128+0000] {logging_mixin.py:188} INFO - [2025-09-14T20:50:25.128+0000] {dag.py:3954} INFO - Setting next_dagrun for load_day_to_snowflake to None, run_after=None
[2025-09-14T20:50:25.150+0000] {processor.py:183} INFO - Processing /opt/airflow/dags/load_day_to_snowflake.py took 0.102 seconds
[2025-09-14T20:50:55.592+0000] {processor.py:161} INFO - Started process (PID=775) to work on /opt/airflow/dags/load_day_to_snowflake.py
[2025-09-14T20:50:55.593+0000] {processor.py:830} INFO - Processing file /opt/airflow/dags/load_day_to_snowflake.py for tasks to queue
[2025-09-14T20:50:55.595+0000] {logging_mixin.py:188} INFO - [2025-09-14T20:50:55.595+0000] {dagbag.py:540} INFO - Filling up the DagBag from /opt/airflow/dags/load_day_to_snowflake.py
[2025-09-14T20:50:55.615+0000] {processor.py:840} INFO - DAG(s) 'load_day_to_snowflake' retrieved from /opt/airflow/dags/load_day_to_snowflake.py
[2025-09-14T20:50:55.645+0000] {logging_mixin.py:188} INFO - [2025-09-14T20:50:55.644+0000] {dag.py:3096} INFO - Sync 1 DAGs
[2025-09-14T20:50:55.657+0000] {logging_mixin.py:188} INFO - [2025-09-14T20:50:55.657+0000] {dag.py:3954} INFO - Setting next_dagrun for load_day_to_snowflake to None, run_after=None
[2025-09-14T20:50:55.676+0000] {processor.py:183} INFO - Processing /opt/airflow/dags/load_day_to_snowflake.py took 0.090 seconds
[2025-09-14T20:51:25.991+0000] {processor.py:161} INFO - Started process (PID=810) to work on /opt/airflow/dags/load_day_to_snowflake.py
[2025-09-14T20:51:25.992+0000] {processor.py:830} INFO - Processing file /opt/airflow/dags/load_day_to_snowflake.py for tasks to queue
[2025-09-14T20:51:25.994+0000] {logging_mixin.py:188} INFO - [2025-09-14T20:51:25.993+0000] {dagbag.py:540} INFO - Filling up the DagBag from /opt/airflow/dags/load_day_to_snowflake.py
[2025-09-14T20:51:26.012+0000] {processor.py:840} INFO - DAG(s) 'load_day_to_snowflake' retrieved from /opt/airflow/dags/load_day_to_snowflake.py
[2025-09-14T20:51:26.045+0000] {logging_mixin.py:188} INFO - [2025-09-14T20:51:26.044+0000] {dag.py:3096} INFO - Sync 1 DAGs
[2025-09-14T20:51:26.060+0000] {logging_mixin.py:188} INFO - [2025-09-14T20:51:26.060+0000] {dag.py:3954} INFO - Setting next_dagrun for load_day_to_snowflake to None, run_after=None
[2025-09-14T20:51:26.081+0000] {processor.py:183} INFO - Processing /opt/airflow/dags/load_day_to_snowflake.py took 0.096 seconds
[2025-09-14T20:51:56.482+0000] {processor.py:161} INFO - Started process (PID=845) to work on /opt/airflow/dags/load_day_to_snowflake.py
[2025-09-14T20:51:56.483+0000] {processor.py:830} INFO - Processing file /opt/airflow/dags/load_day_to_snowflake.py for tasks to queue
[2025-09-14T20:51:56.485+0000] {logging_mixin.py:188} INFO - [2025-09-14T20:51:56.484+0000] {dagbag.py:540} INFO - Filling up the DagBag from /opt/airflow/dags/load_day_to_snowflake.py
[2025-09-14T20:51:56.504+0000] {processor.py:840} INFO - DAG(s) 'load_day_to_snowflake' retrieved from /opt/airflow/dags/load_day_to_snowflake.py
[2025-09-14T20:51:56.535+0000] {logging_mixin.py:188} INFO - [2025-09-14T20:51:56.535+0000] {dag.py:3096} INFO - Sync 1 DAGs
[2025-09-14T20:51:56.548+0000] {logging_mixin.py:188} INFO - [2025-09-14T20:51:56.548+0000] {dag.py:3954} INFO - Setting next_dagrun for load_day_to_snowflake to None, run_after=None
[2025-09-14T20:51:56.570+0000] {processor.py:183} INFO - Processing /opt/airflow/dags/load_day_to_snowflake.py took 0.094 seconds
[2025-09-14T20:52:27.000+0000] {processor.py:161} INFO - Started process (PID=880) to work on /opt/airflow/dags/load_day_to_snowflake.py
[2025-09-14T20:52:27.007+0000] {processor.py:830} INFO - Processing file /opt/airflow/dags/load_day_to_snowflake.py for tasks to queue
[2025-09-14T20:52:27.016+0000] {logging_mixin.py:188} INFO - [2025-09-14T20:52:27.015+0000] {dagbag.py:540} INFO - Filling up the DagBag from /opt/airflow/dags/load_day_to_snowflake.py
[2025-09-14T20:52:27.081+0000] {processor.py:840} INFO - DAG(s) 'load_day_to_snowflake' retrieved from /opt/airflow/dags/load_day_to_snowflake.py
[2025-09-14T20:52:27.123+0000] {logging_mixin.py:188} INFO - [2025-09-14T20:52:27.122+0000] {dag.py:3096} INFO - Sync 1 DAGs
[2025-09-14T20:52:27.170+0000] {logging_mixin.py:188} INFO - [2025-09-14T20:52:27.170+0000] {dag.py:3954} INFO - Setting next_dagrun for load_day_to_snowflake to None, run_after=None
[2025-09-14T20:52:27.204+0000] {processor.py:183} INFO - Processing /opt/airflow/dags/load_day_to_snowflake.py took 0.257 seconds
[2025-09-14T20:52:57.776+0000] {processor.py:161} INFO - Started process (PID=915) to work on /opt/airflow/dags/load_day_to_snowflake.py
[2025-09-14T20:52:57.777+0000] {processor.py:830} INFO - Processing file /opt/airflow/dags/load_day_to_snowflake.py for tasks to queue
[2025-09-14T20:52:57.780+0000] {logging_mixin.py:188} INFO - [2025-09-14T20:52:57.780+0000] {dagbag.py:540} INFO - Filling up the DagBag from /opt/airflow/dags/load_day_to_snowflake.py
[2025-09-14T20:52:57.798+0000] {processor.py:840} INFO - DAG(s) 'load_day_to_snowflake' retrieved from /opt/airflow/dags/load_day_to_snowflake.py
[2025-09-14T20:52:57.834+0000] {logging_mixin.py:188} INFO - [2025-09-14T20:52:57.834+0000] {dag.py:3096} INFO - Sync 1 DAGs
[2025-09-14T20:52:57.857+0000] {logging_mixin.py:188} INFO - [2025-09-14T20:52:57.857+0000] {dag.py:3954} INFO - Setting next_dagrun for load_day_to_snowflake to None, run_after=None
[2025-09-14T20:52:57.903+0000] {processor.py:183} INFO - Processing /opt/airflow/dags/load_day_to_snowflake.py took 0.133 seconds
[2025-09-14T20:53:28.362+0000] {processor.py:161} INFO - Started process (PID=950) to work on /opt/airflow/dags/load_day_to_snowflake.py
[2025-09-14T20:53:28.364+0000] {processor.py:830} INFO - Processing file /opt/airflow/dags/load_day_to_snowflake.py for tasks to queue
[2025-09-14T20:53:28.366+0000] {logging_mixin.py:188} INFO - [2025-09-14T20:53:28.366+0000] {dagbag.py:540} INFO - Filling up the DagBag from /opt/airflow/dags/load_day_to_snowflake.py
[2025-09-14T20:53:28.382+0000] {processor.py:840} INFO - DAG(s) 'load_day_to_snowflake' retrieved from /opt/airflow/dags/load_day_to_snowflake.py
[2025-09-14T20:53:28.408+0000] {logging_mixin.py:188} INFO - [2025-09-14T20:53:28.407+0000] {dag.py:3096} INFO - Sync 1 DAGs
[2025-09-14T20:53:28.420+0000] {logging_mixin.py:188} INFO - [2025-09-14T20:53:28.420+0000] {dag.py:3954} INFO - Setting next_dagrun for load_day_to_snowflake to None, run_after=None
[2025-09-14T20:53:28.440+0000] {processor.py:183} INFO - Processing /opt/airflow/dags/load_day_to_snowflake.py took 0.084 seconds
[2025-09-14T20:53:58.806+0000] {processor.py:161} INFO - Started process (PID=985) to work on /opt/airflow/dags/load_day_to_snowflake.py
[2025-09-14T20:53:58.807+0000] {processor.py:830} INFO - Processing file /opt/airflow/dags/load_day_to_snowflake.py for tasks to queue
[2025-09-14T20:53:58.809+0000] {logging_mixin.py:188} INFO - [2025-09-14T20:53:58.809+0000] {dagbag.py:540} INFO - Filling up the DagBag from /opt/airflow/dags/load_day_to_snowflake.py
[2025-09-14T20:53:58.831+0000] {processor.py:840} INFO - DAG(s) 'load_day_to_snowflake' retrieved from /opt/airflow/dags/load_day_to_snowflake.py
[2025-09-14T20:53:58.863+0000] {logging_mixin.py:188} INFO - [2025-09-14T20:53:58.863+0000] {dag.py:3096} INFO - Sync 1 DAGs
[2025-09-14T20:53:58.875+0000] {logging_mixin.py:188} INFO - [2025-09-14T20:53:58.875+0000] {dag.py:3954} INFO - Setting next_dagrun for load_day_to_snowflake to None, run_after=None
[2025-09-14T20:53:58.895+0000] {processor.py:183} INFO - Processing /opt/airflow/dags/load_day_to_snowflake.py took 0.094 seconds
[2025-09-14T20:54:29.330+0000] {processor.py:161} INFO - Started process (PID=1020) to work on /opt/airflow/dags/load_day_to_snowflake.py
[2025-09-14T20:54:29.331+0000] {processor.py:830} INFO - Processing file /opt/airflow/dags/load_day_to_snowflake.py for tasks to queue
[2025-09-14T20:54:29.333+0000] {logging_mixin.py:188} INFO - [2025-09-14T20:54:29.332+0000] {dagbag.py:540} INFO - Filling up the DagBag from /opt/airflow/dags/load_day_to_snowflake.py
[2025-09-14T20:54:29.357+0000] {processor.py:840} INFO - DAG(s) 'load_day_to_snowflake' retrieved from /opt/airflow/dags/load_day_to_snowflake.py
[2025-09-14T20:54:29.413+0000] {logging_mixin.py:188} INFO - [2025-09-14T20:54:29.412+0000] {dag.py:3096} INFO - Sync 1 DAGs
[2025-09-14T20:54:29.441+0000] {logging_mixin.py:188} INFO - [2025-09-14T20:54:29.440+0000] {dag.py:3954} INFO - Setting next_dagrun for load_day_to_snowflake to None, run_after=None
[2025-09-14T20:54:29.462+0000] {processor.py:183} INFO - Processing /opt/airflow/dags/load_day_to_snowflake.py took 0.138 seconds
[2025-09-14T20:54:59.852+0000] {processor.py:161} INFO - Started process (PID=1055) to work on /opt/airflow/dags/load_day_to_snowflake.py
[2025-09-14T20:54:59.852+0000] {processor.py:830} INFO - Processing file /opt/airflow/dags/load_day_to_snowflake.py for tasks to queue
[2025-09-14T20:54:59.854+0000] {logging_mixin.py:188} INFO - [2025-09-14T20:54:59.854+0000] {dagbag.py:540} INFO - Filling up the DagBag from /opt/airflow/dags/load_day_to_snowflake.py
[2025-09-14T20:54:59.869+0000] {processor.py:840} INFO - DAG(s) 'load_day_to_snowflake' retrieved from /opt/airflow/dags/load_day_to_snowflake.py
[2025-09-14T20:54:59.893+0000] {logging_mixin.py:188} INFO - [2025-09-14T20:54:59.893+0000] {dag.py:3096} INFO - Sync 1 DAGs
[2025-09-14T20:54:59.905+0000] {logging_mixin.py:188} INFO - [2025-09-14T20:54:59.905+0000] {dag.py:3954} INFO - Setting next_dagrun for load_day_to_snowflake to None, run_after=None
[2025-09-14T20:54:59.937+0000] {processor.py:183} INFO - Processing /opt/airflow/dags/load_day_to_snowflake.py took 0.090 seconds
[2025-09-14T20:55:30.444+0000] {processor.py:161} INFO - Started process (PID=1090) to work on /opt/airflow/dags/load_day_to_snowflake.py
[2025-09-14T20:55:30.445+0000] {processor.py:830} INFO - Processing file /opt/airflow/dags/load_day_to_snowflake.py for tasks to queue
[2025-09-14T20:55:30.447+0000] {logging_mixin.py:188} INFO - [2025-09-14T20:55:30.447+0000] {dagbag.py:540} INFO - Filling up the DagBag from /opt/airflow/dags/load_day_to_snowflake.py
[2025-09-14T20:55:30.464+0000] {processor.py:840} INFO - DAG(s) 'load_day_to_snowflake' retrieved from /opt/airflow/dags/load_day_to_snowflake.py
[2025-09-14T20:55:30.489+0000] {logging_mixin.py:188} INFO - [2025-09-14T20:55:30.489+0000] {dag.py:3096} INFO - Sync 1 DAGs
[2025-09-14T20:55:30.503+0000] {logging_mixin.py:188} INFO - [2025-09-14T20:55:30.503+0000] {dag.py:3954} INFO - Setting next_dagrun for load_day_to_snowflake to None, run_after=None
[2025-09-14T20:55:30.525+0000] {processor.py:183} INFO - Processing /opt/airflow/dags/load_day_to_snowflake.py took 0.086 seconds
[2025-09-14T20:56:01.046+0000] {processor.py:161} INFO - Started process (PID=1125) to work on /opt/airflow/dags/load_day_to_snowflake.py
[2025-09-14T20:56:01.047+0000] {processor.py:830} INFO - Processing file /opt/airflow/dags/load_day_to_snowflake.py for tasks to queue
[2025-09-14T20:56:01.049+0000] {logging_mixin.py:188} INFO - [2025-09-14T20:56:01.049+0000] {dagbag.py:540} INFO - Filling up the DagBag from /opt/airflow/dags/load_day_to_snowflake.py
[2025-09-14T20:56:01.065+0000] {processor.py:840} INFO - DAG(s) 'load_day_to_snowflake' retrieved from /opt/airflow/dags/load_day_to_snowflake.py
[2025-09-14T20:56:01.089+0000] {logging_mixin.py:188} INFO - [2025-09-14T20:56:01.089+0000] {dag.py:3096} INFO - Sync 1 DAGs
[2025-09-14T20:56:01.100+0000] {logging_mixin.py:188} INFO - [2025-09-14T20:56:01.100+0000] {dag.py:3954} INFO - Setting next_dagrun for load_day_to_snowflake to None, run_after=None
[2025-09-14T20:56:01.122+0000] {processor.py:183} INFO - Processing /opt/airflow/dags/load_day_to_snowflake.py took 0.080 seconds
[2025-09-14T20:56:31.548+0000] {processor.py:161} INFO - Started process (PID=1160) to work on /opt/airflow/dags/load_day_to_snowflake.py
[2025-09-14T20:56:31.549+0000] {processor.py:830} INFO - Processing file /opt/airflow/dags/load_day_to_snowflake.py for tasks to queue
[2025-09-14T20:56:31.551+0000] {logging_mixin.py:188} INFO - [2025-09-14T20:56:31.551+0000] {dagbag.py:540} INFO - Filling up the DagBag from /opt/airflow/dags/load_day_to_snowflake.py
[2025-09-14T20:56:31.566+0000] {processor.py:840} INFO - DAG(s) 'load_day_to_snowflake' retrieved from /opt/airflow/dags/load_day_to_snowflake.py
[2025-09-14T20:56:31.590+0000] {logging_mixin.py:188} INFO - [2025-09-14T20:56:31.589+0000] {dag.py:3096} INFO - Sync 1 DAGs
[2025-09-14T20:56:31.601+0000] {logging_mixin.py:188} INFO - [2025-09-14T20:56:31.600+0000] {dag.py:3954} INFO - Setting next_dagrun for load_day_to_snowflake to None, run_after=None
[2025-09-14T20:56:31.619+0000] {processor.py:183} INFO - Processing /opt/airflow/dags/load_day_to_snowflake.py took 0.075 seconds
[2025-09-14T20:57:02.010+0000] {processor.py:161} INFO - Started process (PID=1195) to work on /opt/airflow/dags/load_day_to_snowflake.py
[2025-09-14T20:57:02.011+0000] {processor.py:830} INFO - Processing file /opt/airflow/dags/load_day_to_snowflake.py for tasks to queue
[2025-09-14T20:57:02.012+0000] {logging_mixin.py:188} INFO - [2025-09-14T20:57:02.012+0000] {dagbag.py:540} INFO - Filling up the DagBag from /opt/airflow/dags/load_day_to_snowflake.py
[2025-09-14T20:57:02.028+0000] {processor.py:840} INFO - DAG(s) 'load_day_to_snowflake' retrieved from /opt/airflow/dags/load_day_to_snowflake.py
[2025-09-14T20:57:02.053+0000] {logging_mixin.py:188} INFO - [2025-09-14T20:57:02.053+0000] {dag.py:3096} INFO - Sync 1 DAGs
[2025-09-14T20:57:02.065+0000] {logging_mixin.py:188} INFO - [2025-09-14T20:57:02.064+0000] {dag.py:3954} INFO - Setting next_dagrun for load_day_to_snowflake to None, run_after=None
[2025-09-14T20:57:02.085+0000] {processor.py:183} INFO - Processing /opt/airflow/dags/load_day_to_snowflake.py took 0.081 seconds
[2025-09-14T20:57:32.571+0000] {processor.py:161} INFO - Started process (PID=1230) to work on /opt/airflow/dags/load_day_to_snowflake.py
[2025-09-14T20:57:32.572+0000] {processor.py:830} INFO - Processing file /opt/airflow/dags/load_day_to_snowflake.py for tasks to queue
[2025-09-14T20:57:32.574+0000] {logging_mixin.py:188} INFO - [2025-09-14T20:57:32.574+0000] {dagbag.py:540} INFO - Filling up the DagBag from /opt/airflow/dags/load_day_to_snowflake.py
[2025-09-14T20:57:32.591+0000] {processor.py:840} INFO - DAG(s) 'load_day_to_snowflake' retrieved from /opt/airflow/dags/load_day_to_snowflake.py
[2025-09-14T20:57:32.617+0000] {logging_mixin.py:188} INFO - [2025-09-14T20:57:32.617+0000] {dag.py:3096} INFO - Sync 1 DAGs
[2025-09-14T20:57:32.629+0000] {logging_mixin.py:188} INFO - [2025-09-14T20:57:32.629+0000] {dag.py:3954} INFO - Setting next_dagrun for load_day_to_snowflake to None, run_after=None
[2025-09-14T20:57:32.649+0000] {processor.py:183} INFO - Processing /opt/airflow/dags/load_day_to_snowflake.py took 0.085 seconds
[2025-09-14T20:58:03.216+0000] {processor.py:161} INFO - Started process (PID=1265) to work on /opt/airflow/dags/load_day_to_snowflake.py
[2025-09-14T20:58:03.217+0000] {processor.py:830} INFO - Processing file /opt/airflow/dags/load_day_to_snowflake.py for tasks to queue
[2025-09-14T20:58:03.220+0000] {logging_mixin.py:188} INFO - [2025-09-14T20:58:03.219+0000] {dagbag.py:540} INFO - Filling up the DagBag from /opt/airflow/dags/load_day_to_snowflake.py
[2025-09-14T20:58:03.235+0000] {processor.py:840} INFO - DAG(s) 'load_day_to_snowflake' retrieved from /opt/airflow/dags/load_day_to_snowflake.py
[2025-09-14T20:58:03.262+0000] {logging_mixin.py:188} INFO - [2025-09-14T20:58:03.262+0000] {dag.py:3096} INFO - Sync 1 DAGs
[2025-09-14T20:58:03.275+0000] {logging_mixin.py:188} INFO - [2025-09-14T20:58:03.275+0000] {dag.py:3954} INFO - Setting next_dagrun for load_day_to_snowflake to None, run_after=None
[2025-09-14T20:58:03.296+0000] {processor.py:183} INFO - Processing /opt/airflow/dags/load_day_to_snowflake.py took 0.085 seconds
[2025-09-14T20:58:33.758+0000] {processor.py:161} INFO - Started process (PID=1300) to work on /opt/airflow/dags/load_day_to_snowflake.py
[2025-09-14T20:58:33.761+0000] {processor.py:830} INFO - Processing file /opt/airflow/dags/load_day_to_snowflake.py for tasks to queue
[2025-09-14T20:58:33.774+0000] {logging_mixin.py:188} INFO - [2025-09-14T20:58:33.773+0000] {dagbag.py:540} INFO - Filling up the DagBag from /opt/airflow/dags/load_day_to_snowflake.py
[2025-09-14T20:58:33.819+0000] {processor.py:840} INFO - DAG(s) 'load_day_to_snowflake' retrieved from /opt/airflow/dags/load_day_to_snowflake.py
[2025-09-14T20:58:33.888+0000] {logging_mixin.py:188} INFO - [2025-09-14T20:58:33.887+0000] {dag.py:3096} INFO - Sync 1 DAGs
[2025-09-14T20:58:33.922+0000] {logging_mixin.py:188} INFO - [2025-09-14T20:58:33.922+0000] {dag.py:3954} INFO - Setting next_dagrun for load_day_to_snowflake to None, run_after=None
[2025-09-14T20:58:33.956+0000] {processor.py:183} INFO - Processing /opt/airflow/dags/load_day_to_snowflake.py took 0.212 seconds
