[2025-09-14T20:42:43.925+0000] {processor.py:161} INFO - Started process (PID=170) to work on /opt/airflow/dags/load_hour_to_snowflake.py
[2025-09-14T20:42:43.926+0000] {processor.py:830} INFO - Processing file /opt/airflow/dags/load_hour_to_snowflake.py for tasks to queue
[2025-09-14T20:42:43.929+0000] {logging_mixin.py:188} INFO - [2025-09-14T20:42:43.928+0000] {dagbag.py:540} INFO - Filling up the DagBag from /opt/airflow/dags/load_hour_to_snowflake.py
[2025-09-14T20:42:43.974+0000] {processor.py:840} INFO - DAG(s) 'load_hour_to_snowflake' retrieved from /opt/airflow/dags/load_hour_to_snowflake.py
[2025-09-14T20:42:44.218+0000] {logging_mixin.py:188} INFO - [2025-09-14T20:42:44.217+0000] {override.py:1829} INFO - Created Permission View: can delete on DAG:load_hour_to_snowflake
[2025-09-14T20:42:44.228+0000] {logging_mixin.py:188} INFO - [2025-09-14T20:42:44.227+0000] {override.py:1829} INFO - Created Permission View: can edit on DAG:load_hour_to_snowflake
[2025-09-14T20:42:44.235+0000] {logging_mixin.py:188} INFO - [2025-09-14T20:42:44.234+0000] {override.py:1829} INFO - Created Permission View: can read on DAG:load_hour_to_snowflake
[2025-09-14T20:42:44.236+0000] {logging_mixin.py:188} INFO - [2025-09-14T20:42:44.235+0000] {dag.py:3096} INFO - Sync 1 DAGs
[2025-09-14T20:42:44.245+0000] {logging_mixin.py:188} INFO - [2025-09-14T20:42:44.245+0000] {dag.py:3118} INFO - Creating ORM DAG for load_hour_to_snowflake
[2025-09-14T20:42:44.246+0000] {logging_mixin.py:188} INFO - [2025-09-14T20:42:44.246+0000] {dag.py:3954} INFO - Setting next_dagrun for load_hour_to_snowflake to None, run_after=None
[2025-09-14T20:42:44.263+0000] {processor.py:183} INFO - Processing /opt/airflow/dags/load_hour_to_snowflake.py took 0.346 seconds
[2025-09-14T20:43:14.977+0000] {processor.py:161} INFO - Started process (PID=205) to work on /opt/airflow/dags/load_hour_to_snowflake.py
[2025-09-14T20:43:14.990+0000] {processor.py:830} INFO - Processing file /opt/airflow/dags/load_hour_to_snowflake.py for tasks to queue
[2025-09-14T20:43:15.024+0000] {logging_mixin.py:188} INFO - [2025-09-14T20:43:15.019+0000] {dagbag.py:540} INFO - Filling up the DagBag from /opt/airflow/dags/load_hour_to_snowflake.py
[2025-09-14T20:43:15.124+0000] {processor.py:840} INFO - DAG(s) 'load_hour_to_snowflake' retrieved from /opt/airflow/dags/load_hour_to_snowflake.py
[2025-09-14T20:43:15.203+0000] {logging_mixin.py:188} INFO - [2025-09-14T20:43:15.202+0000] {dag.py:3096} INFO - Sync 1 DAGs
[2025-09-14T20:43:15.245+0000] {logging_mixin.py:188} INFO - [2025-09-14T20:43:15.245+0000] {dag.py:3954} INFO - Setting next_dagrun for load_hour_to_snowflake to None, run_after=None
[2025-09-14T20:43:15.291+0000] {processor.py:183} INFO - Processing /opt/airflow/dags/load_hour_to_snowflake.py took 0.431 seconds
[2025-09-14T20:43:45.556+0000] {processor.py:161} INFO - Started process (PID=243) to work on /opt/airflow/dags/load_hour_to_snowflake.py
[2025-09-14T20:43:45.558+0000] {processor.py:830} INFO - Processing file /opt/airflow/dags/load_hour_to_snowflake.py for tasks to queue
[2025-09-14T20:43:45.560+0000] {logging_mixin.py:188} INFO - [2025-09-14T20:43:45.559+0000] {dagbag.py:540} INFO - Filling up the DagBag from /opt/airflow/dags/load_hour_to_snowflake.py
[2025-09-14T20:43:45.579+0000] {processor.py:840} INFO - DAG(s) 'load_hour_to_snowflake' retrieved from /opt/airflow/dags/load_hour_to_snowflake.py
[2025-09-14T20:43:45.611+0000] {logging_mixin.py:188} INFO - [2025-09-14T20:43:45.610+0000] {dag.py:3096} INFO - Sync 1 DAGs
[2025-09-14T20:43:45.627+0000] {logging_mixin.py:188} INFO - [2025-09-14T20:43:45.627+0000] {dag.py:3954} INFO - Setting next_dagrun for load_hour_to_snowflake to None, run_after=None
[2025-09-14T20:43:45.645+0000] {processor.py:183} INFO - Processing /opt/airflow/dags/load_hour_to_snowflake.py took 0.095 seconds
[2025-09-14T20:44:16.078+0000] {processor.py:161} INFO - Started process (PID=278) to work on /opt/airflow/dags/load_hour_to_snowflake.py
[2025-09-14T20:44:16.080+0000] {processor.py:830} INFO - Processing file /opt/airflow/dags/load_hour_to_snowflake.py for tasks to queue
[2025-09-14T20:44:16.083+0000] {logging_mixin.py:188} INFO - [2025-09-14T20:44:16.083+0000] {dagbag.py:540} INFO - Filling up the DagBag from /opt/airflow/dags/load_hour_to_snowflake.py
[2025-09-14T20:44:16.103+0000] {processor.py:840} INFO - DAG(s) 'load_hour_to_snowflake' retrieved from /opt/airflow/dags/load_hour_to_snowflake.py
[2025-09-14T20:44:16.133+0000] {logging_mixin.py:188} INFO - [2025-09-14T20:44:16.132+0000] {dag.py:3096} INFO - Sync 1 DAGs
[2025-09-14T20:44:16.146+0000] {logging_mixin.py:188} INFO - [2025-09-14T20:44:16.145+0000] {dag.py:3954} INFO - Setting next_dagrun for load_hour_to_snowflake to None, run_after=None
[2025-09-14T20:44:16.164+0000] {processor.py:183} INFO - Processing /opt/airflow/dags/load_hour_to_snowflake.py took 0.100 seconds
[2025-09-14T20:44:46.574+0000] {processor.py:161} INFO - Started process (PID=343) to work on /opt/airflow/dags/load_hour_to_snowflake.py
[2025-09-14T20:44:46.575+0000] {processor.py:830} INFO - Processing file /opt/airflow/dags/load_hour_to_snowflake.py for tasks to queue
[2025-09-14T20:44:46.577+0000] {logging_mixin.py:188} INFO - [2025-09-14T20:44:46.577+0000] {dagbag.py:540} INFO - Filling up the DagBag from /opt/airflow/dags/load_hour_to_snowflake.py
[2025-09-14T20:44:46.607+0000] {processor.py:840} INFO - DAG(s) 'load_hour_to_snowflake' retrieved from /opt/airflow/dags/load_hour_to_snowflake.py
[2025-09-14T20:44:46.635+0000] {logging_mixin.py:188} INFO - [2025-09-14T20:44:46.634+0000] {dag.py:3096} INFO - Sync 1 DAGs
[2025-09-14T20:44:46.648+0000] {logging_mixin.py:188} INFO - [2025-09-14T20:44:46.648+0000] {dag.py:3954} INFO - Setting next_dagrun for load_hour_to_snowflake to None, run_after=None
[2025-09-14T20:44:46.668+0000] {processor.py:183} INFO - Processing /opt/airflow/dags/load_hour_to_snowflake.py took 0.100 seconds
[2025-09-14T20:45:17.370+0000] {processor.py:161} INFO - Started process (PID=378) to work on /opt/airflow/dags/load_hour_to_snowflake.py
[2025-09-14T20:45:17.379+0000] {processor.py:830} INFO - Processing file /opt/airflow/dags/load_hour_to_snowflake.py for tasks to queue
[2025-09-14T20:45:17.399+0000] {logging_mixin.py:188} INFO - [2025-09-14T20:45:17.395+0000] {dagbag.py:540} INFO - Filling up the DagBag from /opt/airflow/dags/load_hour_to_snowflake.py
[2025-09-14T20:45:17.678+0000] {processor.py:840} INFO - DAG(s) 'load_hour_to_snowflake' retrieved from /opt/airflow/dags/load_hour_to_snowflake.py
[2025-09-14T20:45:17.870+0000] {logging_mixin.py:188} INFO - [2025-09-14T20:45:17.869+0000] {dag.py:3096} INFO - Sync 1 DAGs
[2025-09-14T20:45:17.923+0000] {logging_mixin.py:188} INFO - [2025-09-14T20:45:17.922+0000] {dag.py:3954} INFO - Setting next_dagrun for load_hour_to_snowflake to None, run_after=None
[2025-09-14T20:45:17.974+0000] {processor.py:183} INFO - Processing /opt/airflow/dags/load_hour_to_snowflake.py took 0.719 seconds
[2025-09-14T20:45:48.239+0000] {processor.py:161} INFO - Started process (PID=418) to work on /opt/airflow/dags/load_hour_to_snowflake.py
[2025-09-14T20:45:48.241+0000] {processor.py:830} INFO - Processing file /opt/airflow/dags/load_hour_to_snowflake.py for tasks to queue
[2025-09-14T20:45:48.244+0000] {logging_mixin.py:188} INFO - [2025-09-14T20:45:48.243+0000] {dagbag.py:540} INFO - Filling up the DagBag from /opt/airflow/dags/load_hour_to_snowflake.py
[2025-09-14T20:45:48.275+0000] {processor.py:840} INFO - DAG(s) 'load_hour_to_snowflake' retrieved from /opt/airflow/dags/load_hour_to_snowflake.py
[2025-09-14T20:45:48.500+0000] {logging_mixin.py:188} INFO - [2025-09-14T20:45:48.498+0000] {dag.py:3096} INFO - Sync 1 DAGs
[2025-09-14T20:45:48.572+0000] {logging_mixin.py:188} INFO - [2025-09-14T20:45:48.572+0000] {dag.py:3954} INFO - Setting next_dagrun for load_hour_to_snowflake to None, run_after=None
[2025-09-14T20:45:48.666+0000] {processor.py:183} INFO - Processing /opt/airflow/dags/load_hour_to_snowflake.py took 0.434 seconds
[2025-09-14T20:46:19.460+0000] {processor.py:161} INFO - Started process (PID=453) to work on /opt/airflow/dags/load_hour_to_snowflake.py
[2025-09-14T20:46:19.461+0000] {processor.py:830} INFO - Processing file /opt/airflow/dags/load_hour_to_snowflake.py for tasks to queue
[2025-09-14T20:46:19.464+0000] {logging_mixin.py:188} INFO - [2025-09-14T20:46:19.463+0000] {dagbag.py:540} INFO - Filling up the DagBag from /opt/airflow/dags/load_hour_to_snowflake.py
[2025-09-14T20:46:19.517+0000] {processor.py:840} INFO - DAG(s) 'load_hour_to_snowflake' retrieved from /opt/airflow/dags/load_hour_to_snowflake.py
[2025-09-14T20:46:19.577+0000] {logging_mixin.py:188} INFO - [2025-09-14T20:46:19.574+0000] {dag.py:3096} INFO - Sync 1 DAGs
[2025-09-14T20:46:19.600+0000] {logging_mixin.py:188} INFO - [2025-09-14T20:46:19.600+0000] {dag.py:3954} INFO - Setting next_dagrun for load_hour_to_snowflake to None, run_after=None
[2025-09-14T20:46:19.630+0000] {processor.py:183} INFO - Processing /opt/airflow/dags/load_hour_to_snowflake.py took 0.179 seconds
[2025-09-14T20:46:50.159+0000] {processor.py:161} INFO - Started process (PID=488) to work on /opt/airflow/dags/load_hour_to_snowflake.py
[2025-09-14T20:46:50.173+0000] {processor.py:830} INFO - Processing file /opt/airflow/dags/load_hour_to_snowflake.py for tasks to queue
[2025-09-14T20:46:50.180+0000] {logging_mixin.py:188} INFO - [2025-09-14T20:46:50.179+0000] {dagbag.py:540} INFO - Filling up the DagBag from /opt/airflow/dags/load_hour_to_snowflake.py
[2025-09-14T20:46:50.247+0000] {processor.py:840} INFO - DAG(s) 'load_hour_to_snowflake' retrieved from /opt/airflow/dags/load_hour_to_snowflake.py
[2025-09-14T20:46:50.382+0000] {logging_mixin.py:188} INFO - [2025-09-14T20:46:50.377+0000] {dag.py:3096} INFO - Sync 1 DAGs
[2025-09-14T20:46:50.491+0000] {logging_mixin.py:188} INFO - [2025-09-14T20:46:50.490+0000] {dag.py:3954} INFO - Setting next_dagrun for load_hour_to_snowflake to None, run_after=None
[2025-09-14T20:46:50.580+0000] {processor.py:183} INFO - Processing /opt/airflow/dags/load_hour_to_snowflake.py took 0.453 seconds
[2025-09-14T20:47:21.465+0000] {processor.py:161} INFO - Started process (PID=523) to work on /opt/airflow/dags/load_hour_to_snowflake.py
[2025-09-14T20:47:21.467+0000] {processor.py:830} INFO - Processing file /opt/airflow/dags/load_hour_to_snowflake.py for tasks to queue
[2025-09-14T20:47:21.472+0000] {logging_mixin.py:188} INFO - [2025-09-14T20:47:21.471+0000] {dagbag.py:540} INFO - Filling up the DagBag from /opt/airflow/dags/load_hour_to_snowflake.py
[2025-09-14T20:47:21.520+0000] {processor.py:840} INFO - DAG(s) 'load_hour_to_snowflake' retrieved from /opt/airflow/dags/load_hour_to_snowflake.py
[2025-09-14T20:47:21.599+0000] {logging_mixin.py:188} INFO - [2025-09-14T20:47:21.598+0000] {dag.py:3096} INFO - Sync 1 DAGs
[2025-09-14T20:47:21.621+0000] {logging_mixin.py:188} INFO - [2025-09-14T20:47:21.620+0000] {dag.py:3954} INFO - Setting next_dagrun for load_hour_to_snowflake to None, run_after=None
[2025-09-14T20:47:21.650+0000] {processor.py:183} INFO - Processing /opt/airflow/dags/load_hour_to_snowflake.py took 0.193 seconds
[2025-09-14T20:47:51.782+0000] {processor.py:161} INFO - Started process (PID=558) to work on /opt/airflow/dags/load_hour_to_snowflake.py
[2025-09-14T20:47:51.784+0000] {processor.py:830} INFO - Processing file /opt/airflow/dags/load_hour_to_snowflake.py for tasks to queue
[2025-09-14T20:47:51.788+0000] {logging_mixin.py:188} INFO - [2025-09-14T20:47:51.787+0000] {dagbag.py:540} INFO - Filling up the DagBag from /opt/airflow/dags/load_hour_to_snowflake.py
[2025-09-14T20:47:51.811+0000] {processor.py:840} INFO - DAG(s) 'load_hour_to_snowflake' retrieved from /opt/airflow/dags/load_hour_to_snowflake.py
[2025-09-14T20:47:51.848+0000] {logging_mixin.py:188} INFO - [2025-09-14T20:47:51.847+0000] {dag.py:3096} INFO - Sync 1 DAGs
[2025-09-14T20:47:51.867+0000] {logging_mixin.py:188} INFO - [2025-09-14T20:47:51.866+0000] {dag.py:3954} INFO - Setting next_dagrun for load_hour_to_snowflake to None, run_after=None
[2025-09-14T20:47:51.906+0000] {processor.py:183} INFO - Processing /opt/airflow/dags/load_hour_to_snowflake.py took 0.133 seconds
[2025-09-14T20:48:22.442+0000] {processor.py:161} INFO - Started process (PID=593) to work on /opt/airflow/dags/load_hour_to_snowflake.py
[2025-09-14T20:48:22.445+0000] {processor.py:830} INFO - Processing file /opt/airflow/dags/load_hour_to_snowflake.py for tasks to queue
[2025-09-14T20:48:22.458+0000] {logging_mixin.py:188} INFO - [2025-09-14T20:48:22.457+0000] {dagbag.py:540} INFO - Filling up the DagBag from /opt/airflow/dags/load_hour_to_snowflake.py
[2025-09-14T20:48:22.517+0000] {processor.py:840} INFO - DAG(s) 'load_hour_to_snowflake' retrieved from /opt/airflow/dags/load_hour_to_snowflake.py
[2025-09-14T20:48:22.604+0000] {logging_mixin.py:188} INFO - [2025-09-14T20:48:22.603+0000] {dag.py:3096} INFO - Sync 1 DAGs
[2025-09-14T20:48:22.622+0000] {logging_mixin.py:188} INFO - [2025-09-14T20:48:22.622+0000] {dag.py:3954} INFO - Setting next_dagrun for load_hour_to_snowflake to None, run_after=None
[2025-09-14T20:48:22.672+0000] {processor.py:183} INFO - Processing /opt/airflow/dags/load_hour_to_snowflake.py took 0.251 seconds
[2025-09-14T20:48:53.545+0000] {processor.py:161} INFO - Started process (PID=628) to work on /opt/airflow/dags/load_hour_to_snowflake.py
[2025-09-14T20:48:53.546+0000] {processor.py:830} INFO - Processing file /opt/airflow/dags/load_hour_to_snowflake.py for tasks to queue
[2025-09-14T20:48:53.548+0000] {logging_mixin.py:188} INFO - [2025-09-14T20:48:53.548+0000] {dagbag.py:540} INFO - Filling up the DagBag from /opt/airflow/dags/load_hour_to_snowflake.py
[2025-09-14T20:48:53.583+0000] {processor.py:840} INFO - DAG(s) 'load_hour_to_snowflake' retrieved from /opt/airflow/dags/load_hour_to_snowflake.py
[2025-09-14T20:48:53.683+0000] {logging_mixin.py:188} INFO - [2025-09-14T20:48:53.682+0000] {dag.py:3096} INFO - Sync 1 DAGs
[2025-09-14T20:48:53.707+0000] {logging_mixin.py:188} INFO - [2025-09-14T20:48:53.707+0000] {dag.py:3954} INFO - Setting next_dagrun for load_hour_to_snowflake to None, run_after=None
[2025-09-14T20:48:53.747+0000] {processor.py:183} INFO - Processing /opt/airflow/dags/load_hour_to_snowflake.py took 0.208 seconds
[2025-09-14T20:49:23.933+0000] {processor.py:161} INFO - Started process (PID=663) to work on /opt/airflow/dags/load_hour_to_snowflake.py
[2025-09-14T20:49:23.934+0000] {processor.py:830} INFO - Processing file /opt/airflow/dags/load_hour_to_snowflake.py for tasks to queue
[2025-09-14T20:49:23.937+0000] {logging_mixin.py:188} INFO - [2025-09-14T20:49:23.936+0000] {dagbag.py:540} INFO - Filling up the DagBag from /opt/airflow/dags/load_hour_to_snowflake.py
[2025-09-14T20:49:23.957+0000] {processor.py:840} INFO - DAG(s) 'load_hour_to_snowflake' retrieved from /opt/airflow/dags/load_hour_to_snowflake.py
[2025-09-14T20:49:23.990+0000] {logging_mixin.py:188} INFO - [2025-09-14T20:49:23.990+0000] {dag.py:3096} INFO - Sync 1 DAGs
[2025-09-14T20:49:24.008+0000] {logging_mixin.py:188} INFO - [2025-09-14T20:49:24.008+0000] {dag.py:3954} INFO - Setting next_dagrun for load_hour_to_snowflake to None, run_after=None
[2025-09-14T20:49:24.029+0000] {processor.py:183} INFO - Processing /opt/airflow/dags/load_hour_to_snowflake.py took 0.102 seconds
[2025-09-14T20:49:54.717+0000] {processor.py:161} INFO - Started process (PID=702) to work on /opt/airflow/dags/load_hour_to_snowflake.py
[2025-09-14T20:49:54.719+0000] {processor.py:830} INFO - Processing file /opt/airflow/dags/load_hour_to_snowflake.py for tasks to queue
[2025-09-14T20:49:54.721+0000] {logging_mixin.py:188} INFO - [2025-09-14T20:49:54.720+0000] {dagbag.py:540} INFO - Filling up the DagBag from /opt/airflow/dags/load_hour_to_snowflake.py
[2025-09-14T20:49:54.742+0000] {processor.py:840} INFO - DAG(s) 'load_hour_to_snowflake' retrieved from /opt/airflow/dags/load_hour_to_snowflake.py
[2025-09-14T20:49:54.772+0000] {logging_mixin.py:188} INFO - [2025-09-14T20:49:54.771+0000] {dag.py:3096} INFO - Sync 1 DAGs
[2025-09-14T20:49:54.785+0000] {logging_mixin.py:188} INFO - [2025-09-14T20:49:54.785+0000] {dag.py:3954} INFO - Setting next_dagrun for load_hour_to_snowflake to None, run_after=None
[2025-09-14T20:49:54.810+0000] {processor.py:183} INFO - Processing /opt/airflow/dags/load_hour_to_snowflake.py took 0.099 seconds
[2025-09-14T20:50:25.046+0000] {processor.py:161} INFO - Started process (PID=737) to work on /opt/airflow/dags/load_hour_to_snowflake.py
[2025-09-14T20:50:25.047+0000] {processor.py:830} INFO - Processing file /opt/airflow/dags/load_hour_to_snowflake.py for tasks to queue
[2025-09-14T20:50:25.050+0000] {logging_mixin.py:188} INFO - [2025-09-14T20:50:25.050+0000] {dagbag.py:540} INFO - Filling up the DagBag from /opt/airflow/dags/load_hour_to_snowflake.py
[2025-09-14T20:50:25.072+0000] {processor.py:840} INFO - DAG(s) 'load_hour_to_snowflake' retrieved from /opt/airflow/dags/load_hour_to_snowflake.py
[2025-09-14T20:50:25.106+0000] {logging_mixin.py:188} INFO - [2025-09-14T20:50:25.106+0000] {dag.py:3096} INFO - Sync 1 DAGs
[2025-09-14T20:50:25.120+0000] {logging_mixin.py:188} INFO - [2025-09-14T20:50:25.120+0000] {dag.py:3954} INFO - Setting next_dagrun for load_hour_to_snowflake to None, run_after=None
[2025-09-14T20:50:25.144+0000] {processor.py:183} INFO - Processing /opt/airflow/dags/load_hour_to_snowflake.py took 0.107 seconds
[2025-09-14T20:50:55.585+0000] {processor.py:161} INFO - Started process (PID=772) to work on /opt/airflow/dags/load_hour_to_snowflake.py
[2025-09-14T20:50:55.586+0000] {processor.py:830} INFO - Processing file /opt/airflow/dags/load_hour_to_snowflake.py for tasks to queue
[2025-09-14T20:50:55.588+0000] {logging_mixin.py:188} INFO - [2025-09-14T20:50:55.588+0000] {dagbag.py:540} INFO - Filling up the DagBag from /opt/airflow/dags/load_hour_to_snowflake.py
[2025-09-14T20:50:55.606+0000] {processor.py:840} INFO - DAG(s) 'load_hour_to_snowflake' retrieved from /opt/airflow/dags/load_hour_to_snowflake.py
[2025-09-14T20:50:55.638+0000] {logging_mixin.py:188} INFO - [2025-09-14T20:50:55.638+0000] {dag.py:3096} INFO - Sync 1 DAGs
[2025-09-14T20:50:55.653+0000] {logging_mixin.py:188} INFO - [2025-09-14T20:50:55.652+0000] {dag.py:3954} INFO - Setting next_dagrun for load_hour_to_snowflake to None, run_after=None
[2025-09-14T20:50:55.674+0000] {processor.py:183} INFO - Processing /opt/airflow/dags/load_hour_to_snowflake.py took 0.095 seconds
[2025-09-14T20:51:25.984+0000] {processor.py:161} INFO - Started process (PID=807) to work on /opt/airflow/dags/load_hour_to_snowflake.py
[2025-09-14T20:51:25.985+0000] {processor.py:830} INFO - Processing file /opt/airflow/dags/load_hour_to_snowflake.py for tasks to queue
[2025-09-14T20:51:25.987+0000] {logging_mixin.py:188} INFO - [2025-09-14T20:51:25.987+0000] {dagbag.py:540} INFO - Filling up the DagBag from /opt/airflow/dags/load_hour_to_snowflake.py
[2025-09-14T20:51:26.005+0000] {processor.py:840} INFO - DAG(s) 'load_hour_to_snowflake' retrieved from /opt/airflow/dags/load_hour_to_snowflake.py
[2025-09-14T20:51:26.038+0000] {logging_mixin.py:188} INFO - [2025-09-14T20:51:26.038+0000] {dag.py:3096} INFO - Sync 1 DAGs
[2025-09-14T20:51:26.054+0000] {logging_mixin.py:188} INFO - [2025-09-14T20:51:26.054+0000] {dag.py:3954} INFO - Setting next_dagrun for load_hour_to_snowflake to None, run_after=None
[2025-09-14T20:51:26.074+0000] {processor.py:183} INFO - Processing /opt/airflow/dags/load_hour_to_snowflake.py took 0.096 seconds
[2025-09-14T20:51:56.473+0000] {processor.py:161} INFO - Started process (PID=842) to work on /opt/airflow/dags/load_hour_to_snowflake.py
[2025-09-14T20:51:56.474+0000] {processor.py:830} INFO - Processing file /opt/airflow/dags/load_hour_to_snowflake.py for tasks to queue
[2025-09-14T20:51:56.476+0000] {logging_mixin.py:188} INFO - [2025-09-14T20:51:56.476+0000] {dagbag.py:540} INFO - Filling up the DagBag from /opt/airflow/dags/load_hour_to_snowflake.py
[2025-09-14T20:51:56.492+0000] {processor.py:840} INFO - DAG(s) 'load_hour_to_snowflake' retrieved from /opt/airflow/dags/load_hour_to_snowflake.py
[2025-09-14T20:51:56.524+0000] {logging_mixin.py:188} INFO - [2025-09-14T20:51:56.524+0000] {dag.py:3096} INFO - Sync 1 DAGs
[2025-09-14T20:51:56.538+0000] {logging_mixin.py:188} INFO - [2025-09-14T20:51:56.538+0000] {dag.py:3954} INFO - Setting next_dagrun for load_hour_to_snowflake to None, run_after=None
[2025-09-14T20:51:56.561+0000] {processor.py:183} INFO - Processing /opt/airflow/dags/load_hour_to_snowflake.py took 0.093 seconds
[2025-09-14T20:52:26.965+0000] {processor.py:161} INFO - Started process (PID=877) to work on /opt/airflow/dags/load_hour_to_snowflake.py
[2025-09-14T20:52:26.971+0000] {processor.py:830} INFO - Processing file /opt/airflow/dags/load_hour_to_snowflake.py for tasks to queue
[2025-09-14T20:52:26.983+0000] {logging_mixin.py:188} INFO - [2025-09-14T20:52:26.981+0000] {dagbag.py:540} INFO - Filling up the DagBag from /opt/airflow/dags/load_hour_to_snowflake.py
[2025-09-14T20:52:27.068+0000] {processor.py:840} INFO - DAG(s) 'load_hour_to_snowflake' retrieved from /opt/airflow/dags/load_hour_to_snowflake.py
[2025-09-14T20:52:27.122+0000] {logging_mixin.py:188} INFO - [2025-09-14T20:52:27.122+0000] {dag.py:3096} INFO - Sync 1 DAGs
[2025-09-14T20:52:27.173+0000] {logging_mixin.py:188} INFO - [2025-09-14T20:52:27.173+0000] {dag.py:3954} INFO - Setting next_dagrun for load_hour_to_snowflake to None, run_after=None
[2025-09-14T20:52:27.201+0000] {processor.py:183} INFO - Processing /opt/airflow/dags/load_hour_to_snowflake.py took 0.264 seconds
[2025-09-14T20:52:57.765+0000] {processor.py:161} INFO - Started process (PID=912) to work on /opt/airflow/dags/load_hour_to_snowflake.py
[2025-09-14T20:52:57.766+0000] {processor.py:830} INFO - Processing file /opt/airflow/dags/load_hour_to_snowflake.py for tasks to queue
[2025-09-14T20:52:57.769+0000] {logging_mixin.py:188} INFO - [2025-09-14T20:52:57.769+0000] {dagbag.py:540} INFO - Filling up the DagBag from /opt/airflow/dags/load_hour_to_snowflake.py
[2025-09-14T20:52:57.791+0000] {processor.py:840} INFO - DAG(s) 'load_hour_to_snowflake' retrieved from /opt/airflow/dags/load_hour_to_snowflake.py
[2025-09-14T20:52:57.825+0000] {logging_mixin.py:188} INFO - [2025-09-14T20:52:57.825+0000] {dag.py:3096} INFO - Sync 1 DAGs
[2025-09-14T20:52:57.850+0000] {logging_mixin.py:188} INFO - [2025-09-14T20:52:57.850+0000] {dag.py:3954} INFO - Setting next_dagrun for load_hour_to_snowflake to None, run_after=None
[2025-09-14T20:52:57.902+0000] {processor.py:183} INFO - Processing /opt/airflow/dags/load_hour_to_snowflake.py took 0.143 seconds
[2025-09-14T20:53:28.352+0000] {processor.py:161} INFO - Started process (PID=947) to work on /opt/airflow/dags/load_hour_to_snowflake.py
[2025-09-14T20:53:28.354+0000] {processor.py:830} INFO - Processing file /opt/airflow/dags/load_hour_to_snowflake.py for tasks to queue
[2025-09-14T20:53:28.356+0000] {logging_mixin.py:188} INFO - [2025-09-14T20:53:28.356+0000] {dagbag.py:540} INFO - Filling up the DagBag from /opt/airflow/dags/load_hour_to_snowflake.py
[2025-09-14T20:53:28.372+0000] {processor.py:840} INFO - DAG(s) 'load_hour_to_snowflake' retrieved from /opt/airflow/dags/load_hour_to_snowflake.py
[2025-09-14T20:53:28.399+0000] {logging_mixin.py:188} INFO - [2025-09-14T20:53:28.398+0000] {dag.py:3096} INFO - Sync 1 DAGs
[2025-09-14T20:53:28.411+0000] {logging_mixin.py:188} INFO - [2025-09-14T20:53:28.411+0000] {dag.py:3954} INFO - Setting next_dagrun for load_hour_to_snowflake to None, run_after=None
[2025-09-14T20:53:28.432+0000] {processor.py:183} INFO - Processing /opt/airflow/dags/load_hour_to_snowflake.py took 0.086 seconds
[2025-09-14T20:53:58.800+0000] {processor.py:161} INFO - Started process (PID=982) to work on /opt/airflow/dags/load_hour_to_snowflake.py
[2025-09-14T20:53:58.801+0000] {processor.py:830} INFO - Processing file /opt/airflow/dags/load_hour_to_snowflake.py for tasks to queue
[2025-09-14T20:53:58.803+0000] {logging_mixin.py:188} INFO - [2025-09-14T20:53:58.802+0000] {dagbag.py:540} INFO - Filling up the DagBag from /opt/airflow/dags/load_hour_to_snowflake.py
[2025-09-14T20:53:58.819+0000] {processor.py:840} INFO - DAG(s) 'load_hour_to_snowflake' retrieved from /opt/airflow/dags/load_hour_to_snowflake.py
[2025-09-14T20:53:58.859+0000] {logging_mixin.py:188} INFO - [2025-09-14T20:53:58.858+0000] {dag.py:3096} INFO - Sync 1 DAGs
[2025-09-14T20:53:58.873+0000] {logging_mixin.py:188} INFO - [2025-09-14T20:53:58.873+0000] {dag.py:3954} INFO - Setting next_dagrun for load_hour_to_snowflake to None, run_after=None
[2025-09-14T20:53:58.893+0000] {processor.py:183} INFO - Processing /opt/airflow/dags/load_hour_to_snowflake.py took 0.099 seconds
[2025-09-14T20:54:29.326+0000] {processor.py:161} INFO - Started process (PID=1017) to work on /opt/airflow/dags/load_hour_to_snowflake.py
[2025-09-14T20:54:29.327+0000] {processor.py:830} INFO - Processing file /opt/airflow/dags/load_hour_to_snowflake.py for tasks to queue
[2025-09-14T20:54:29.329+0000] {logging_mixin.py:188} INFO - [2025-09-14T20:54:29.328+0000] {dagbag.py:540} INFO - Filling up the DagBag from /opt/airflow/dags/load_hour_to_snowflake.py
[2025-09-14T20:54:29.352+0000] {processor.py:840} INFO - DAG(s) 'load_hour_to_snowflake' retrieved from /opt/airflow/dags/load_hour_to_snowflake.py
[2025-09-14T20:54:29.418+0000] {logging_mixin.py:188} INFO - [2025-09-14T20:54:29.418+0000] {dag.py:3096} INFO - Sync 1 DAGs
[2025-09-14T20:54:29.441+0000] {logging_mixin.py:188} INFO - [2025-09-14T20:54:29.440+0000] {dag.py:3954} INFO - Setting next_dagrun for load_hour_to_snowflake to None, run_after=None
[2025-09-14T20:54:29.463+0000] {processor.py:183} INFO - Processing /opt/airflow/dags/load_hour_to_snowflake.py took 0.148 seconds
[2025-09-14T20:54:59.845+0000] {processor.py:161} INFO - Started process (PID=1052) to work on /opt/airflow/dags/load_hour_to_snowflake.py
[2025-09-14T20:54:59.845+0000] {processor.py:830} INFO - Processing file /opt/airflow/dags/load_hour_to_snowflake.py for tasks to queue
[2025-09-14T20:54:59.847+0000] {logging_mixin.py:188} INFO - [2025-09-14T20:54:59.847+0000] {dagbag.py:540} INFO - Filling up the DagBag from /opt/airflow/dags/load_hour_to_snowflake.py
[2025-09-14T20:54:59.863+0000] {processor.py:840} INFO - DAG(s) 'load_hour_to_snowflake' retrieved from /opt/airflow/dags/load_hour_to_snowflake.py
[2025-09-14T20:54:59.893+0000] {logging_mixin.py:188} INFO - [2025-09-14T20:54:59.893+0000] {dag.py:3096} INFO - Sync 1 DAGs
[2025-09-14T20:54:59.905+0000] {logging_mixin.py:188} INFO - [2025-09-14T20:54:59.905+0000] {dag.py:3954} INFO - Setting next_dagrun for load_hour_to_snowflake to None, run_after=None
[2025-09-14T20:54:59.942+0000] {processor.py:183} INFO - Processing /opt/airflow/dags/load_hour_to_snowflake.py took 0.103 seconds
[2025-09-14T20:55:30.440+0000] {processor.py:161} INFO - Started process (PID=1087) to work on /opt/airflow/dags/load_hour_to_snowflake.py
[2025-09-14T20:55:30.441+0000] {processor.py:830} INFO - Processing file /opt/airflow/dags/load_hour_to_snowflake.py for tasks to queue
[2025-09-14T20:55:30.443+0000] {logging_mixin.py:188} INFO - [2025-09-14T20:55:30.443+0000] {dagbag.py:540} INFO - Filling up the DagBag from /opt/airflow/dags/load_hour_to_snowflake.py
[2025-09-14T20:55:30.461+0000] {processor.py:840} INFO - DAG(s) 'load_hour_to_snowflake' retrieved from /opt/airflow/dags/load_hour_to_snowflake.py
[2025-09-14T20:55:30.489+0000] {logging_mixin.py:188} INFO - [2025-09-14T20:55:30.488+0000] {dag.py:3096} INFO - Sync 1 DAGs
[2025-09-14T20:55:30.503+0000] {logging_mixin.py:188} INFO - [2025-09-14T20:55:30.503+0000] {dag.py:3954} INFO - Setting next_dagrun for load_hour_to_snowflake to None, run_after=None
[2025-09-14T20:55:30.525+0000] {processor.py:183} INFO - Processing /opt/airflow/dags/load_hour_to_snowflake.py took 0.091 seconds
[2025-09-14T20:56:01.041+0000] {processor.py:161} INFO - Started process (PID=1122) to work on /opt/airflow/dags/load_hour_to_snowflake.py
[2025-09-14T20:56:01.042+0000] {processor.py:830} INFO - Processing file /opt/airflow/dags/load_hour_to_snowflake.py for tasks to queue
[2025-09-14T20:56:01.043+0000] {logging_mixin.py:188} INFO - [2025-09-14T20:56:01.043+0000] {dagbag.py:540} INFO - Filling up the DagBag from /opt/airflow/dags/load_hour_to_snowflake.py
[2025-09-14T20:56:01.059+0000] {processor.py:840} INFO - DAG(s) 'load_hour_to_snowflake' retrieved from /opt/airflow/dags/load_hour_to_snowflake.py
[2025-09-14T20:56:01.086+0000] {logging_mixin.py:188} INFO - [2025-09-14T20:56:01.086+0000] {dag.py:3096} INFO - Sync 1 DAGs
[2025-09-14T20:56:01.097+0000] {logging_mixin.py:188} INFO - [2025-09-14T20:56:01.097+0000] {dag.py:3954} INFO - Setting next_dagrun for load_hour_to_snowflake to None, run_after=None
[2025-09-14T20:56:01.119+0000] {processor.py:183} INFO - Processing /opt/airflow/dags/load_hour_to_snowflake.py took 0.084 seconds
[2025-09-14T20:56:31.542+0000] {processor.py:161} INFO - Started process (PID=1157) to work on /opt/airflow/dags/load_hour_to_snowflake.py
[2025-09-14T20:56:31.543+0000] {processor.py:830} INFO - Processing file /opt/airflow/dags/load_hour_to_snowflake.py for tasks to queue
[2025-09-14T20:56:31.544+0000] {logging_mixin.py:188} INFO - [2025-09-14T20:56:31.544+0000] {dagbag.py:540} INFO - Filling up the DagBag from /opt/airflow/dags/load_hour_to_snowflake.py
[2025-09-14T20:56:31.560+0000] {processor.py:840} INFO - DAG(s) 'load_hour_to_snowflake' retrieved from /opt/airflow/dags/load_hour_to_snowflake.py
[2025-09-14T20:56:31.589+0000] {logging_mixin.py:188} INFO - [2025-09-14T20:56:31.588+0000] {dag.py:3096} INFO - Sync 1 DAGs
[2025-09-14T20:56:31.601+0000] {logging_mixin.py:188} INFO - [2025-09-14T20:56:31.601+0000] {dag.py:3954} INFO - Setting next_dagrun for load_hour_to_snowflake to None, run_after=None
[2025-09-14T20:56:31.622+0000] {processor.py:183} INFO - Processing /opt/airflow/dags/load_hour_to_snowflake.py took 0.085 seconds
[2025-09-14T20:57:02.002+0000] {processor.py:161} INFO - Started process (PID=1192) to work on /opt/airflow/dags/load_hour_to_snowflake.py
[2025-09-14T20:57:02.003+0000] {processor.py:830} INFO - Processing file /opt/airflow/dags/load_hour_to_snowflake.py for tasks to queue
[2025-09-14T20:57:02.005+0000] {logging_mixin.py:188} INFO - [2025-09-14T20:57:02.004+0000] {dagbag.py:540} INFO - Filling up the DagBag from /opt/airflow/dags/load_hour_to_snowflake.py
[2025-09-14T20:57:02.020+0000] {processor.py:840} INFO - DAG(s) 'load_hour_to_snowflake' retrieved from /opt/airflow/dags/load_hour_to_snowflake.py
[2025-09-14T20:57:02.047+0000] {logging_mixin.py:188} INFO - [2025-09-14T20:57:02.047+0000] {dag.py:3096} INFO - Sync 1 DAGs
[2025-09-14T20:57:02.059+0000] {logging_mixin.py:188} INFO - [2025-09-14T20:57:02.059+0000] {dag.py:3954} INFO - Setting next_dagrun for load_hour_to_snowflake to None, run_after=None
[2025-09-14T20:57:02.078+0000] {processor.py:183} INFO - Processing /opt/airflow/dags/load_hour_to_snowflake.py took 0.081 seconds
[2025-09-14T20:57:32.563+0000] {processor.py:161} INFO - Started process (PID=1227) to work on /opt/airflow/dags/load_hour_to_snowflake.py
[2025-09-14T20:57:32.564+0000] {processor.py:830} INFO - Processing file /opt/airflow/dags/load_hour_to_snowflake.py for tasks to queue
[2025-09-14T20:57:32.566+0000] {logging_mixin.py:188} INFO - [2025-09-14T20:57:32.565+0000] {dagbag.py:540} INFO - Filling up the DagBag from /opt/airflow/dags/load_hour_to_snowflake.py
[2025-09-14T20:57:32.583+0000] {processor.py:840} INFO - DAG(s) 'load_hour_to_snowflake' retrieved from /opt/airflow/dags/load_hour_to_snowflake.py
[2025-09-14T20:57:32.613+0000] {logging_mixin.py:188} INFO - [2025-09-14T20:57:32.612+0000] {dag.py:3096} INFO - Sync 1 DAGs
[2025-09-14T20:57:32.626+0000] {logging_mixin.py:188} INFO - [2025-09-14T20:57:32.626+0000] {dag.py:3954} INFO - Setting next_dagrun for load_hour_to_snowflake to None, run_after=None
[2025-09-14T20:57:32.649+0000] {processor.py:183} INFO - Processing /opt/airflow/dags/load_hour_to_snowflake.py took 0.092 seconds
[2025-09-14T20:58:03.210+0000] {processor.py:161} INFO - Started process (PID=1262) to work on /opt/airflow/dags/load_hour_to_snowflake.py
[2025-09-14T20:58:03.211+0000] {processor.py:830} INFO - Processing file /opt/airflow/dags/load_hour_to_snowflake.py for tasks to queue
[2025-09-14T20:58:03.213+0000] {logging_mixin.py:188} INFO - [2025-09-14T20:58:03.213+0000] {dagbag.py:540} INFO - Filling up the DagBag from /opt/airflow/dags/load_hour_to_snowflake.py
[2025-09-14T20:58:03.228+0000] {processor.py:840} INFO - DAG(s) 'load_hour_to_snowflake' retrieved from /opt/airflow/dags/load_hour_to_snowflake.py
[2025-09-14T20:58:03.255+0000] {logging_mixin.py:188} INFO - [2025-09-14T20:58:03.254+0000] {dag.py:3096} INFO - Sync 1 DAGs
[2025-09-14T20:58:03.268+0000] {logging_mixin.py:188} INFO - [2025-09-14T20:58:03.268+0000] {dag.py:3954} INFO - Setting next_dagrun for load_hour_to_snowflake to None, run_after=None
[2025-09-14T20:58:03.290+0000] {processor.py:183} INFO - Processing /opt/airflow/dags/load_hour_to_snowflake.py took 0.085 seconds
[2025-09-14T20:58:33.743+0000] {processor.py:161} INFO - Started process (PID=1297) to work on /opt/airflow/dags/load_hour_to_snowflake.py
[2025-09-14T20:58:33.744+0000] {processor.py:830} INFO - Processing file /opt/airflow/dags/load_hour_to_snowflake.py for tasks to queue
[2025-09-14T20:58:33.747+0000] {logging_mixin.py:188} INFO - [2025-09-14T20:58:33.746+0000] {dagbag.py:540} INFO - Filling up the DagBag from /opt/airflow/dags/load_hour_to_snowflake.py
[2025-09-14T20:58:33.790+0000] {processor.py:840} INFO - DAG(s) 'load_hour_to_snowflake' retrieved from /opt/airflow/dags/load_hour_to_snowflake.py
[2025-09-14T20:58:33.869+0000] {logging_mixin.py:188} INFO - [2025-09-14T20:58:33.869+0000] {dag.py:3096} INFO - Sync 1 DAGs
[2025-09-14T20:58:33.906+0000] {logging_mixin.py:188} INFO - [2025-09-14T20:58:33.906+0000] {dag.py:3954} INFO - Setting next_dagrun for load_hour_to_snowflake to None, run_after=None
[2025-09-14T20:58:33.943+0000] {processor.py:183} INFO - Processing /opt/airflow/dags/load_hour_to_snowflake.py took 0.205 seconds
