[2025-09-14T20:49:51.898+0000] {local_task_job_runner.py:120} INFO - ::group::Pre task execution logs
[2025-09-14T20:49:51.944+0000] {taskinstance.py:2073} INFO - Dependencies all met for dep_context=non-requeueable deps ti=<TaskInstance: load_day_to_snowflake.load_day_data manual__2025-09-14T20:49:40.303206+00:00 [queued]>
[2025-09-14T20:49:51.953+0000] {taskinstance.py:2073} INFO - Dependencies all met for dep_context=requeueable deps ti=<TaskInstance: load_day_to_snowflake.load_day_data manual__2025-09-14T20:49:40.303206+00:00 [queued]>
[2025-09-14T20:49:51.954+0000] {taskinstance.py:2303} INFO - Starting attempt 1 of 1
[2025-09-14T20:49:51.969+0000] {taskinstance.py:2327} INFO - Executing <Task(SnowflakeOperator): load_day_data> on 2025-09-14 20:49:40.303206+00:00
[2025-09-14T20:49:51.978+0000] {logging_mixin.py:188} WARNING - /home/***/.local/lib/python3.12/site-packages/***/task/task_runner/standard_task_runner.py:61 DeprecationWarning: This process (pid=693) is multi-threaded, use of fork() may lead to deadlocks in the child.
[2025-09-14T20:49:51.979+0000] {standard_task_runner.py:63} INFO - Started process 701 to run task
[2025-09-14T20:49:51.978+0000] {standard_task_runner.py:90} INFO - Running: ['***', 'tasks', 'run', 'load_day_to_snowflake', 'load_day_data', 'manual__2025-09-14T20:49:40.303206+00:00', '--job-id', '5', '--raw', '--subdir', 'DAGS_FOLDER/load_day_to_snowflake.py', '--cfg-path', '/tmp/tmp9wcg1x4b']
[2025-09-14T20:49:51.980+0000] {standard_task_runner.py:91} INFO - Job 5: Subtask load_day_data
[2025-09-14T20:49:51.998+0000] {logging_mixin.py:188} WARNING - /home/***/.local/lib/python3.12/site-packages/***/settings.py:195 DeprecationWarning: The sql_alchemy_conn option in [core] has been moved to the sql_alchemy_conn option in [database] - the old setting has been used, but please update your config.
[2025-09-14T20:49:52.092+0000] {task_command.py:426} INFO - Running <TaskInstance: load_day_to_snowflake.load_day_data manual__2025-09-14T20:49:40.303206+00:00 [running]> on host a8f1cc65ca9c
[2025-09-14T20:49:52.306+0000] {taskinstance.py:2644} INFO - Exporting env vars: AIRFLOW_CTX_DAG_OWNER='datnguyen' AIRFLOW_CTX_DAG_ID='load_day_to_snowflake' AIRFLOW_CTX_TASK_ID='load_day_data' AIRFLOW_CTX_EXECUTION_DATE='2025-09-14T20:49:40.303206+00:00' AIRFLOW_CTX_TRY_NUMBER='1' AIRFLOW_CTX_DAG_RUN_ID='manual__2025-09-14T20:49:40.303206+00:00'
[2025-09-14T20:49:52.314+0000] {taskinstance.py:430} INFO - ::endgroup::
[2025-09-14T20:49:52.381+0000] {sql.py:276} INFO - Executing: 
        COPY INTO FACT_BIKE_RENTALS_DAY (
        DATE_KEY, SEASON_KEY, WEATHER_KEY, HOLIDAY_FLAG, WORKINGDAY_FLAG,
        TEMPERATURE, FEELING_TEMP, HUMIDITY, WINDSPEED,
        CASUAL, REGISTERED, TOTAL_COUNT
    )
    FROM @bike_stage/day_clean.csv
    FILE_FORMAT = (TYPE=CSV SKIP_HEADER=1 FIELD_OPTIONALLY_ENCLOSED_BY='"' 
                ERROR_ON_COLUMN_COUNT_MISMATCH=FALSE)
    ON_ERROR = 'CONTINUE';
    
[2025-09-14T20:49:52.404+0000] {taskinstance.py:441} INFO - ::group::Post task execution logs
[2025-09-14T20:49:52.416+0000] {taskinstance.py:2890} ERROR - Task failed with exception
Traceback (most recent call last):
  File "/home/airflow/.local/lib/python3.12/site-packages/airflow/models/taskinstance.py", line 465, in _execute_task
    result = _execute_callable(context=context, **execute_callable_kwargs)
             ^^^^^^^^^^^^^^^^^^^^^^^^^^^^^^^^^^^^^^^^^^^^^^^^^^^^^^^^^^^^^
  File "/home/airflow/.local/lib/python3.12/site-packages/airflow/models/taskinstance.py", line 432, in _execute_callable
    return execute_callable(context=context, **execute_callable_kwargs)
           ^^^^^^^^^^^^^^^^^^^^^^^^^^^^^^^^^^^^^^^^^^^^^^^^^^^^^^^^^^^^
  File "/home/airflow/.local/lib/python3.12/site-packages/airflow/models/baseoperator.py", line 400, in wrapper
    return func(self, *args, **kwargs)
           ^^^^^^^^^^^^^^^^^^^^^^^^^^^
  File "/home/airflow/.local/lib/python3.12/site-packages/airflow/providers/common/sql/operators/sql.py", line 277, in execute
    hook = self.get_db_hook()
           ^^^^^^^^^^^^^^^^^^
  File "/home/airflow/.local/lib/python3.12/site-packages/airflow/providers/common/sql/operators/sql.py", line 188, in get_db_hook
    return self._hook
           ^^^^^^^^^^
  File "/usr/local/lib/python3.12/functools.py", line 995, in __get__
    val = self.func(instance)
          ^^^^^^^^^^^^^^^^^^^
  File "/home/airflow/.local/lib/python3.12/site-packages/airflow/providers/common/sql/operators/sql.py", line 150, in _hook
    conn = BaseHook.get_connection(conn_id)
           ^^^^^^^^^^^^^^^^^^^^^^^^^^^^^^^^
  File "/home/airflow/.local/lib/python3.12/site-packages/airflow/hooks/base.py", line 83, in get_connection
    conn = Connection.get_connection_from_secrets(conn_id)
           ^^^^^^^^^^^^^^^^^^^^^^^^^^^^^^^^^^^^^^^^^^^^^^^
  File "/home/airflow/.local/lib/python3.12/site-packages/airflow/models/connection.py", line 519, in get_connection_from_secrets
    raise AirflowNotFoundException(f"The conn_id `{conn_id}` isn't defined")
airflow.exceptions.AirflowNotFoundException: The conn_id `my_snowflake_conn` isn't defined
[2025-09-14T20:49:52.427+0000] {taskinstance.py:1205} INFO - Marking task as FAILED. dag_id=load_day_to_snowflake, task_id=load_day_data, execution_date=20250914T204940, start_date=20250914T204951, end_date=20250914T204952
[2025-09-14T20:49:52.441+0000] {standard_task_runner.py:110} ERROR - Failed to execute job 5 for task load_day_data (The conn_id `my_snowflake_conn` isn't defined; 701)
[2025-09-14T20:49:52.475+0000] {local_task_job_runner.py:240} INFO - Task exited with return code 1
[2025-09-14T20:49:52.496+0000] {taskinstance.py:3482} INFO - 0 downstream tasks scheduled from follow-on schedule check
[2025-09-14T20:49:52.499+0000] {local_task_job_runner.py:222} INFO - ::endgroup::
