[2025-09-15T09:18:00.900+0000] {local_task_job_runner.py:120} INFO - ::group::Pre task execution logs
[2025-09-15T09:18:00.930+0000] {taskinstance.py:2073} INFO - Dependencies all met for dep_context=non-requeueable deps ti=<TaskInstance: load_day_to_snowflake.load_day_data manual__2025-09-15T09:17:57.645398+00:00 [queued]>
[2025-09-15T09:18:00.936+0000] {taskinstance.py:2073} INFO - Dependencies all met for dep_context=requeueable deps ti=<TaskInstance: load_day_to_snowflake.load_day_data manual__2025-09-15T09:17:57.645398+00:00 [queued]>
[2025-09-15T09:18:00.937+0000] {taskinstance.py:2303} INFO - Starting attempt 1 of 1
[2025-09-15T09:18:00.949+0000] {taskinstance.py:2327} INFO - Executing <Task(SnowflakeOperator): load_day_data> on 2025-09-15 09:17:57.645398+00:00
[2025-09-15T09:18:00.959+0000] {logging_mixin.py:188} WARNING - /home/***/.local/lib/python3.12/site-packages/***/task/task_runner/standard_task_runner.py:61 DeprecationWarning: This process (pid=275) is multi-threaded, use of fork() may lead to deadlocks in the child.
[2025-09-15T09:18:00.960+0000] {standard_task_runner.py:63} INFO - Started process 278 to run task
[2025-09-15T09:18:00.958+0000] {standard_task_runner.py:90} INFO - Running: ['***', 'tasks', 'run', 'load_day_to_snowflake', 'load_day_data', 'manual__2025-09-15T09:17:57.645398+00:00', '--job-id', '23', '--raw', '--subdir', 'DAGS_FOLDER/load_day_to_snowflake.py', '--cfg-path', '/tmp/tmpkg_qgrj2']
[2025-09-15T09:18:00.961+0000] {standard_task_runner.py:91} INFO - Job 23: Subtask load_day_data
[2025-09-15T09:18:00.982+0000] {logging_mixin.py:188} WARNING - /home/***/.local/lib/python3.12/site-packages/***/settings.py:195 DeprecationWarning: The sql_alchemy_conn option in [core] has been moved to the sql_alchemy_conn option in [database] - the old setting has been used, but please update your config.
[2025-09-15T09:18:01.135+0000] {task_command.py:426} INFO - Running <TaskInstance: load_day_to_snowflake.load_day_data manual__2025-09-15T09:17:57.645398+00:00 [running]> on host a8f1cc65ca9c
[2025-09-15T09:18:01.409+0000] {taskinstance.py:2644} INFO - Exporting env vars: AIRFLOW_CTX_DAG_OWNER='datnguyen' AIRFLOW_CTX_DAG_ID='load_day_to_snowflake' AIRFLOW_CTX_TASK_ID='load_day_data' AIRFLOW_CTX_EXECUTION_DATE='2025-09-15T09:17:57.645398+00:00' AIRFLOW_CTX_TRY_NUMBER='1' AIRFLOW_CTX_DAG_RUN_ID='manual__2025-09-15T09:17:57.645398+00:00'
[2025-09-15T09:18:01.411+0000] {taskinstance.py:430} INFO - ::endgroup::
[2025-09-15T09:18:01.477+0000] {sql.py:276} INFO - Executing: 
        COPY INTO FACT_BIKE_RENTALS_DAY (
        DATE_KEY, SEASON_KEY, WEATHER_KEY, HOLIDAY_FLAG, WORKINGDAY_FLAG,
        TEMPERATURE, FEELING_TEMP, HUMIDITY, WINDSPEED,
        CASUAL_COUNT, REGISTERED_COUNT, TOTAL_COUNT
    )
    FROM @bike_stage/day_clean.csv
    FILE_FORMAT = (TYPE=CSV SKIP_HEADER=1 FIELD_OPTIONALLY_ENCLOSED_BY='"' 
                ERROR_ON_COLUMN_COUNT_MISMATCH=FALSE)
    ON_ERROR = 'CONTINUE';
    
[2025-09-15T09:18:01.522+0000] {base.py:84} INFO - Using connection ID 'my_snowflake_conn' for task execution.
[2025-09-15T09:18:01.535+0000] {base.py:84} INFO - Using connection ID 'my_snowflake_conn' for task execution.
[2025-09-15T09:18:01.536+0000] {connection.py:386} INFO - Snowflake Connector for Python Version: 3.7.1, Python Version: 3.12.2, Platform: Linux-6.6.87.2-microsoft-standard-WSL2-x86_64-with-glibc2.36
[2025-09-15T09:18:01.537+0000] {connection.py:1211} INFO - This connection is in OCSP Fail Open Mode. TLS Certificates would be checked for validity and revocation status. Any other Certificate Revocation related exceptions or OCSP Responder failures would be disregarded in favor of connectivity.
[2025-09-15T09:18:02.299+0000] {cursor.py:1032} INFO - query: [ALTER SESSION SET autocommit=False]
[2025-09-15T09:18:02.398+0000] {cursor.py:1045} INFO - query execution done
[2025-09-15T09:18:02.399+0000] {cursor.py:1205} INFO - Number of results in first chunk: 1
[2025-09-15T09:18:02.400+0000] {sql.py:457} INFO - Running statement: COPY INTO FACT_BIKE_RENTALS_DAY (
        DATE_KEY, SEASON_KEY, WEATHER_KEY, HOLIDAY_FLAG, WORKINGDAY_FLAG,
        TEMPERATURE, FEELING_TEMP, HUMIDITY, WINDSPEED,
        CASUAL_COUNT, REGISTERED_COUNT, TOTAL_COUNT
    )
    FROM @bike_stage/day_clean.csv
    FILE_FORMAT = (TYPE=CSV SKIP_HEADER=1 FIELD_OPTIONALLY_ENCLOSED_BY='"' 
                ERROR_ON_COLUMN_COUNT_MISMATCH=FALSE)
    ON_ERROR = 'CONTINUE';, parameters: None
[2025-09-15T09:18:02.401+0000] {cursor.py:1032} INFO - query: [COPY INTO FACT_BIKE_RENTALS_DAY ( DATE_KEY, SEASON_KEY, WEATHER_KEY, HOLIDAY_FLA...]
[2025-09-15T09:18:02.828+0000] {cursor.py:1045} INFO - query execution done
[2025-09-15T09:18:02.865+0000] {connection.py:734} INFO - closed
[2025-09-15T09:18:02.923+0000] {connection.py:740} INFO - No async queries seem to be running, deleting session
[2025-09-15T09:18:02.981+0000] {taskinstance.py:441} INFO - ::group::Post task execution logs
[2025-09-15T09:18:02.982+0000] {taskinstance.py:2890} ERROR - Task failed with exception
Traceback (most recent call last):
  File "/home/airflow/.local/lib/python3.12/site-packages/airflow/models/taskinstance.py", line 465, in _execute_task
    result = _execute_callable(context=context, **execute_callable_kwargs)
             ^^^^^^^^^^^^^^^^^^^^^^^^^^^^^^^^^^^^^^^^^^^^^^^^^^^^^^^^^^^^^
  File "/home/airflow/.local/lib/python3.12/site-packages/airflow/models/taskinstance.py", line 432, in _execute_callable
    return execute_callable(context=context, **execute_callable_kwargs)
           ^^^^^^^^^^^^^^^^^^^^^^^^^^^^^^^^^^^^^^^^^^^^^^^^^^^^^^^^^^^^
  File "/home/airflow/.local/lib/python3.12/site-packages/airflow/models/baseoperator.py", line 400, in wrapper
    return func(self, *args, **kwargs)
           ^^^^^^^^^^^^^^^^^^^^^^^^^^^
  File "/home/airflow/.local/lib/python3.12/site-packages/airflow/providers/common/sql/operators/sql.py", line 282, in execute
    output = hook.run(
             ^^^^^^^^^
  File "/home/airflow/.local/lib/python3.12/site-packages/airflow/providers/snowflake/hooks/snowflake.py", line 390, in run
    self._run_command(cur, sql_statement, parameters)  # type: ignore[attr-defined]
    ^^^^^^^^^^^^^^^^^^^^^^^^^^^^^^^^^^^^^^^^^^^^^^^^^
  File "/home/airflow/.local/lib/python3.12/site-packages/airflow/providers/common/sql/hooks/sql.py", line 462, in _run_command
    cur.execute(sql_statement)
  File "/home/airflow/.local/lib/python3.12/site-packages/snowflake/connector/cursor.py", line 1136, in execute
    Error.errorhandler_wrapper(self.connection, self, error_class, errvalue)
  File "/home/airflow/.local/lib/python3.12/site-packages/snowflake/connector/errors.py", line 290, in errorhandler_wrapper
    handed_over = Error.hand_to_other_handler(
                  ^^^^^^^^^^^^^^^^^^^^^^^^^^^^
  File "/home/airflow/.local/lib/python3.12/site-packages/snowflake/connector/errors.py", line 345, in hand_to_other_handler
    cursor.errorhandler(connection, cursor, error_class, error_value)
  File "/home/airflow/.local/lib/python3.12/site-packages/snowflake/connector/errors.py", line 221, in default_errorhandler
    raise error_class(
snowflake.connector.errors.ProgrammingError: 000606 (57P03): 01bf106e-3201-edf5-0000-000fff0e3bb9: No active warehouse selected in the current session.  Select an active warehouse with the 'use warehouse' command.

[2025-09-15T09:18:03.001+0000] {taskinstance.py:1205} INFO - Marking task as FAILED. dag_id=load_day_to_snowflake, task_id=load_day_data, execution_date=20250915T091757, start_date=20250915T091800, end_date=20250915T091802
[2025-09-15T09:18:03.035+0000] {standard_task_runner.py:110} ERROR - Failed to execute job 23 for task load_day_data (000606 (57P03): 01bf106e-3201-edf5-0000-000fff0e3bb9: No active warehouse selected in the current session.  Select an active warehouse with the 'use warehouse' command.
; 278)
[2025-09-15T09:18:03.094+0000] {local_task_job_runner.py:240} INFO - Task exited with return code 1
[2025-09-15T09:18:03.111+0000] {taskinstance.py:3482} INFO - 0 downstream tasks scheduled from follow-on schedule check
[2025-09-15T09:18:03.114+0000] {local_task_job_runner.py:222} INFO - ::endgroup::
